BNO055.c:8:6:_uDelay	16	static
BNO055.c:28:6:bno055_write8	24	static
BNO055.c:41:9:bno055_read8	40	static
BNO055.c:14:9:bno_test	16	static
BNO055.c:60:10:bno055_read16	32	static
BNO055.c:79:6:bno055_setOpMode	8	static
BNO055.c:85:6:bno055_setPwrMode	8	static
BNO055.c:91:7:bno055_init	16	static
BNO055.c:124:7:bno055_getEulerYaw	8	static
BNO055.c:132:7:bno055_getEulerPitch	8	static
BNO055.c:139:7:bno055_getEulerRoll	8	static
BNO055.c:146:7:bno055_getGyroX	8	static
BNO055.c:150:7:bno055_getGyroY	8	static
BNO055.c:154:7:bno055_getGyroZ	8	static
BNO055.c:158:7:bno055_getLinAccelX	8	static
BNO055.c:162:7:bno055_getLinAccelY	8	static
BNO055.c:166:7:bno055_getLinAccelZ	8	static
BNO055.c:170:7:bno055_getTemp	8	static
