motionSystem.c:15:6:MOTION_Init	32	static
motionSystem.c:56:6:MOTION_Update	16	static
motionSystem.c:80:6:MOTION_UpdateList	8	static
motionSystem.c:120:6:MOTION_ProcessedInstraction	48	static
motionSystem.c:146:14:MOTION_SinusoidalVel	32	static
motionSystem.c:162:6:MOTION_StepVelocity	48	static
motionSystem.c:271:6:MOTION_ChcekForNewInstraction	24	static
motionSystem.c:315:9:MOTION_NewInstraction	16	static
motionSystem.c:335:6:MOTION_resetList	16	static
motionSystem.c:349:16:MOTION_GetNextInstrID	24	static
motionSystem.c:376:6:MOTION_MoveInstrId	8	static
motionSystem.c:403:20:MOTION_GetNextInstruction	24	static
motionSystem.c:408:6:MOTION_SetVelocity	24	static
motionSystem.c:445:6:MOTION_inPlaceRotation	48	static
