motionSystem.c:15:6:MOTION_Init	32	static
motionSystem.c:55:6:MOTION_Update	16	static
motionSystem.c:79:6:MOTION_UpdateList	8	static
motionSystem.c:119:6:MOTION_ProcessedInstraction	24	static
motionSystem.c:137:14:MOTION_SinusoidalVel	32	static
motionSystem.c:151:6:MOTION_StepVelocity	48	static
motionSystem.c:236:6:MOTION_ChcekForNewInstraction	24	static
motionSystem.c:280:9:MOTION_NewInstraction	16	static
motionSystem.c:300:6:MOTION_resetList	16	static
motionSystem.c:358:16:MOTION_GetNextInstrID	24	static
motionSystem.c:385:6:MOTION_MoveInstrId	8	static
motionSystem.c:412:20:MOTION_GetNextInstruction	24	static
motionSystem.c:417:6:MOTION_SetVelocity	24	static
motionSystem.c:452:6:MOTION_inPlaceRotation	48	static
