mouse.c:156:9:MOUSE_UpdateAbsoluOrientation	0	static
mouse.c:181:9:MOUSE_ChcekForNewComand	8	static
mouse.c:254:9:MOUSE_FindCornerInRotation	8	static
mouse.c:286:6:MOUSE_PrepareToStart	8	static
mouse.c:84:9:MOUSE_SpeedRun	16	static
mouse.c:122:9:MOUSE_ReturnToStart	16	static
mouse.c:333:6:MOUSE_CorrectionDiagonal	0	static
mouse.c:337:6:MOUSE_CorrectionForward	16	static
mouse.c:358:6:MOUSE_CorrectionRotation	0	static
mouse.c:362:9:MOUSE_isMouseInMiddleOfCell	0	static
mouse.c:370:9:MOUSE_LookForWalls	4	static
mouse.c:405:6:MOUSE_WriteWallsToMaze	8	static
mouse.c:411:9:MOUSE_WriteWalls	0	static
mouse.c:14:9:MOUSE_SearchRun	16	static
