sensors.c:39:6:SENSORS_Init	8	static
sensors.c:70:9:SENSORS_test_i2c	24	static
sensors.c:78:6:SENSORS_Update	8	static
sensors.c:97:6:SENSORS_EncoderUpdateValues	40	static
sensors.c:124:6:SENSORS_vectorsCalc	72	static
sensors.c:183:6:SENSORS_GyroUpdateValues	16	static
sensors.c:198:6:SENSORS_AdcUpdateValues	64	static
sensors.c:287:9:SENSORS_irVal2dist	208	static
sensors.c:336:6:SENSORS_irRead	16	static
sensors.c:347:6:SENSORS_AdcCallback	16	static
sensors.c:359:6:SENSORS_EncoderTimCallback	24	static
sensors.c:384:6:SENSOR_FilterAdd	16	static
sensors.c:389:10:SENSOR_FilterGet	24	static
sensors.c:398:6:SENSOR_FilterAddFloat	16	static
sensors.c:403:7:SENSOR_FilterGetFloat	24	static
sensors.c:412:6:SENSOR_FilterResetFloat	24	static
