tim.c:106:6:MX_TIM2_Init	32	static
tim.c:135:6:MX_TIM3_Init	56	static
tim.c:211:6:MX_TIM5_Init	56	static
tim.c:280:6:MX_TIM12_Init	24	static
tim.c:332:6:HAL_TIM_Base_MspInit	32	static
tim.c:415:6:HAL_TIM_Encoder_MspInit	48	static
tim.c:474:6:HAL_TIM_MspPostInit	48	static
tim.c:37:6:MX_TIM1_Init	96	static
tim.c:168:6:MX_TIM4_Init	64	static
tim.c:244:6:MX_TIM9_Init	56	static
tim.c:302:6:MX_TIM14_Init	40	static
tim.c:566:6:HAL_TIM_Base_MspDeInit	8	static
tim.c:646:6:HAL_TIM_Encoder_MspDeInit	8	static
