Archive member included to satisfy reference by file (symbol)

c:/st/stm32cubeide_1.0.2/stm32cubeide/plugins/com.st.stm32cube.ide.mcu.externaltools.gnu-tools-for-stm32.7-2018-q2-update.win32_1.0.0.201904181610/tools/bin/../lib/gcc/arm-none-eabi/7.3.1/../../../../arm-none-eabi/lib/thumb/v7e-m/fpv4-sp/hard\libc_nano.a(lib_a-errno.o)
                              Src\syscalls.o (__errno)
c:/st/stm32cubeide_1.0.2/stm32cubeide/plugins/com.st.stm32cube.ide.mcu.externaltools.gnu-tools-for-stm32.7-2018-q2-update.win32_1.0.0.201904181610/tools/bin/../lib/gcc/arm-none-eabi/7.3.1/../../../../arm-none-eabi/lib/thumb/v7e-m/fpv4-sp/hard\libc_nano.a(lib_a-exit.o)
                              c:/st/stm32cubeide_1.0.2/stm32cubeide/plugins/com.st.stm32cube.ide.mcu.externaltools.gnu-tools-for-stm32.7-2018-q2-update.win32_1.0.0.201904181610/tools/bin/../lib/gcc/arm-none-eabi/7.3.1/../../../../arm-none-eabi/lib/thumb/v7e-m/fpv4-sp/hard/crt0.o (exit)
c:/st/stm32cubeide_1.0.2/stm32cubeide/plugins/com.st.stm32cube.ide.mcu.externaltools.gnu-tools-for-stm32.7-2018-q2-update.win32_1.0.0.201904181610/tools/bin/../lib/gcc/arm-none-eabi/7.3.1/../../../../arm-none-eabi/lib/thumb/v7e-m/fpv4-sp/hard\libc_nano.a(lib_a-impure.o)
                              c:/st/stm32cubeide_1.0.2/stm32cubeide/plugins/com.st.stm32cube.ide.mcu.externaltools.gnu-tools-for-stm32.7-2018-q2-update.win32_1.0.0.201904181610/tools/bin/../lib/gcc/arm-none-eabi/7.3.1/../../../../arm-none-eabi/lib/thumb/v7e-m/fpv4-sp/hard\libc_nano.a(lib_a-exit.o) (_global_impure_ptr)
c:/st/stm32cubeide_1.0.2/stm32cubeide/plugins/com.st.stm32cube.ide.mcu.externaltools.gnu-tools-for-stm32.7-2018-q2-update.win32_1.0.0.201904181610/tools/bin/../lib/gcc/arm-none-eabi/7.3.1/../../../../arm-none-eabi/lib/thumb/v7e-m/fpv4-sp/hard\libc_nano.a(lib_a-init.o)
                              c:/st/stm32cubeide_1.0.2/stm32cubeide/plugins/com.st.stm32cube.ide.mcu.externaltools.gnu-tools-for-stm32.7-2018-q2-update.win32_1.0.0.201904181610/tools/bin/../lib/gcc/arm-none-eabi/7.3.1/../../../../arm-none-eabi/lib/thumb/v7e-m/fpv4-sp/hard/crt0.o (__libc_init_array)
c:/st/stm32cubeide_1.0.2/stm32cubeide/plugins/com.st.stm32cube.ide.mcu.externaltools.gnu-tools-for-stm32.7-2018-q2-update.win32_1.0.0.201904181610/tools/bin/../lib/gcc/arm-none-eabi/7.3.1/../../../../arm-none-eabi/lib/thumb/v7e-m/fpv4-sp/hard\libc_nano.a(lib_a-memset.o)
                              c:/st/stm32cubeide_1.0.2/stm32cubeide/plugins/com.st.stm32cube.ide.mcu.externaltools.gnu-tools-for-stm32.7-2018-q2-update.win32_1.0.0.201904181610/tools/bin/../lib/gcc/arm-none-eabi/7.3.1/../../../../arm-none-eabi/lib/thumb/v7e-m/fpv4-sp/hard/crt0.o (memset)
c:/st/stm32cubeide_1.0.2/stm32cubeide/plugins/com.st.stm32cube.ide.mcu.externaltools.gnu-tools-for-stm32.7-2018-q2-update.win32_1.0.0.201904181610/tools/bin/../lib/gcc/arm-none-eabi/7.3.1/../../../../arm-none-eabi/lib/thumb/v7e-m/fpv4-sp/hard\libc_nano.a(lib_a-nano-vfprintf_float.o)
                              (_printf_float)
c:/st/stm32cubeide_1.0.2/stm32cubeide/plugins/com.st.stm32cube.ide.mcu.externaltools.gnu-tools-for-stm32.7-2018-q2-update.win32_1.0.0.201904181610/tools/bin/../lib/gcc/arm-none-eabi/7.3.1/../../../../arm-none-eabi/lib/thumb/v7e-m/fpv4-sp/hard\libc_nano.a(lib_a-nano-vfprintf_i.o)
                              c:/st/stm32cubeide_1.0.2/stm32cubeide/plugins/com.st.stm32cube.ide.mcu.externaltools.gnu-tools-for-stm32.7-2018-q2-update.win32_1.0.0.201904181610/tools/bin/../lib/gcc/arm-none-eabi/7.3.1/../../../../arm-none-eabi/lib/thumb/v7e-m/fpv4-sp/hard\libc_nano.a(lib_a-nano-vfprintf_float.o) (_printf_common)
c:/st/stm32cubeide_1.0.2/stm32cubeide/plugins/com.st.stm32cube.ide.mcu.externaltools.gnu-tools-for-stm32.7-2018-q2-update.win32_1.0.0.201904181610/tools/bin/../lib/gcc/arm-none-eabi/7.3.1/../../../../arm-none-eabi/lib/thumb/v7e-m/fpv4-sp/hard\libc_nano.a(lib_a-printf.o)
                              Src\BNO055.o (printf)
c:/st/stm32cubeide_1.0.2/stm32cubeide/plugins/com.st.stm32cube.ide.mcu.externaltools.gnu-tools-for-stm32.7-2018-q2-update.win32_1.0.0.201904181610/tools/bin/../lib/gcc/arm-none-eabi/7.3.1/../../../../arm-none-eabi/lib/thumb/v7e-m/fpv4-sp/hard\libc_nano.a(lib_a-strlen.o)
                              c:/st/stm32cubeide_1.0.2/stm32cubeide/plugins/com.st.stm32cube.ide.mcu.externaltools.gnu-tools-for-stm32.7-2018-q2-update.win32_1.0.0.201904181610/tools/bin/../lib/gcc/arm-none-eabi/7.3.1/../../../../arm-none-eabi/lib/thumb/v7e-m/fpv4-sp/hard\libc_nano.a(lib_a-nano-vfprintf_float.o) (strlen)
c:/st/stm32cubeide_1.0.2/stm32cubeide/plugins/com.st.stm32cube.ide.mcu.externaltools.gnu-tools-for-stm32.7-2018-q2-update.win32_1.0.0.201904181610/tools/bin/../lib/gcc/arm-none-eabi/7.3.1/../../../../arm-none-eabi/lib/thumb/v7e-m/fpv4-sp/hard\libc_nano.a(lib_a-dtoa.o)
[...]
Memory Configuration

Name             Origin             Length             Attributes
CCMRAM           0x0000000010000000 0x0000000000010000 xrw
RAM              0x0000000020000000 0x0000000000020000 xrw
FLASH            0x0000000008000000 0x0000000000100000 xr
*default*        0x0000000000000000 0xffffffffffffffff

Linker script and memory map

LOAD c:/st/stm32cubeide_1.0.2/stm32cubeide/plugins/com.st.stm32cube.ide.mcu.externaltools.gnu-tools-for-stm32.7-2018-q2-update.win32_1.0.0.201904181610/tools/bin/../lib/gcc/arm-none-eabi/7.3.1/thumb/v7e-m/fpv4-sp/hard/crti.o
LOAD c:/st/stm32cubeide_1.0.2/stm32cubeide/plugins/com.st.stm32cube.ide.mcu.externaltools.gnu-tools-for-stm32.7-2018-q2-update.win32_1.0.0.201904181610/tools/bin/../lib/gcc/arm-none-eabi/7.3.1/thumb/v7e-m/fpv4-sp/hard/crtbegin.o
LOAD c:/st/stm32cubeide_1.0.2/stm32cubeide/plugins/com.st.stm32cube.ide.mcu.externaltools.gnu-tools-for-stm32.7-2018-q2-update.win32_1.0.0.201904181610/tools/bin/../lib/gcc/arm-none-eabi/7.3.1/../../../../arm-none-eabi/lib/thumb/v7e-m/fpv4-sp/hard/crt0.o
LOAD Drivers\STM32F4xx_HAL_Driver\Src\stm32f4xx_hal.o
LOAD Drivers\STM32F4xx_HAL_Driver\Src\stm32f4xx_hal_adc.o
LOAD Drivers\STM32F4xx_HAL_Driver\Src\stm32f4xx_hal_adc_ex.o
LOAD Drivers\STM32F4xx_HAL_Driver\Src\stm32f4xx_hal_cortex.o
LOAD Drivers\STM32F4xx_HAL_Driver\Src\stm32f4xx_hal_dma.o
LOAD Drivers\STM32F4xx_HAL_Driver\Src\stm32f4xx_hal_dma_ex.o
LOAD Drivers\STM32F4xx_HAL_Driver\Src\stm32f4xx_hal_exti.o
LOAD Drivers\STM32F4xx_HAL_Driver\Src\stm32f4xx_hal_flash.o
LOAD Drivers\STM32F4xx_HAL_Driver\Src\stm32f4xx_hal_flash_ex.o
LOAD Drivers\STM32F4xx_HAL_Driver\Src\stm32f4xx_hal_flash_ramfunc.o
LOAD Drivers\STM32F4xx_HAL_Driver\Src\stm32f4xx_hal_gpio.o
LOAD Drivers\STM32F4xx_HAL_Driver\Src\stm32f4xx_hal_i2c.o
LOAD Drivers\STM32F4xx_HAL_Driver\Src\stm32f4xx_hal_i2c_ex.o
LOAD Drivers\STM32F4xx_HAL_Driver\Src\stm32f4xx_hal_pwr.o
LOAD Drivers\STM32F4xx_HAL_Driver\Src\stm32f4xx_hal_pwr_ex.o
LOAD Drivers\STM32F4xx_HAL_Driver\Src\stm32f4xx_hal_rcc.o
LOAD Drivers\STM32F4xx_HAL_Driver\Src\stm32f4xx_hal_rcc_ex.o
LOAD Drivers\STM32F4xx_HAL_Driver\Src\stm32f4xx_hal_sd.o
LOAD Drivers\STM32F4xx_HAL_Driver\Src\stm32f4xx_hal_tim.o
LOAD Drivers\STM32F4xx_HAL_Driver\Src\stm32f4xx_hal_tim_ex.o
LOAD Drivers\STM32F4xx_HAL_Driver\Src\stm32f4xx_hal_uart.o
LOAD Drivers\STM32F4xx_HAL_Driver\Src\stm32f4xx_ll_sdmmc.o
LOAD Middlewares\Third_Party\FatFs\src\diskio.o
LOAD Middlewares\Third_Party\FatFs\src\ff.o
LOAD Middlewares\Third_Party\FatFs\src\ff_gen_drv.o
LOAD Middlewares\Third_Party\FatFs\src\option\syscall.o
LOAD Src\BNO055.o
LOAD Src\MY_FLASH.o
LOAD Src\actuator.o
LOAD Src\adc.o
LOAD Src\bsp_driver_sd.o
LOAD Src\command.o
LOAD Src\dma.o
LOAD Src\fatfs.o
LOAD Src\fatfs_platform.o
LOAD Src\gpio.o
LOAD Src\i2c.o
LOAD Src\instructions.o
LOAD Src\main.o
LOAD Src\maze.o
LOAD Src\motionSystem.o
LOAD Src\motor.o
LOAD Src\mouse.o
LOAD Src\sd_diskio.o
LOAD Src\sdio.o
LOAD Src\sensors.o
LOAD Src\stm32f4xx_hal_msp.o
LOAD Src\stm32f4xx_it.o
LOAD Src\syscalls.o
LOAD Src\sysmem.o
LOAD Src\system_stm32f4xx.o
LOAD Src\tim.o
LOAD Src\usart.o
LOAD Startup\startup_stm32f405rgtx.o
START GROUP
LOAD c:/st/stm32cubeide_1.0.2/stm32cubeide/plugins/com.st.stm32cube.ide.mcu.externaltools.gnu-tools-for-stm32.7-2018-q2-update.win32_1.0.0.201904181610/tools/bin/../lib/gcc/arm-none-eabi/7.3.1/../../../../arm-none-eabi/lib/thumb/v7e-m/fpv4-sp/hard\libc_nano.a
LOAD c:/st/stm32cubeide_1.0.2/stm32cubeide/plugins/com.st.stm32cube.ide.mcu.externaltools.gnu-tools-for-stm32.7-2018-q2-update.win32_1.0.0.201904181610/tools/bin/../lib/gcc/arm-none-eabi/7.3.1/../../../../arm-none-eabi/lib/thumb/v7e-m/fpv4-sp/hard\libm.a
END GROUP
START GROUP
LOAD c:/st/stm32cubeide_1.0.2/stm32cubeide/plugins/com.st.stm32cube.ide.mcu.externaltools.gnu-tools-for-stm32.7-2018-q2-update.win32_1.0.0.201904181610/tools/bin/../lib/gcc/arm-none-eabi/7.3.1/thumb/v7e-m/fpv4-sp/hard\libgcc.a
LOAD c:/st/stm32cubeide_1.0.2/stm32cubeide/plugins/com.st.stm32cube.ide.mcu.externaltools.gnu-tools-for-stm32.7-2018-q2-update.win32_1.0.0.201904181610/tools/bin/../lib/gcc/arm-none-eabi/7.3.1/../../../../arm-none-eabi/lib/thumb/v7e-m/fpv4-sp/hard\libc_nano.a
END GROUP
START GROUP
LOAD c:/st/stm32cubeide_1.0.2/stm32cubeide/plugins/com.st.stm32cube.ide.mcu.externaltools.gnu-tools-for-stm32.7-2018-q2-update.win32_1.0.0.201904181610/tools/bin/../lib/gcc/arm-none-eabi/7.3.1/thumb/v7e-m/fpv4-sp/hard\libgcc.a
LOAD c:/st/stm32cubeide_1.0.2/stm32cubeide/plugins/com.st.stm32cube.ide.mcu.externaltools.gnu-tools-for-stm32.7-2018-q2-update.win32_1.0.0.201904181610/tools/bin/../lib/gcc/arm-none-eabi/7.3.1/../../../../arm-none-eabi/lib/thumb/v7e-m/fpv4-sp/hard\libc_nano.a
LOAD c:/st/stm32cubeide_1.0.2/stm32cubeide/plugins/com.st.stm32cube.ide.mcu.externaltools.gnu-tools-for-stm32.7-2018-q2-update.win32_1.0.0.201904181610/tools/bin/../lib/gcc/arm-none-eabi/7.3.1/../../../../arm-none-eabi/lib/thumb/v7e-m/fpv4-sp/hard\libnosys.a
END GROUP
START GROUP
LOAD c:/st/stm32cubeide_1.0.2/stm32cubeide/plugins/com.st.stm32cube.ide.mcu.externaltools.gnu-tools-for-stm32.7-2018-q2-update.win32_1.0.0.201904181610/tools/bin/../lib/gcc/arm-none-eabi/7.3.1/thumb/v7e-m/fpv4-sp/hard\libgcc.a
LOAD c:/st/stm32cubeide_1.0.2/stm32cubeide/plugins/com.st.stm32cube.ide.mcu.externaltools.gnu-tools-for-stm32.7-2018-q2-update.win32_1.0.0.201904181610/tools/bin/../lib/gcc/arm-none-eabi/7.3.1/../../../../arm-none-eabi/lib/thumb/v7e-m/fpv4-sp/hard\libc_nano.a
LOAD c:/st/stm32cubeide_1.0.2/stm32cubeide/plugins/com.st.stm32cube.ide.mcu.externaltools.gnu-tools-for-stm32.7-2018-q2-update.win32_1.0.0.201904181610/tools/bin/../lib/gcc/arm-none-eabi/7.3.1/../../../../arm-none-eabi/lib/thumb/v7e-m/fpv4-sp/hard\libnosys.a
END GROUP
LOAD c:/st/stm32cubeide_1.0.2/stm32cubeide/plugins/com.st.stm32cube.ide.mcu.externaltools.gnu-tools-for-stm32.7-2018-q2-update.win32_1.0.0.201904181610/tools/bin/../lib/gcc/arm-none-eabi/7.3.1/thumb/v7e-m/fpv4-sp/hard/crtend.o
LOAD c:/st/stm32cubeide_1.0.2/stm32cubeide/plugins/com.st.stm32cube.ide.mcu.externaltools.gnu-tools-for-stm32.7-2018-q2-update.win32_1.0.0.201904181610/tools/bin/../lib/gcc/arm-none-eabi/7.3.1/thumb/v7e-m/fpv4-sp/hard/crtn.o
                0x0000000020020000                _estack = 0x20020000
                0x0000000000004000                _Min_Heap_Size = 0x4000
                0x0000000000008000                _Min_Stack_Size = 0x8000

.isr_vector     0x0000000008000000      0x188
                0x0000000008000000                . = ALIGN (0x4)
 *(.isr_vector)
 .isr_vector    0x0000000008000000      0x188 Startup\startup_stm32f405rgtx.o
                0x0000000008000000                g_pfnVectors
                0x0000000008000188                . = ALIGN (0x4)

.text           0x0000000008000190     0xd544
                0x0000000008000190                . = ALIGN (0x4)
 *(.text)
 .text          0x0000000008000190       0x40 c:/st/stm32cubeide_1.0.2/stm32cubeide/plugins/com.st.stm32cube.ide.mcu.externaltools.gnu-tools-for-stm32.7-2018-q2-update.win32_1.0.0.201904181610/tools/bin/../lib/gcc/arm-none-eabi/7.3.1/thumb/v7e-m/fpv4-sp/hard/crtbegin.o
 .text          0x00000000080001d0       0x10 c:/st/stm32cubeide_1.0.2/stm32cubeide/plugins/com.st.stm32cube.ide.mcu.externaltools.gnu-tools-for-stm32.7-2018-q2-update.win32_1.0.0.201904181610/tools/bin/../lib/gcc/arm-none-eabi/7.3.1/../../../../arm-none-eabi/lib/thumb/v7e-m/fpv4-sp/hard\libc_nano.a(lib_a-strlen.o)
                0x00000000080001d0                strlen
 .text          0x00000000080001e0       0xa0 c:/st/stm32cubeide_1.0.2/stm32cubeide/plugins/com.st.stm32cube.ide.mcu.externaltools.gnu-tools-for-stm32.7-2018-q2-update.win32_1.0.0.201904181610/tools/bin/../lib/gcc/arm-none-eabi/7.3.1/../../../../arm-none-eabi/lib/thumb/v7e-m/fpv4-sp/hard\libc_nano.a(lib_a-memchr.o)
                0x00000000080001e0                memchr
 .text          0x0000000008000280      0x378 c:/st/stm32cubeide_1.0.2/stm32cubeide/plugins/com.st.stm32cube.ide.mcu.externaltools.gnu-tools-for-stm32.7-2018-q2-update.win32_1.0.0.201904181610/tools/bin/../lib/gcc/arm-none-eabi/7.3.1/thumb/v7e-m/fpv4-sp/hard\libgcc.a(_arm_addsubdf3.o)
                0x0000000008000280                __aeabi_drsub
                0x0000000008000288                __aeabi_dsub
                0x0000000008000288                __subdf3
                0x000000000800028c                __aeabi_dadd
                0x000000000800028c                __adddf3
                0x0000000008000504                __floatunsidf
                0x0000000008000504                __aeabi_ui2d
                0x0000000008000524                __floatsidf
                0x0000000008000524                __aeabi_i2d
                0x0000000008000548                __aeabi_f2d
                0x0000000008000548                __extendsfdf2
                0x000000000800058c                __floatundidf
                0x000000000800058c                __aeabi_ul2d
                0x000000000800059c                __floatdidf
                0x000000000800059c                __aeabi_l2d
 .text          0x00000000080005f8      0x424 c:/st/stm32cubeide_1.0.2/stm32cubeide/plugins/com.st.stm32cube.ide.mcu.externaltools.gnu-tools-for-stm32.7-2018-q2-update.win32_1.0.0.201904181610/tools/bin/../lib/gcc/arm-none-eabi/7.3.1/thumb/v7e-m/fpv4-sp/hard\libgcc.a(_arm_muldivdf3.o)
                0x00000000080005f8                __aeabi_dmul
                0x00000000080005f8                __muldf3
                0x000000000800084c                __divdf3
                0x000000000800084c                __aeabi_ddiv
 .text          0x0000000008000a1c      0x110 c:/st/stm32cubeide_1.0.2/stm32cubeide/plugins/com.st.stm32cube.ide.mcu.externaltools.gnu-tools-for-stm32.7-2018-q2-update.win32_1.0.0.201904181610/tools/bin/../lib/gcc/arm-none-eabi/7.3.1/thumb/v7e-m/fpv4-sp/hard\libgcc.a(_arm_cmpdf2.o)
                0x0000000008000a1c                __gtdf2
                0x0000000008000a1c                __gedf2
                0x0000000008000a24                __ltdf2
                0x0000000008000a24                __ledf2
                0x0000000008000a2c                __nedf2
                0x0000000008000a2c                __eqdf2
                0x0000000008000a2c                __cmpdf2
                0x0000000008000aa8                __aeabi_cdrcmple
                0x0000000008000ab8                __aeabi_cdcmpeq
                0x0000000008000ab8                __aeabi_cdcmple
                0x0000000008000ac8                __aeabi_dcmpeq
                0x0000000008000adc                __aeabi_dcmplt
                0x0000000008000af0                __aeabi_dcmple
                0x0000000008000b04                __aeabi_dcmpge
                0x0000000008000b18                __aeabi_dcmpgt
 .text          0x0000000008000b2c       0x2c c:/st/stm32cubeide_1.0.2/stm32cubeide/plugins/com.st.stm32cube.ide.mcu.externaltools.gnu-tools-for-stm32.7-2018-q2-update.win32_1.0.0.201904181610/tools/bin/../lib/gcc/arm-none-eabi/7.3.1/thumb/v7e-m/fpv4-sp/hard\libgcc.a(_arm_unorddf2.o)
                0x0000000008000b2c                __unorddf2
                0x0000000008000b2c                __aeabi_dcmpun
 .text          0x0000000008000b58       0x50 c:/st/stm32cubeide_1.0.2/stm32cubeide/plugins/com.st.stm32cube.ide.mcu.externaltools.gnu-tools-for-stm32.7-2018-q2-update.win32_1.0.0.201904181610/tools/bin/../lib/gcc/arm-none-eabi/7.3.1/thumb/v7e-m/fpv4-sp/hard\libgcc.a(_arm_fixdfsi.o)
                0x0000000008000b58                __aeabi_d2iz
                0x0000000008000b58                __fixdfsi
 .text          0x0000000008000ba8       0x40 c:/st/stm32cubeide_1.0.2/stm32cubeide/plugins/com.st.stm32cube.ide.mcu.externaltools.gnu-tools-for-stm32.7-2018-q2-update.win32_1.0.0.201904181610/tools/bin/../lib/gcc/arm-none-eabi/7.3.1/thumb/v7e-m/fpv4-sp/hard\libgcc.a(_arm_fixunsdfsi.o)
                0x0000000008000ba8                __aeabi_d2uiz
                0x0000000008000ba8                __fixunsdfsi
 .text          0x0000000008000be8       0xa0 c:/st/stm32cubeide_1.0.2/stm32cubeide/plugins/com.st.stm32cube.ide.mcu.externaltools.gnu-tools-for-stm32.7-2018-q2-update.win32_1.0.0.201904181610/tools/bin/../lib/gcc/arm-none-eabi/7.3.1/thumb/v7e-m/fpv4-sp/hard\libgcc.a(_arm_truncdfsf2.o)
                0x0000000008000be8                __truncdfsf2
                0x0000000008000be8                __aeabi_d2f
 .text          0x0000000008000c88      0x21c c:/st/stm32cubeide_1.0.2/stm32cubeide/plugins/com.st.stm32cube.ide.mcu.externaltools.gnu-tools-for-stm32.7-2018-q2-update.win32_1.0.0.201904181610/tools/bin/../lib/gcc/arm-none-eabi/7.3.1/thumb/v7e-m/fpv4-sp/hard\libgcc.a(_arm_addsubsf3.o)
                0x0000000008000c88                __aeabi_frsub
                0x0000000008000c90                __subsf3
                0x0000000008000c90                __aeabi_fsub
                0x0000000008000c94                __aeabi_fadd
                0x0000000008000c94                __addsf3
                0x0000000008000df4                __aeabi_ui2f
                0x0000000008000df4                __floatunsisf
                0x0000000008000dfc                __aeabi_i2f
                0x0000000008000dfc                __floatsisf
                0x0000000008000e18                __aeabi_ul2f
                0x0000000008000e18                __floatundisf
                0x0000000008000e28                __aeabi_l2f
                0x0000000008000e28                __floatdisf
 .text          0x0000000008000ea4       0x30 c:/st/stm32cubeide_1.0.2/stm32cubeide/plugins/com.st.stm32cube.ide.mcu.externaltools.gnu-tools-for-stm32.7-2018-q2-update.win32_1.0.0.201904181610/tools/bin/../lib/gcc/arm-none-eabi/7.3.1/thumb/v7e-m/fpv4-sp/hard\libgcc.a(_aeabi_uldivmod.o)
                0x0000000008000ea4                __aeabi_uldivmod
 .text          0x0000000008000ed4      0x2cc c:/st/stm32cubeide_1.0.2/stm32cubeide/plugins/com.st.stm32cube.ide.mcu.externaltools.gnu-tools-for-stm32.7-2018-q2-update.win32_1.0.0.201904181610/tools/bin/../lib/gcc/arm-none-eabi/7.3.1/thumb/v7e-m/fpv4-sp/hard\libgcc.a(_udivmoddi4.o)
                0x0000000008000ed4                __udivmoddi4
 .text          0x00000000080011a0        0x4 c:/st/stm32cubeide_1.0.2/stm32cubeide/plugins/com.st.stm32cube.ide.mcu.externaltools.gnu-tools-for-stm32.7-2018-q2-update.win32_1.0.0.201904181610/tools/bin/../lib/gcc/arm-none-eabi/7.3.1/thumb/v7e-m/fpv4-sp/hard\libgcc.a(_dvmd_tls.o)
                0x00000000080011a0                __aeabi_idiv0
                0x00000000080011a0                __aeabi_ldiv0
 *(.text*)
 .text.HAL_InitTick
                0x00000000080011a4       0x4c Drivers\STM32F4xx_HAL_Driver\Src\stm32f4xx_hal.o
                0x00000000080011a4                HAL_InitTick
 .text.HAL_Init
                0x00000000080011f0       0x34 Drivers\STM32F4xx_HAL_Driver\Src\stm32f4xx_hal.o
                0x00000000080011f0                HAL_Init
 .text.HAL_IncTick
                0x0000000008001224       0x18 Drivers\STM32F4xx_HAL_Driver\Src\stm32f4xx_hal.o
                0x0000000008001224                HAL_IncTick
 .text.HAL_GetTick
                0x000000000800123c        0xc Drivers\STM32F4xx_HAL_Driver\Src\stm32f4xx_hal.o
                0x000000000800123c                HAL_GetTick
 .text.HAL_Delay
                0x0000000008001248       0x28 Drivers\STM32F4xx_HAL_Driver\Src\stm32f4xx_hal.o
                0x0000000008001248                HAL_Delay
 .text.ADC_Init
                0x0000000008001270      0x134 Drivers\STM32F4xx_HAL_Driver\Src\stm32f4xx_hal_adc.o
 .text.HAL_ADC_Init
                0x00000000080013a4       0x56 Drivers\STM32F4xx_HAL_Driver\Src\stm32f4xx_hal_adc.o
                0x00000000080013a4                HAL_ADC_Init
 *fill*         0x00000000080013fa        0x2 
 .text.HAL_ADC_Start_DMA
                0x00000000080013fc      0x180 Drivers\STM32F4xx_HAL_Driver\Src\stm32f4xx_hal_adc.o
                0x00000000080013fc                HAL_ADC_Start_DMA
 .text.HAL_ADC_ConvHalfCpltCallback
                0x000000000800157c        0x2 Drivers\STM32F4xx_HAL_Driver\Src\stm32f4xx_hal_adc.o
                0x000000000800157c                HAL_ADC_ConvHalfCpltCallback
 .text.ADC_DMAHalfConvCplt
                0x000000000800157e        0xa Drivers\STM32F4xx_HAL_Driver\Src\stm32f4xx_hal_adc.o
 .text.HAL_ADC_LevelOutOfWindowCallback
                0x0000000008001588        0x2 Drivers\STM32F4xx_HAL_Driver\Src\stm32f4xx_hal_adc.o
                0x0000000008001588                HAL_ADC_LevelOutOfWindowCallback
 .text.HAL_ADC_ErrorCallback
                0x000000000800158a        0x2 Drivers\STM32F4xx_HAL_Driver\Src\stm32f4xx_hal_adc.o
                0x000000000800158a                HAL_ADC_ErrorCallback
 .text.HAL_ADC_IRQHandler
                0x000000000800158c      0x14e Drivers\STM32F4xx_HAL_Driver\Src\stm32f4xx_hal_adc.o
                0x000000000800158c                HAL_ADC_IRQHandler
 .text.ADC_DMAError
                0x00000000080016da       0x16 Drivers\STM32F4xx_HAL_Driver\Src\stm32f4xx_hal_adc.o
 .text.ADC_DMAConvCplt
                0x00000000080016f0       0x72 Drivers\STM32F4xx_HAL_Driver\Src\stm32f4xx_hal_adc.o
 *fill*         0x0000000008001762        0x2 
 .text.HAL_ADC_ConfigChannel
                0x0000000008001764      0x190 Drivers\STM32F4xx_HAL_Driver\Src\stm32f4xx_hal_adc.o
                0x0000000008001764                HAL_ADC_ConfigChannel
 .text.HAL_ADCEx_InjectedConvCpltCallback
                0x00000000080018f4        0x2 Drivers\STM32F4xx_HAL_Driver\Src\stm32f4xx_hal_adc_ex.o
                0x00000000080018f4                HAL_ADCEx_InjectedConvCpltCallback
 *fill*         0x00000000080018f6        0x2 
 .text.HAL_NVIC_SetPriorityGrouping
                0x00000000080018f8       0x24 Drivers\STM32F4xx_HAL_Driver\Src\stm32f4xx_hal_cortex.o
                0x00000000080018f8                HAL_NVIC_SetPriorityGrouping
 .text.HAL_NVIC_SetPriority
                0x000000000800191c       0x68 Drivers\STM32F4xx_HAL_Driver\Src\stm32f4xx_hal_cortex.o
                0x000000000800191c                HAL_NVIC_SetPriority
 .text.HAL_NVIC_EnableIRQ
                0x0000000008001984       0x1c Drivers\STM32F4xx_HAL_Driver\Src\stm32f4xx_hal_cortex.o
                0x0000000008001984                HAL_NVIC_EnableIRQ
 .text.HAL_SYSTICK_Config
                0x00000000080019a0       0x2c Drivers\STM32F4xx_HAL_Driver\Src\stm32f4xx_hal_cortex.o
                0x00000000080019a0                HAL_SYSTICK_Config
 .text.DMA_SetConfig
                0x00000000080019cc       0x2c Drivers\STM32F4xx_HAL_Driver\Src\stm32f4xx_hal_dma.o
 .text.DMA_CalcBaseAndBitshift
                0x00000000080019f8       0x3c Drivers\STM32F4xx_HAL_Driver\Src\stm32f4xx_hal_dma.o
 .text.DMA_CheckFifoParam
                0x0000000008001a34       0x8e Drivers\STM32F4xx_HAL_Driver\Src\stm32f4xx_hal_dma.o
 *fill*         0x0000000008001ac2        0x2 
 .text.HAL_DMA_Init
                0x0000000008001ac4       0xcc Drivers\STM32F4xx_HAL_Driver\Src\stm32f4xx_hal_dma.o
                0x0000000008001ac4                HAL_DMA_Init
 .text.HAL_DMA_Start_IT
                0x0000000008001b90       0x6a Drivers\STM32F4xx_HAL_Driver\Src\stm32f4xx_hal_dma.o
                0x0000000008001b90                HAL_DMA_Start_IT
 *fill*         0x0000000008001bfa        0x2 
 .text.HAL_DMA_IRQHandler
                0x0000000008001bfc      0x1dc Drivers\STM32F4xx_HAL_Driver\Src\stm32f4xx_hal_dma.o
                0x0000000008001bfc                HAL_DMA_IRQHandler
 .text.HAL_GPIO_Init
                0x0000000008001dd8      0x1c8 Drivers\STM32F4xx_HAL_Driver\Src\stm32f4xx_hal_gpio.o
                0x0000000008001dd8                HAL_GPIO_Init
 .text.HAL_GPIO_ReadPin
                0x0000000008001fa0        0xe Drivers\STM32F4xx_HAL_Driver\Src\stm32f4xx_hal_gpio.o
                0x0000000008001fa0                HAL_GPIO_ReadPin
 .text.HAL_GPIO_WritePin
                0x0000000008001fae        0xc Drivers\STM32F4xx_HAL_Driver\Src\stm32f4xx_hal_gpio.o
                0x0000000008001fae                HAL_GPIO_WritePin
 .text.I2C_IsAcknowledgeFailed
                0x0000000008001fba       0x32 Drivers\STM32F4xx_HAL_Driver\Src\stm32f4xx_hal_i2c.o
 .text.I2C_WaitOnFlagUntilTimeout
                0x0000000008001fec       0x70 Drivers\STM32F4xx_HAL_Driver\Src\stm32f4xx_hal_i2c.o
 .text.I2C_WaitOnMasterAddressFlagUntilTimeout
                0x000000000800205c       0xa4 Drivers\STM32F4xx_HAL_Driver\Src\stm32f4xx_hal_i2c.o
 .text.I2C_MasterRequestWrite
                0x0000000008002100       0xbc Drivers\STM32F4xx_HAL_Driver\Src\stm32f4xx_hal_i2c.o
 .text.I2C_MasterRequestRead
                0x00000000080021bc      0x128 Drivers\STM32F4xx_HAL_Driver\Src\stm32f4xx_hal_i2c.o
 .text.I2C_WaitOnTXEFlagUntilTimeout
                0x00000000080022e4       0x54 Drivers\STM32F4xx_HAL_Driver\Src\stm32f4xx_hal_i2c.o
 .text.I2C_WaitOnBTFFlagUntilTimeout
                0x0000000008002338       0x54 Drivers\STM32F4xx_HAL_Driver\Src\stm32f4xx_hal_i2c.o
 .text.I2C_WaitOnRXNEFlagUntilTimeout
                0x000000000800238c       0x6a Drivers\STM32F4xx_HAL_Driver\Src\stm32f4xx_hal_i2c.o
 *fill*         0x00000000080023f6        0x2 
 .text.HAL_I2C_Init
                0x00000000080023f8      0x1b4 Drivers\STM32F4xx_HAL_Driver\Src\stm32f4xx_hal_i2c.o
                0x00000000080023f8                HAL_I2C_Init
 .text.HAL_I2C_Master_Transmit
                0x00000000080025ac      0x174 Drivers\STM32F4xx_HAL_Driver\Src\stm32f4xx_hal_i2c.o
                0x00000000080025ac                HAL_I2C_Master_Transmit
 .text.HAL_I2C_Master_Receive
                0x0000000008002720      0x2d0 Drivers\STM32F4xx_HAL_Driver\Src\stm32f4xx_hal_i2c.o
                0x0000000008002720                HAL_I2C_Master_Receive
 .text.HAL_RCC_OscConfig
                0x00000000080029f0      0x3ec Drivers\STM32F4xx_HAL_Driver\Src\stm32f4xx_hal_rcc.o
                0x00000000080029f0                HAL_RCC_OscConfig
 .text.HAL_RCC_GetSysClockFreq
                0x0000000008002ddc       0xa8 Drivers\STM32F4xx_HAL_Driver\Src\stm32f4xx_hal_rcc.o
                0x0000000008002ddc                HAL_RCC_GetSysClockFreq
 .text.HAL_RCC_ClockConfig
                0x0000000008002e84      0x160 Drivers\STM32F4xx_HAL_Driver\Src\stm32f4xx_hal_rcc.o
                0x0000000008002e84                HAL_RCC_ClockConfig
 .text.HAL_RCC_GetHCLKFreq
                0x0000000008002fe4        0xc Drivers\STM32F4xx_HAL_Driver\Src\stm32f4xx_hal_rcc.o
                0x0000000008002fe4                HAL_RCC_GetHCLKFreq
 .text.HAL_RCC_GetPCLK1Freq
                0x0000000008002ff0       0x20 Drivers\STM32F4xx_HAL_Driver\Src\stm32f4xx_hal_rcc.o
                0x0000000008002ff0                HAL_RCC_GetPCLK1Freq
 .text.HAL_RCC_GetPCLK2Freq
                0x0000000008003010       0x20 Drivers\STM32F4xx_HAL_Driver\Src\stm32f4xx_hal_rcc.o
                0x0000000008003010                HAL_RCC_GetPCLK2Freq
 .text.SD_PowerON
                0x0000000008003030       0xc0 Drivers\STM32F4xx_HAL_Driver\Src\stm32f4xx_hal_sd.o
 .text.SD_FindSCR
                0x00000000080030f0      0x106 Drivers\STM32F4xx_HAL_Driver\Src\stm32f4xx_hal_sd.o
 .text.SD_WideBus_Enable
                0x00000000080031f6       0x56 Drivers\STM32F4xx_HAL_Driver\Src\stm32f4xx_hal_sd.o
 .text.SD_WideBus_Disable
                0x000000000800324c       0x56 Drivers\STM32F4xx_HAL_Driver\Src\stm32f4xx_hal_sd.o
 .text.SD_SendStatus
                0x00000000080032a2       0x2c Drivers\STM32F4xx_HAL_Driver\Src\stm32f4xx_hal_sd.o
 *fill*         0x00000000080032ce        0x2 
 .text.HAL_SD_ReadBlocks
                0x00000000080032d0      0x268 Drivers\STM32F4xx_HAL_Driver\Src\stm32f4xx_hal_sd.o
                0x00000000080032d0                HAL_SD_ReadBlocks
 .text.HAL_SD_WriteBlocks
                0x0000000008003538      0x214 Drivers\STM32F4xx_HAL_Driver\Src\stm32f4xx_hal_sd.o
                0x0000000008003538                HAL_SD_WriteBlocks
 .text.HAL_SD_GetCardCSD
                0x000000000800374c      0x1bc Drivers\STM32F4xx_HAL_Driver\Src\stm32f4xx_hal_sd.o
                0x000000000800374c                HAL_SD_GetCardCSD
 .text.SD_InitCard
                0x0000000008003908      0x100 Drivers\STM32F4xx_HAL_Driver\Src\stm32f4xx_hal_sd.o
 .text.HAL_SD_InitCard
                0x0000000008003a08       0x7c Drivers\STM32F4xx_HAL_Driver\Src\stm32f4xx_hal_sd.o
                0x0000000008003a08                HAL_SD_InitCard
 .text.HAL_SD_Init
                0x0000000008003a84       0x3e Drivers\STM32F4xx_HAL_Driver\Src\stm32f4xx_hal_sd.o
                0x0000000008003a84                HAL_SD_Init
 .text.HAL_SD_GetCardInfo
                0x0000000008003ac2       0x24 Drivers\STM32F4xx_HAL_Driver\Src\stm32f4xx_hal_sd.o
                0x0000000008003ac2                HAL_SD_GetCardInfo
 *fill*         0x0000000008003ae6        0x2 
 .text.HAL_SD_ConfigWideBusOperation
                0x0000000008003ae8       0xa4 Drivers\STM32F4xx_HAL_Driver\Src\stm32f4xx_hal_sd.o
                0x0000000008003ae8                HAL_SD_ConfigWideBusOperation
 .text.HAL_SD_GetCardState
                0x0000000008003b8c       0x26 Drivers\STM32F4xx_HAL_Driver\Src\stm32f4xx_hal_sd.o
                0x0000000008003b8c                HAL_SD_GetCardState
 *fill*         0x0000000008003bb2        0x2 
 .text.TIM_OC1_SetConfig
                0x0000000008003bb4       0x68 Drivers\STM32F4xx_HAL_Driver\Src\stm32f4xx_hal_tim.o
 .text.TIM_OC3_SetConfig
                0x0000000008003c1c       0x70 Drivers\STM32F4xx_HAL_Driver\Src\stm32f4xx_hal_tim.o
 .text.TIM_OC4_SetConfig
                0x0000000008003c8c       0x50 Drivers\STM32F4xx_HAL_Driver\Src\stm32f4xx_hal_tim.o
 .text.TIM_TI1_ConfigInputStage
                0x0000000008003cdc       0x26 Drivers\STM32F4xx_HAL_Driver\Src\stm32f4xx_hal_tim.o
 .text.TIM_TI2_ConfigInputStage
                0x0000000008003d02       0x28 Drivers\STM32F4xx_HAL_Driver\Src\stm32f4xx_hal_tim.o
 .text.TIM_ITRx_SetConfig
                0x0000000008003d2a       0x10 Drivers\STM32F4xx_HAL_Driver\Src\stm32f4xx_hal_tim.o
 .text.HAL_TIM_Base_Start_IT
                0x0000000008003d3a       0x22 Drivers\STM32F4xx_HAL_Driver\Src\stm32f4xx_hal_tim.o
                0x0000000008003d3a                HAL_TIM_Base_Start_IT
 .text.HAL_TIM_PWM_MspInit
                0x0000000008003d5c        0x2 Drivers\STM32F4xx_HAL_Driver\Src\stm32f4xx_hal_tim.o
                0x0000000008003d5c                HAL_TIM_PWM_MspInit
 .text.HAL_TIM_OC_DelayElapsedCallback
                0x0000000008003d5e        0x2 Drivers\STM32F4xx_HAL_Driver\Src\stm32f4xx_hal_tim.o
                0x0000000008003d5e                HAL_TIM_OC_DelayElapsedCallback
 .text.HAL_TIM_IC_CaptureCallback
                0x0000000008003d60        0x2 Drivers\STM32F4xx_HAL_Driver\Src\stm32f4xx_hal_tim.o
                0x0000000008003d60                HAL_TIM_IC_CaptureCallback
 .text.HAL_TIM_PWM_PulseFinishedCallback
                0x0000000008003d62        0x2 Drivers\STM32F4xx_HAL_Driver\Src\stm32f4xx_hal_tim.o
                0x0000000008003d62                HAL_TIM_PWM_PulseFinishedCallback
 .text.HAL_TIM_TriggerCallback
                0x0000000008003d64        0x2 Drivers\STM32F4xx_HAL_Driver\Src\stm32f4xx_hal_tim.o
                0x0000000008003d64                HAL_TIM_TriggerCallback
 .text.HAL_TIM_IRQHandler
                0x0000000008003d66      0x17a Drivers\STM32F4xx_HAL_Driver\Src\stm32f4xx_hal_tim.o
                0x0000000008003d66                HAL_TIM_IRQHandler
 .text.TIM_Base_SetConfig
                0x0000000008003ee0       0xc8 Drivers\STM32F4xx_HAL_Driver\Src\stm32f4xx_hal_tim.o
                0x0000000008003ee0                TIM_Base_SetConfig
 .text.HAL_TIM_Base_Init
                0x0000000008003fa8       0x32 Drivers\STM32F4xx_HAL_Driver\Src\stm32f4xx_hal_tim.o
                0x0000000008003fa8                HAL_TIM_Base_Init
 .text.HAL_TIM_PWM_Init
                0x0000000008003fda       0x32 Drivers\STM32F4xx_HAL_Driver\Src\stm32f4xx_hal_tim.o
                0x0000000008003fda                HAL_TIM_PWM_Init
 .text.HAL_TIM_Encoder_Init
                0x000000000800400c       0x9c Drivers\STM32F4xx_HAL_Driver\Src\stm32f4xx_hal_tim.o
                0x000000000800400c                HAL_TIM_Encoder_Init
 .text.TIM_OC2_SetConfig
                0x00000000080040a8       0x70 Drivers\STM32F4xx_HAL_Driver\Src\stm32f4xx_hal_tim.o
                0x00000000080040a8                TIM_OC2_SetConfig
 .text.HAL_TIM_PWM_ConfigChannel
                0x0000000008004118       0xdc Drivers\STM32F4xx_HAL_Driver\Src\stm32f4xx_hal_tim.o
                0x0000000008004118                HAL_TIM_PWM_ConfigChannel
 .text.TIM_ETR_SetConfig
                0x00000000080041f4       0x18 Drivers\STM32F4xx_HAL_Driver\Src\stm32f4xx_hal_tim.o
                0x00000000080041f4                TIM_ETR_SetConfig
 .text.HAL_TIM_ConfigClockSource
                0x000000000800420c       0xda Drivers\STM32F4xx_HAL_Driver\Src\stm32f4xx_hal_tim.o
                0x000000000800420c                HAL_TIM_ConfigClockSource
 .text.TIM_CCxChannelCmd
                0x00000000080042e6       0x22 Drivers\STM32F4xx_HAL_Driver\Src\stm32f4xx_hal_tim.o
                0x00000000080042e6                TIM_CCxChannelCmd
 .text.HAL_TIM_PWM_Start
                0x0000000008004308       0x40 Drivers\STM32F4xx_HAL_Driver\Src\stm32f4xx_hal_tim.o
                0x0000000008004308                HAL_TIM_PWM_Start
 .text.HAL_TIM_Encoder_Start
                0x0000000008004348       0x44 Drivers\STM32F4xx_HAL_Driver\Src\stm32f4xx_hal_tim.o
                0x0000000008004348                HAL_TIM_Encoder_Start
 .text.HAL_TIMEx_MasterConfigSynchronization
                0x000000000800438c       0x88 Drivers\STM32F4xx_HAL_Driver\Src\stm32f4xx_hal_tim_ex.o
                0x000000000800438c                HAL_TIMEx_MasterConfigSynchronization
 .text.HAL_TIMEx_ConfigBreakDeadTime
                0x0000000008004414       0x52 Drivers\STM32F4xx_HAL_Driver\Src\stm32f4xx_hal_tim_ex.o
                0x0000000008004414                HAL_TIMEx_ConfigBreakDeadTime
 .text.HAL_TIMEx_CommutCallback
                0x0000000008004466        0x2 Drivers\STM32F4xx_HAL_Driver\Src\stm32f4xx_hal_tim_ex.o
                0x0000000008004466                HAL_TIMEx_CommutCallback
 .text.HAL_TIMEx_BreakCallback
                0x0000000008004468        0x2 Drivers\STM32F4xx_HAL_Driver\Src\stm32f4xx_hal_tim_ex.o
                0x0000000008004468                HAL_TIMEx_BreakCallback
 *fill*         0x000000000800446a        0x2 
 .text.UART_SetConfig
                0x000000000800446c      0x218 Drivers\STM32F4xx_HAL_Driver\Src\stm32f4xx_hal_uart.o
 .text.UART_WaitOnFlagUntilTimeout
                0x0000000008004684       0x62 Drivers\STM32F4xx_HAL_Driver\Src\stm32f4xx_hal_uart.o
 .text.HAL_UART_Init
                0x00000000080046e6       0x5e Drivers\STM32F4xx_HAL_Driver\Src\stm32f4xx_hal_uart.o
                0x00000000080046e6                HAL_UART_Init
 .text.HAL_UART_Transmit
                0x0000000008004744       0xe2 Drivers\STM32F4xx_HAL_Driver\Src\stm32f4xx_hal_uart.o
                0x0000000008004744                HAL_UART_Transmit
 *fill*         0x0000000008004826        0x2 
 .text.SDMMC_GetCmdError
                0x0000000008004828       0x38 Drivers\STM32F4xx_HAL_Driver\Src\stm32f4xx_ll_sdmmc.o
 .text.SDMMC_GetCmdResp2
                0x0000000008004860       0x60 Drivers\STM32F4xx_HAL_Driver\Src\stm32f4xx_ll_sdmmc.o
 .text.SDMMC_GetCmdResp3
                0x00000000080048c0       0x50 Drivers\STM32F4xx_HAL_Driver\Src\stm32f4xx_ll_sdmmc.o
 .text.SDMMC_GetCmdResp7
                0x0000000008004910       0x6c Drivers\STM32F4xx_HAL_Driver\Src\stm32f4xx_ll_sdmmc.o
 .text.SDIO_Init
                0x000000000800497c       0x38 Drivers\STM32F4xx_HAL_Driver\Src\stm32f4xx_ll_sdmmc.o
                0x000000000800497c                SDIO_Init
 .text.SDIO_ReadFIFO
                0x00000000080049b4        0x6 Drivers\STM32F4xx_HAL_Driver\Src\stm32f4xx_ll_sdmmc.o
                0x00000000080049b4                SDIO_ReadFIFO
 .text.SDIO_WriteFIFO
                0x00000000080049ba        0xa Drivers\STM32F4xx_HAL_Driver\Src\stm32f4xx_ll_sdmmc.o
                0x00000000080049ba                SDIO_WriteFIFO
 .text.SDIO_PowerState_ON
                0x00000000080049c4       0x10 Drivers\STM32F4xx_HAL_Driver\Src\stm32f4xx_ll_sdmmc.o
                0x00000000080049c4                SDIO_PowerState_ON
 .text.SDIO_GetPowerState
                0x00000000080049d4        0x8 Drivers\STM32F4xx_HAL_Driver\Src\stm32f4xx_ll_sdmmc.o
                0x00000000080049d4                SDIO_GetPowerState
 .text.SDIO_SendCommand
                0x00000000080049dc       0x24 Drivers\STM32F4xx_HAL_Driver\Src\stm32f4xx_ll_sdmmc.o
                0x00000000080049dc                SDIO_SendCommand
 .text.SDIO_GetCommandResponse
                0x0000000008004a00        0x6 Drivers\STM32F4xx_HAL_Driver\Src\stm32f4xx_ll_sdmmc.o
                0x0000000008004a00                SDIO_GetCommandResponse
 .text.SDIO_GetResponse
                0x0000000008004a06        0x6 Drivers\STM32F4xx_HAL_Driver\Src\stm32f4xx_ll_sdmmc.o
                0x0000000008004a06                SDIO_GetResponse
 .text.SDMMC_GetCmdResp1
                0x0000000008004a0c      0x158 Drivers\STM32F4xx_HAL_Driver\Src\stm32f4xx_ll_sdmmc.o
 .text.SDMMC_GetCmdResp6
                0x0000000008004b64       0xa4 Drivers\STM32F4xx_HAL_Driver\Src\stm32f4xx_ll_sdmmc.o
 .text.SDIO_ConfigData
                0x0000000008004c08       0x24 Drivers\STM32F4xx_HAL_Driver\Src\stm32f4xx_ll_sdmmc.o
                0x0000000008004c08                SDIO_ConfigData
 .text.SDMMC_CmdBlockLength
                0x0000000008004c2c       0x30 Drivers\STM32F4xx_HAL_Driver\Src\stm32f4xx_ll_sdmmc.o
                0x0000000008004c2c                SDMMC_CmdBlockLength
 .text.SDMMC_CmdReadSingleBlock
                0x0000000008004c5c       0x30 Drivers\STM32F4xx_HAL_Driver\Src\stm32f4xx_ll_sdmmc.o
                0x0000000008004c5c                SDMMC_CmdReadSingleBlock
 .text.SDMMC_CmdReadMultiBlock
                0x0000000008004c8c       0x30 Drivers\STM32F4xx_HAL_Driver\Src\stm32f4xx_ll_sdmmc.o
                0x0000000008004c8c                SDMMC_CmdReadMultiBlock
 .text.SDMMC_CmdWriteSingleBlock
                0x0000000008004cbc       0x30 Drivers\STM32F4xx_HAL_Driver\Src\stm32f4xx_ll_sdmmc.o
                0x0000000008004cbc                SDMMC_CmdWriteSingleBlock
 .text.SDMMC_CmdWriteMultiBlock
                0x0000000008004cec       0x30 Drivers\STM32F4xx_HAL_Driver\Src\stm32f4xx_ll_sdmmc.o
                0x0000000008004cec                SDMMC_CmdWriteMultiBlock
 .text.SDMMC_CmdStopTransfer
                0x0000000008004d1c       0x34 Drivers\STM32F4xx_HAL_Driver\Src\stm32f4xx_ll_sdmmc.o
                0x0000000008004d1c                SDMMC_CmdStopTransfer
 .text.SDMMC_CmdSelDesel
                0x0000000008004d50       0x30 Drivers\STM32F4xx_HAL_Driver\Src\stm32f4xx_ll_sdmmc.o
                0x0000000008004d50                SDMMC_CmdSelDesel
 .text.SDMMC_CmdGoIdleState
                0x0000000008004d80       0x26 Drivers\STM32F4xx_HAL_Driver\Src\stm32f4xx_ll_sdmmc.o
                0x0000000008004d80                SDMMC_CmdGoIdleState
 .text.SDMMC_CmdOperCond
                0x0000000008004da6       0x2e Drivers\STM32F4xx_HAL_Driver\Src\stm32f4xx_ll_sdmmc.o
                0x0000000008004da6                SDMMC_CmdOperCond
 .text.SDMMC_CmdAppCommand
                0x0000000008004dd4       0x30 Drivers\STM32F4xx_HAL_Driver\Src\stm32f4xx_ll_sdmmc.o
                0x0000000008004dd4                SDMMC_CmdAppCommand
 .text.SDMMC_CmdAppOperCommand
                0x0000000008004e04       0x32 Drivers\STM32F4xx_HAL_Driver\Src\stm32f4xx_ll_sdmmc.o
                0x0000000008004e04                SDMMC_CmdAppOperCommand
 .text.SDMMC_CmdBusWidth
                0x0000000008004e36       0x30 Drivers\STM32F4xx_HAL_Driver\Src\stm32f4xx_ll_sdmmc.o
                0x0000000008004e36                SDMMC_CmdBusWidth
 .text.SDMMC_CmdSendSCR
                0x0000000008004e66       0x30 Drivers\STM32F4xx_HAL_Driver\Src\stm32f4xx_ll_sdmmc.o
                0x0000000008004e66                SDMMC_CmdSendSCR
 .text.SDMMC_CmdSendCID
                0x0000000008004e96       0x2a Drivers\STM32F4xx_HAL_Driver\Src\stm32f4xx_ll_sdmmc.o
                0x0000000008004e96                SDMMC_CmdSendCID
 .text.SDMMC_CmdSendCSD
                0x0000000008004ec0       0x2a Drivers\STM32F4xx_HAL_Driver\Src\stm32f4xx_ll_sdmmc.o
                0x0000000008004ec0                SDMMC_CmdSendCSD
 .text.SDMMC_CmdSetRelAdd
                0x0000000008004eea       0x30 Drivers\STM32F4xx_HAL_Driver\Src\stm32f4xx_ll_sdmmc.o
                0x0000000008004eea                SDMMC_CmdSetRelAdd
 .text.SDMMC_CmdSendStatus
                0x0000000008004f1a       0x30 Drivers\STM32F4xx_HAL_Driver\Src\stm32f4xx_ll_sdmmc.o
                0x0000000008004f1a                SDMMC_CmdSendStatus
 *fill*         0x0000000008004f4a        0x2 
 .text.FATFS_LinkDriverEx
                0x0000000008004f4c       0x48 Middlewares\Third_Party\FatFs\src\ff_gen_drv.o
                0x0000000008004f4c                FATFS_LinkDriverEx
 .text.FATFS_LinkDriver
                0x0000000008004f94        0xa Middlewares\Third_Party\FatFs\src\ff_gen_drv.o
                0x0000000008004f94                FATFS_LinkDriver
 .text._uDelay  0x0000000008004f9e       0x1c Src\BNO055.o
                0x0000000008004f9e                _uDelay
 *fill*         0x0000000008004fba        0x2 
 .text.bno055_write8
                0x0000000008004fbc       0x38 Src\BNO055.o
                0x0000000008004fbc                bno055_write8
 .text.bno055_read8
                0x0000000008004ff4       0x4c Src\BNO055.o
                0x0000000008004ff4                bno055_read8
 .text.bno055_setOpMode
                0x0000000008005040        0xc Src\BNO055.o
                0x0000000008005040                bno055_setOpMode
 .text.bno055_setPwrMode
                0x000000000800504c        0xc Src\BNO055.o
                0x000000000800504c                bno055_setPwrMode
 .text.bno055_init
                0x0000000008005058       0x66 Src\BNO055.o
                0x0000000008005058                bno055_init
 *fill*         0x00000000080050be        0x2 
 .text.ACTUATOR_BuzzerStop
                0x00000000080050c0       0x10 Src\actuator.o
                0x00000000080050c0                ACTUATOR_BuzzerStop
 .text.ACTUATOR_LED
                0x00000000080050d0       0x64 Src\actuator.o
                0x00000000080050d0                ACTUATOR_LED
 .text.ACTUATOR_Init
                0x0000000008005134       0x54 Src\actuator.o
                0x0000000008005134                ACTUATOR_Init
 .text.ACTUATOR_MotorSetPWM
                0x0000000008005188       0x48 Src\actuator.o
                0x0000000008005188                ACTUATOR_MotorSetPWM
 .text.MX_ADC1_Init
                0x00000000080051d0       0xbc Src\adc.o
                0x00000000080051d0                MX_ADC1_Init
 .text.MX_ADC2_Init
                0x000000000800528c       0xc0 Src\adc.o
                0x000000000800528c                MX_ADC2_Init
 .text.MX_ADC3_Init
                0x000000000800534c       0x8c Src\adc.o
                0x000000000800534c                MX_ADC3_Init
 .text.HAL_ADC_MspInit
                0x00000000080053d8      0x290 Src\adc.o
                0x00000000080053d8                HAL_ADC_MspInit
 .text.BSP_SD_ReadBlocks
                0x0000000008005668       0x20 Src\bsp_driver_sd.o
                0x0000000008005668                BSP_SD_ReadBlocks
 .text.BSP_SD_WriteBlocks
                0x0000000008005688       0x20 Src\bsp_driver_sd.o
                0x0000000008005688                BSP_SD_WriteBlocks
 .text.BSP_SD_GetCardState
                0x00000000080056a8       0x14 Src\bsp_driver_sd.o
                0x00000000080056a8                BSP_SD_GetCardState
 .text.BSP_SD_GetCardInfo
                0x00000000080056bc       0x10 Src\bsp_driver_sd.o
                0x00000000080056bc                BSP_SD_GetCardInfo
 .text.BSP_SD_IsDetected
                0x00000000080056cc       0x20 Src\bsp_driver_sd.o
                0x00000000080056cc                BSP_SD_IsDetected
 .text.BSP_SD_Init
                0x00000000080056ec       0x34 Src\bsp_driver_sd.o
                0x00000000080056ec                BSP_SD_Init
 .text.CMD_DirectionRotate
                0x0000000008005720       0x2e Src\command.o
                0x0000000008005720                CMD_DirectionRotate
 .text.CMD_DirectionMazeToCmd
                0x000000000800574e       0x28 Src\command.o
                0x000000000800574e                CMD_DirectionMazeToCmd
 .text.CMD_AbsolutePathToRelative
                0x0000000008005776       0x32 Src\command.o
                0x0000000008005776                CMD_AbsolutePathToRelative
 .text.CMD_PathToCommand
                0x00000000080057a8      0x390 Src\command.o
                0x00000000080057a8                CMD_PathToCommand
 .text.MX_DMA_Init
                0x0000000008005b38       0x54 Src\dma.o
                0x0000000008005b38                MX_DMA_Init
 .text.MX_FATFS_Init
                0x0000000008005b8c       0x1c Src\fatfs.o
                0x0000000008005b8c                MX_FATFS_Init
 .text.BSP_PlatformIsDetected
                0x0000000008005ba8       0x1c Src\fatfs_platform.o
                0x0000000008005ba8                BSP_PlatformIsDetected
 .text.MX_GPIO_Init
                0x0000000008005bc4       0xf0 Src\gpio.o
                0x0000000008005bc4                MX_GPIO_Init
 .text.MX_I2C1_Init
                0x0000000008005cb4       0x3c Src\i2c.o
                0x0000000008005cb4                MX_I2C1_Init
 .text.HAL_I2C_MspInit
                0x0000000008005cf0       0x74 Src\i2c.o
                0x0000000008005cf0                HAL_I2C_MspInit
 .text.INSTR_CalcVel
                0x0000000008005d64       0x26 Src\instructions.o
                0x0000000008005d64                INSTR_CalcVel
 *fill*         0x0000000008005d8a        0x6 
 .text.INSTR_AddArc
                0x0000000008005d90       0xc8 Src\instructions.o
                0x0000000008005d90                INSTR_AddArc
 .text.INSTR_ResetInstrList
                0x0000000008005e58       0x32 Src\instructions.o
                0x0000000008005e58                INSTR_ResetInstrList
 *fill*         0x0000000008005e8a        0x6 
 .text.INSTR_CmdToInstr
                0x0000000008005e90      0x700 Src\instructions.o
                0x0000000008005e90                INSTR_CmdToInstr
 .text.INSTR_FillHalfList
                0x0000000008006590       0x34 Src\instructions.o
                0x0000000008006590                INSTR_FillHalfList
 .text.MAIN_SetPIDs
                0x00000000080065c4       0xc8 Src\main.o
                0x00000000080065c4                MAIN_SetPIDs
 .text._write   0x000000000800668c       0x20 Src\main.o
                0x000000000800668c                _write
 .text.SystemClock_Config
                0x00000000080066ac       0x94 Src\main.o
                0x00000000080066ac                SystemClock_Config
 .text.MAIN_GetMicros
                0x0000000008006740       0x1c Src\main.o
                0x0000000008006740                MAIN_GetMicros
 .text.main     0x000000000800675c       0xf4 Src\main.o
                0x000000000800675c                main
 .text.HAL_TIM_PeriodElapsedCallback
                0x0000000008006850       0x54 Src\main.o
                0x0000000008006850                HAL_TIM_PeriodElapsedCallback
 .text.HAL_ADC_ConvCpltCallback
                0x00000000080068a4        0x8 Src\main.o
                0x00000000080068a4                HAL_ADC_ConvCpltCallback
 .text.Error_Handler
                0x00000000080068ac        0x2 Src\main.o
                0x00000000080068ac                Error_Handler
 .text.MAZE_reverseDirection
                0x00000000080068ae       0x10 Src\maze.o
                0x00000000080068ae                MAZE_reverseDirection
 .text.MAZE_findCheapestNeighbor
                0x00000000080068be       0x94 Src\maze.o
                0x00000000080068be                MAZE_findCheapestNeighbor
 .text.MAZE_SetCostOfNeighbors
                0x0000000008006952       0x88 Src\maze.o
                0x0000000008006952                MAZE_SetCostOfNeighbors
 *fill*         0x00000000080069da        0x2 
 .text.MAZE_floodfill
                0x00000000080069dc       0xe0 Src\maze.o
                0x00000000080069dc                MAZE_floodfill
 .text.MAZE_updatePath
                0x0000000008006abc       0x18 Src\maze.o
                0x0000000008006abc                MAZE_updatePath
 .text.MOTION_MoveInstrId
                0x0000000008006ad4       0x5c Src\motionSystem.o
 .text.MOTION_NewInstraction
                0x0000000008006b30       0x60 Src\motionSystem.o
 .text.MOTION_SinusoidalVel
                0x0000000008006b90       0x80 Src\motionSystem.o
 .text.MOTION_StepVelocity
                0x0000000008006c10      0x1d8 Src\motionSystem.o
 .text.MOTION_Init
                0x0000000008006de8       0xcc Src\motionSystem.o
                0x0000000008006de8                MOTION_Init
 .text.MOTION_UpdateList
                0x0000000008006eb4       0x38 Src\motionSystem.o
                0x0000000008006eb4                MOTION_UpdateList
 .text.MOTION_ChcekForNewInstraction
                0x0000000008006eec       0xd8 Src\motionSystem.o
                0x0000000008006eec                MOTION_ChcekForNewInstraction
 .text.MOTION_resetList
                0x0000000008006fc4       0x2c Src\motionSystem.o
                0x0000000008006fc4                MOTION_resetList
 .text.MOTION_uTurnTest
                0x0000000008006ff0       0x88 Src\motionSystem.o
                0x0000000008006ff0                MOTION_uTurnTest
 .text.MOTION_SetVelocity
                0x0000000008007078       0x38 Src\motionSystem.o
                0x0000000008007078                MOTION_SetVelocity
 .text.MOTION_ProcessedInstraction
                0x00000000080070b0       0x58 Src\motionSystem.o
 .text.MOTION_Update
                0x0000000008007108       0x5c Src\motionSystem.o
                0x0000000008007108                MOTION_Update
 .text.MOTION_inPlaceRotation
                0x0000000008007164       0x78 Src\motionSystem.o
                0x0000000008007164                MOTION_inPlaceRotation
 .text.MOTOR_ControllerReset
                0x00000000080071dc       0x18 Src\motor.o
                0x00000000080071dc                MOTOR_ControllerReset
 .text.MOTOR_INIT
                0x00000000080071f4       0x60 Src\motor.o
                0x00000000080071f4                MOTOR_INIT
 .text.MOTOR_ControllerSet
                0x0000000008007254       0x12 Src\motor.o
                0x0000000008007254                MOTOR_ControllerSet
 .text.MOTOR_ControllerUpdate
                0x0000000008007266       0xb8 Src\motor.o
                0x0000000008007266                MOTOR_ControllerUpdate
 *fill*         0x000000000800731e        0x2 
 .text.MOTOR_SetVoltage
                0x0000000008007320       0x60 Src\motor.o
                0x0000000008007320                MOTOR_SetVoltage
 .text.MOTOR_SetMoment
                0x0000000008007380       0x54 Src\motor.o
                0x0000000008007380                MOTOR_SetMoment
 .text.MOTOR_SetVelocity
                0x00000000080073d4       0xe8 Src\motor.o
                0x00000000080073d4                MOTOR_SetVelocity
 .text.MOUSE_UpdateAbsoluOrientation
                0x00000000080074bc       0x6c Src\mouse.o
                0x00000000080074bc                MOUSE_UpdateAbsoluOrientation
 .text.MOUSE_ChcekForNewComand
                0x0000000008007528        0x8 Src\mouse.o
                0x0000000008007528                MOUSE_ChcekForNewComand
 .text.MOUSE_PrepareToStart
                0x0000000008007530       0x4c Src\mouse.o
                0x0000000008007530                MOUSE_PrepareToStart
 .text.MOUSE_SearchRun
                0x000000000800757c       0xa0 Src\mouse.o
                0x000000000800757c                MOUSE_SearchRun
 .text.MOUSE_SpeedRun
                0x000000000800761c       0x8c Src\mouse.o
                0x000000000800761c                MOUSE_SpeedRun
 .text.MOUSE_ReturnToStart
                0x00000000080076a8       0x80 Src\mouse.o
                0x00000000080076a8                MOUSE_ReturnToStart
 .text.SD_CheckStatus
                0x0000000008007728       0x24 Src\sd_diskio.o
 .text.SD_initialize
                0x000000000800774c       0x28 Src\sd_diskio.o
                0x000000000800774c                SD_initialize
 .text.SD_status
                0x0000000008007774        0x8 Src\sd_diskio.o
                0x0000000008007774                SD_status
 .text.SD_read  0x000000000800777c       0x20 Src\sd_diskio.o
                0x000000000800777c                SD_read
 .text.SD_write
                0x000000000800779c       0x20 Src\sd_diskio.o
                0x000000000800779c                SD_write
 .text.SD_ioctl
                0x00000000080077bc       0x5c Src\sd_diskio.o
                0x00000000080077bc                SD_ioctl
 .text.MX_SDIO_SD_Init
                0x0000000008007818       0x20 Src\sdio.o
                0x0000000008007818                MX_SDIO_SD_Init
 .text.HAL_SD_MspInit
                0x0000000008007838       0xc4 Src\sdio.o
                0x0000000008007838                HAL_SD_MspInit
 .text.SENSOR_FilterResetFloat
                0x00000000080078fc       0x14 Src\sensors.o
 .text.SENSORS_Init
                0x0000000008007910       0x98 Src\sensors.o
                0x0000000008007910                SENSORS_Init
 .text.SENSORS_irVal2dist
                0x00000000080079a8       0xa0 Src\sensors.o
                0x00000000080079a8                SENSORS_irVal2dist
 .text.SENSORS_irRead
                0x0000000008007a48       0x34 Src\sensors.o
                0x0000000008007a48                SENSORS_irRead
 .text.SENSORS_AdcCallback
                0x0000000008007a7c       0x50 Src\sensors.o
                0x0000000008007a7c                SENSORS_AdcCallback
 *fill*         0x0000000008007acc        0x4 
 .text.SENSORS_EncoderUpdateValues
                0x0000000008007ad0      0x100 Src\sensors.o
                0x0000000008007ad0                SENSORS_EncoderUpdateValues
 .text.SENSORS_EncoderTimCallback
                0x0000000008007bd0       0x48 Src\sensors.o
                0x0000000008007bd0                SENSORS_EncoderTimCallback
 .text.SENSOR_FilterAdd
                0x0000000008007c18       0x24 Src\sensors.o
                0x0000000008007c18                SENSOR_FilterAdd
 .text.SENSOR_FilterGet
                0x0000000008007c3c       0x24 Src\sensors.o
                0x0000000008007c3c                SENSOR_FilterGet
 .text.SENSORS_AdcUpdateValues
                0x0000000008007c60      0x1b4 Src\sensors.o
                0x0000000008007c60                SENSORS_AdcUpdateValues
 .text.SENSOR_FilterAddFloat
                0x0000000008007e14       0x2c Src\sensors.o
                0x0000000008007e14                SENSOR_FilterAddFloat
 .text.SENSOR_FilterGetFloat
                0x0000000008007e40       0x28 Src\sensors.o
                0x0000000008007e40                SENSOR_FilterGetFloat
 .text.SENSORS_vectorsCalc
                0x0000000008007e68      0x1d8 Src\sensors.o
                0x0000000008007e68                SENSORS_vectorsCalc
 .text.SENSORS_Update
                0x0000000008008040       0x10 Src\sensors.o
                0x0000000008008040                SENSORS_Update
 .text.HAL_MspInit
                0x0000000008008050       0x38 Src\stm32f4xx_hal_msp.o
                0x0000000008008050                HAL_MspInit
 .text.NMI_Handler
                0x0000000008008088        0x2 Src\stm32f4xx_it.o
                0x0000000008008088                NMI_Handler
 .text.HardFault_Handler
                0x000000000800808a        0x2 Src\stm32f4xx_it.o
                0x000000000800808a                HardFault_Handler
 .text.MemManage_Handler
                0x000000000800808c        0x2 Src\stm32f4xx_it.o
                0x000000000800808c                MemManage_Handler
 .text.BusFault_Handler
                0x000000000800808e        0x2 Src\stm32f4xx_it.o
                0x000000000800808e                BusFault_Handler
 .text.UsageFault_Handler
                0x0000000008008090        0x2 Src\stm32f4xx_it.o
                0x0000000008008090                UsageFault_Handler
 .text.SVC_Handler
                0x0000000008008092        0x2 Src\stm32f4xx_it.o
                0x0000000008008092                SVC_Handler
 .text.DebugMon_Handler
                0x0000000008008094        0x2 Src\stm32f4xx_it.o
                0x0000000008008094                DebugMon_Handler
 .text.PendSV_Handler
                0x0000000008008096        0x2 Src\stm32f4xx_it.o
                0x0000000008008096                PendSV_Handler
 .text.SysTick_Handler
                0x0000000008008098        0x8 Src\stm32f4xx_it.o
                0x0000000008008098                SysTick_Handler
 .text.ADC_IRQHandler
                0x00000000080080a0       0x24 Src\stm32f4xx_it.o
                0x00000000080080a0                ADC_IRQHandler
 .text.TIM1_UP_TIM10_IRQHandler
                0x00000000080080c4       0x10 Src\stm32f4xx_it.o
                0x00000000080080c4                TIM1_UP_TIM10_IRQHandler
 .text.TIM2_IRQHandler
                0x00000000080080d4       0x10 Src\stm32f4xx_it.o
                0x00000000080080d4                TIM2_IRQHandler
 .text.TIM3_IRQHandler
                0x00000000080080e4       0x10 Src\stm32f4xx_it.o
                0x00000000080080e4                TIM3_IRQHandler
 .text.TIM8_BRK_TIM12_IRQHandler
                0x00000000080080f4       0x10 Src\stm32f4xx_it.o
                0x00000000080080f4                TIM8_BRK_TIM12_IRQHandler
 .text.TIM5_IRQHandler
                0x0000000008008104       0x10 Src\stm32f4xx_it.o
                0x0000000008008104                TIM5_IRQHandler
 .text.DMA2_Stream0_IRQHandler
                0x0000000008008114       0x10 Src\stm32f4xx_it.o
                0x0000000008008114                DMA2_Stream0_IRQHandler
 .text.DMA2_Stream1_IRQHandler
                0x0000000008008124       0x10 Src\stm32f4xx_it.o
                0x0000000008008124                DMA2_Stream1_IRQHandler
 .text.DMA2_Stream2_IRQHandler
                0x0000000008008134       0x10 Src\stm32f4xx_it.o
                0x0000000008008134                DMA2_Stream2_IRQHandler
 .text._read    0x0000000008008144       0x1c Src\syscalls.o
                0x0000000008008144                _read
 .text._close   0x0000000008008160        0x6 Src\syscalls.o
                0x0000000008008160                _close
 .text._fstat   0x0000000008008166        0xa Src\syscalls.o
                0x0000000008008166                _fstat
 .text._isatty  0x0000000008008170        0x4 Src\syscalls.o
                0x0000000008008170                _isatty
 .text._lseek   0x0000000008008174        0x4 Src\syscalls.o
                0x0000000008008174                _lseek
 .text._sbrk    0x0000000008008178       0x3c Src\sysmem.o
                0x0000000008008178                _sbrk
 .text.SystemInit
                0x00000000080081b4       0x1c Src\system_stm32f4xx.o
                0x00000000080081b4                SystemInit
 .text.MX_TIM2_Init
                0x00000000080081d0       0x74 Src\tim.o
                0x00000000080081d0                MX_TIM2_Init
 .text.MX_TIM3_Init
                0x0000000008008244       0x6c Src\tim.o
                0x0000000008008244                MX_TIM3_Init
 .text.MX_TIM5_Init
                0x00000000080082b0       0x6c Src\tim.o
                0x00000000080082b0                MX_TIM5_Init
 .text.MX_TIM12_Init
                0x000000000800831c       0x58 Src\tim.o
                0x000000000800831c                MX_TIM12_Init
 .text.HAL_TIM_Base_MspInit
                0x0000000008008374      0x110 Src\tim.o
                0x0000000008008374                HAL_TIM_Base_MspInit
 .text.HAL_TIM_Encoder_MspInit
                0x0000000008008484       0xd8 Src\tim.o
                0x0000000008008484                HAL_TIM_Encoder_MspInit
 .text.HAL_TIM_MspPostInit
                0x000000000800855c      0x104 Src\tim.o
                0x000000000800855c                HAL_TIM_MspPostInit
 .text.MX_TIM1_Init
                0x0000000008008660      0x11c Src\tim.o
                0x0000000008008660                MX_TIM1_Init
 .text.MX_TIM4_Init
                0x000000000800877c       0xb4 Src\tim.o
                0x000000000800877c                MX_TIM4_Init
 .text.MX_TIM9_Init
                0x0000000008008830       0x94 Src\tim.o
                0x0000000008008830                MX_TIM9_Init
 .text.MX_TIM14_Init
                0x00000000080088c4       0x74 Src\tim.o
                0x00000000080088c4                MX_TIM14_Init
 .text.MX_USART3_UART_Init
                0x0000000008008938       0x34 Src\usart.o
                0x0000000008008938                MX_USART3_UART_Init
 .text.HAL_UART_MspInit
                0x000000000800896c       0x70 Src\usart.o
                0x000000000800896c                HAL_UART_MspInit
 .text.Reset_Handler
                0x00000000080089dc       0x50 Startup\startup_stm32f405rgtx.o
                0x00000000080089dc                Reset_Handler
 .text.Default_Handler
                0x0000000008008a2c        0x2 Startup\startup_stm32f405rgtx.o
                0x0000000008008a2c                RTC_Alarm_IRQHandler
                0x0000000008008a2c                HASH_RNG_IRQHandler
                0x0000000008008a2c                EXTI2_IRQHandler
                0x0000000008008a2c                TIM8_CC_IRQHandler
                0x0000000008008a2c                TIM1_CC_IRQHandler
                0x0000000008008a2c                DMA2_Stream5_IRQHandler
                0x0000000008008a2c                DMA1_Stream5_IRQHandler
                0x0000000008008a2c                PVD_IRQHandler
                0x0000000008008a2c                SDIO_IRQHandler
                0x0000000008008a2c                TAMP_STAMP_IRQHandler
                0x0000000008008a2c                CAN2_RX1_IRQHandler
                0x0000000008008a2c                EXTI3_IRQHandler
                0x0000000008008a2c                TIM8_TRG_COM_TIM14_IRQHandler
                0x0000000008008a2c                TIM8_UP_TIM13_IRQHandler
                0x0000000008008a2c                I2C3_ER_IRQHandler
                0x0000000008008a2c                EXTI0_IRQHandler
                0x0000000008008a2c                I2C2_EV_IRQHandler
                0x0000000008008a2c                DMA1_Stream2_IRQHandler
                0x0000000008008a2c                CAN1_RX0_IRQHandler
                0x0000000008008a2c                FPU_IRQHandler
                0x0000000008008a2c                OTG_HS_WKUP_IRQHandler
                0x0000000008008a2c                CAN2_SCE_IRQHandler
                0x0000000008008a2c                SPI1_IRQHandler
                0x0000000008008a2c                TIM6_DAC_IRQHandler
                0x0000000008008a2c                TIM1_BRK_TIM9_IRQHandler
                0x0000000008008a2c                CAN2_RX0_IRQHandler
                0x0000000008008a2c                DMA2_Stream3_IRQHandler
                0x0000000008008a2c                USART6_IRQHandler
                0x0000000008008a2c                USART3_IRQHandler
                0x0000000008008a2c                CAN1_RX1_IRQHandler
                0x0000000008008a2c                UART5_IRQHandler
                0x0000000008008a2c                TIM4_IRQHandler
                0x0000000008008a2c                I2C1_EV_IRQHandler
                0x0000000008008a2c                DMA1_Stream6_IRQHandler
                0x0000000008008a2c                DMA1_Stream1_IRQHandler
                0x0000000008008a2c                UART4_IRQHandler
                0x0000000008008a2c                RCC_IRQHandler
                0x0000000008008a2c                Default_Handler
                0x0000000008008a2c                EXTI15_10_IRQHandler
                0x0000000008008a2c                DMA1_Stream7_IRQHandler
                0x0000000008008a2c                TIM7_IRQHandler
                0x0000000008008a2c                CAN2_TX_IRQHandler
                0x0000000008008a2c                DMA2_Stream7_IRQHandler
                0x0000000008008a2c                I2C3_EV_IRQHandler
                0x0000000008008a2c                EXTI9_5_IRQHandler
                0x0000000008008a2c                RTC_WKUP_IRQHandler
                0x0000000008008a2c                SPI2_IRQHandler
                0x0000000008008a2c                OTG_HS_EP1_IN_IRQHandler
                0x0000000008008a2c                DMA1_Stream0_IRQHandler
                0x0000000008008a2c                CAN1_TX_IRQHandler
                0x0000000008008a2c                EXTI4_IRQHandler
                0x0000000008008a2c                FSMC_IRQHandler
                0x0000000008008a2c                OTG_HS_EP1_OUT_IRQHandler
                0x0000000008008a2c                WWDG_IRQHandler
                0x0000000008008a2c                OTG_FS_WKUP_IRQHandler
                0x0000000008008a2c                TIM1_TRG_COM_TIM11_IRQHandler
                0x0000000008008a2c                OTG_HS_IRQHandler
                0x0000000008008a2c                EXTI1_IRQHandler
                0x0000000008008a2c                USART2_IRQHandler
                0x0000000008008a2c                I2C2_ER_IRQHandler
                0x0000000008008a2c                CAN1_SCE_IRQHandler
                0x0000000008008a2c                FLASH_IRQHandler
                0x0000000008008a2c                DMA2_Stream4_IRQHandler
                0x0000000008008a2c                USART1_IRQHandler
                0x0000000008008a2c                OTG_FS_IRQHandler
                0x0000000008008a2c                SPI3_IRQHandler
                0x0000000008008a2c                DMA1_Stream4_IRQHandler
                0x0000000008008a2c                I2C1_ER_IRQHandler
                0x0000000008008a2c                DMA2_Stream6_IRQHandler
                0x0000000008008a2c                DMA1_Stream3_IRQHandler
 *fill*         0x0000000008008a2e        0x2 
 .text.__errno  0x0000000008008a30        0xc c:/st/stm32cubeide_1.0.2/stm32cubeide/plugins/com.st.stm32cube.ide.mcu.externaltools.gnu-tools-for-stm32.7-2018-q2-update.win32_1.0.0.201904181610/tools/bin/../lib/gcc/arm-none-eabi/7.3.1/../../../../arm-none-eabi/lib/thumb/v7e-m/fpv4-sp/hard\libc_nano.a(lib_a-errno.o)
                0x0000000008008a30                __errno
 .text.__libc_init_array
                0x0000000008008a3c       0x48 c:/st/stm32cubeide_1.0.2/stm32cubeide/plugins/com.st.stm32cube.ide.mcu.externaltools.gnu-tools-for-stm32.7-2018-q2-update.win32_1.0.0.201904181610/tools/bin/../lib/gcc/arm-none-eabi/7.3.1/../../../../arm-none-eabi/lib/thumb/v7e-m/fpv4-sp/hard\libc_nano.a(lib_a-init.o)
                0x0000000008008a3c                __libc_init_array
 .text.memset   0x0000000008008a84       0x10 c:/st/stm32cubeide_1.0.2/stm32cubeide/plugins/com.st.stm32cube.ide.mcu.externaltools.gnu-tools-for-stm32.7-2018-q2-update.win32_1.0.0.201904181610/tools/bin/../lib/gcc/arm-none-eabi/7.3.1/../../../../arm-none-eabi/lib/thumb/v7e-m/fpv4-sp/hard\libc_nano.a(lib_a-memset.o)
                0x0000000008008a84                memset
 .text.__cvt    0x0000000008008a94       0xc2 c:/st/stm32cubeide_1.0.2/stm32cubeide/plugins/com.st.stm32cube.ide.mcu.externaltools.gnu-tools-for-stm32.7-2018-q2-update.win32_1.0.0.201904181610/tools/bin/../lib/gcc/arm-none-eabi/7.3.1/../../../../arm-none-eabi/lib/thumb/v7e-m/fpv4-sp/hard\libc_nano.a(lib_a-nano-vfprintf_float.o)
                0x0000000008008a94                __cvt
 .text.__exponent
                0x0000000008008b56       0x66 c:/st/stm32cubeide_1.0.2/stm32cubeide/plugins/com.st.stm32cube.ide.mcu.externaltools.gnu-tools-for-stm32.7-2018-q2-update.win32_1.0.0.201904181610/tools/bin/../lib/gcc/arm-none-eabi/7.3.1/../../../../arm-none-eabi/lib/thumb/v7e-m/fpv4-sp/hard\libc_nano.a(lib_a-nano-vfprintf_float.o)
                0x0000000008008b56                __exponent
 .text._printf_float
                0x0000000008008bbc      0x480 c:/st/stm32cubeide_1.0.2/stm32cubeide/plugins/com.st.stm32cube.ide.mcu.externaltools.gnu-tools-for-stm32.7-2018-q2-update.win32_1.0.0.201904181610/tools/bin/../lib/gcc/arm-none-eabi/7.3.1/../../../../arm-none-eabi/lib/thumb/v7e-m/fpv4-sp/hard\libc_nano.a(lib_a-nano-vfprintf_float.o)
                0x0000000008008bbc                _printf_float
 .text._printf_common
                0x000000000800903c       0xea c:/st/stm32cubeide_1.0.2/stm32cubeide/plugins/com.st.stm32cube.ide.mcu.externaltools.gnu-tools-for-stm32.7-2018-q2-update.win32_1.0.0.201904181610/tools/bin/../lib/gcc/arm-none-eabi/7.3.1/../../../../arm-none-eabi/lib/thumb/v7e-m/fpv4-sp/hard\libc_nano.a(lib_a-nano-vfprintf_i.o)
                0x000000000800903c                _printf_common
 *fill*         0x0000000008009126        0x2 
 .text._printf_i
                0x0000000008009128      0x224 c:/st/stm32cubeide_1.0.2/stm32cubeide/plugins/com.st.stm32cube.ide.mcu.externaltools.gnu-tools-for-stm32.7-2018-q2-update.win32_1.0.0.201904181610/tools/bin/../lib/gcc/arm-none-eabi/7.3.1/../../../../arm-none-eabi/lib/thumb/v7e-m/fpv4-sp/hard\libc_nano.a(lib_a-nano-vfprintf_i.o)
                0x0000000008009128                _printf_i
 .text.printf   0x000000000800934c       0x30 c:/st/stm32cubeide_1.0.2/stm32cubeide/plugins/com.st.stm32cube.ide.mcu.externaltools.gnu-tools-for-stm32.7-2018-q2-update.win32_1.0.0.201904181610/tools/bin/../lib/gcc/arm-none-eabi/7.3.1/../../../../arm-none-eabi/lib/thumb/v7e-m/fpv4-sp/hard\libc_nano.a(lib_a-printf.o)
                0x000000000800934c                iprintf
                0x000000000800934c                printf
 .text.quorem   0x000000000800937c      0x118 c:/st/stm32cubeide_1.0.2/stm32cubeide/plugins/com.st.stm32cube.ide.mcu.externaltools.gnu-tools-for-stm32.7-2018-q2-update.win32_1.0.0.201904181610/tools/bin/../lib/gcc/arm-none-eabi/7.3.1/../../../../arm-none-eabi/lib/thumb/v7e-m/fpv4-sp/hard\libc_nano.a(lib_a-dtoa.o)
 *fill*         0x0000000008009494        0x4 
 .text._dtoa_r  0x0000000008009498      0xb70 c:/st/stm32cubeide_1.0.2/stm32cubeide/plugins/com.st.stm32cube.ide.mcu.externaltools.gnu-tools-for-stm32.7-2018-q2-update.win32_1.0.0.201904181610/tools/bin/../lib/gcc/arm-none-eabi/7.3.1/../../../../arm-none-eabi/lib/thumb/v7e-m/fpv4-sp/hard\libc_nano.a(lib_a-dtoa.o)
                0x0000000008009498                _dtoa_r
 .text.std      0x000000000800a008       0x48 c:/st/stm32cubeide_1.0.2/stm32cubeide/plugins/com.st.stm32cube.ide.mcu.externaltools.gnu-tools-for-stm32.7-2018-q2-update.win32_1.0.0.201904181610/tools/bin/../lib/gcc/arm-none-eabi/7.3.1/../../../../arm-none-eabi/lib/thumb/v7e-m/fpv4-sp/hard\libc_nano.a(lib_a-findfp.o)
 .text._cleanup_r
                0x000000000800a050        0xc c:/st/stm32cubeide_1.0.2/stm32cubeide/plugins/com.st.stm32cube.ide.mcu.externaltools.gnu-tools-for-stm32.7-2018-q2-update.win32_1.0.0.201904181610/tools/bin/../lib/gcc/arm-none-eabi/7.3.1/../../../../arm-none-eabi/lib/thumb/v7e-m/fpv4-sp/hard\libc_nano.a(lib_a-findfp.o)
                0x000000000800a050                _cleanup_r
 .text.__sfmoreglue
                0x000000000800a05c       0x2c c:/st/stm32cubeide_1.0.2/stm32cubeide/plugins/com.st.stm32cube.ide.mcu.externaltools.gnu-tools-for-stm32.7-2018-q2-update.win32_1.0.0.201904181610/tools/bin/../lib/gcc/arm-none-eabi/7.3.1/../../../../arm-none-eabi/lib/thumb/v7e-m/fpv4-sp/hard\libc_nano.a(lib_a-findfp.o)
                0x000000000800a05c                __sfmoreglue
 .text.__sinit  0x000000000800a088       0x60 c:/st/stm32cubeide_1.0.2/stm32cubeide/plugins/com.st.stm32cube.ide.mcu.externaltools.gnu-tools-for-stm32.7-2018-q2-update.win32_1.0.0.201904181610/tools/bin/../lib/gcc/arm-none-eabi/7.3.1/../../../../arm-none-eabi/lib/thumb/v7e-m/fpv4-sp/hard\libc_nano.a(lib_a-findfp.o)
                0x000000000800a088                __sinit
 .text.__sfp    0x000000000800a0e8       0x78 c:/st/stm32cubeide_1.0.2/stm32cubeide/plugins/com.st.stm32cube.ide.mcu.externaltools.gnu-tools-for-stm32.7-2018-q2-update.win32_1.0.0.201904181610/tools/bin/../lib/gcc/arm-none-eabi/7.3.1/../../../../arm-none-eabi/lib/thumb/v7e-m/fpv4-sp/hard\libc_nano.a(lib_a-findfp.o)
                0x000000000800a0e8                __sfp
 .text._fwalk_reent
                0x000000000800a160       0x3c c:/st/stm32cubeide_1.0.2/stm32cubeide/plugins/com.st.stm32cube.ide.mcu.externaltools.gnu-tools-for-stm32.7-2018-q2-update.win32_1.0.0.201904181610/tools/bin/../lib/gcc/arm-none-eabi/7.3.1/../../../../arm-none-eabi/lib/thumb/v7e-m/fpv4-sp/hard\libc_nano.a(lib_a-fwalk.o)
                0x000000000800a160                _fwalk_reent
 .text._localeconv_r
                0x000000000800a19c       0x1c c:/st/stm32cubeide_1.0.2/stm32cubeide/plugins/com.st.stm32cube.ide.mcu.externaltools.gnu-tools-for-stm32.7-2018-q2-update.win32_1.0.0.201904181610/tools/bin/../lib/gcc/arm-none-eabi/7.3.1/../../../../arm-none-eabi/lib/thumb/v7e-m/fpv4-sp/hard\libc_nano.a(lib_a-localeconv.o)
                0x000000000800a19c                _localeconv_r
 .text.malloc   0x000000000800a1b8       0x10 c:/st/stm32cubeide_1.0.2/stm32cubeide/plugins/com.st.stm32cube.ide.mcu.externaltools.gnu-tools-for-stm32.7-2018-q2-update.win32_1.0.0.201904181610/tools/bin/../lib/gcc/arm-none-eabi/7.3.1/../../../../arm-none-eabi/lib/thumb/v7e-m/fpv4-sp/hard\libc_nano.a(lib_a-malloc.o)
                0x000000000800a1b8                malloc
 .text.memcpy   0x000000000800a1c8       0x16 c:/st/stm32cubeide_1.0.2/stm32cubeide/plugins/com.st.stm32cube.ide.mcu.externaltools.gnu-tools-for-stm32.7-2018-q2-update.win32_1.0.0.201904181610/tools/bin/../lib/gcc/arm-none-eabi/7.3.1/../../../../arm-none-eabi/lib/thumb/v7e-m/fpv4-sp/hard\libc_nano.a(lib_a-memcpy-stub.o)
                0x000000000800a1c8                memcpy
 .text._Balloc  0x000000000800a1de       0x68 c:/st/stm32cubeide_1.0.2/stm32cubeide/plugins/com.st.stm32cube.ide.mcu.externaltools.gnu-tools-for-stm32.7-2018-q2-update.win32_1.0.0.201904181610/tools/bin/../lib/gcc/arm-none-eabi/7.3.1/../../../../arm-none-eabi/lib/thumb/v7e-m/fpv4-sp/hard\libc_nano.a(lib_a-mprec.o)
                0x000000000800a1de                _Balloc
 .text._Bfree   0x000000000800a246       0x2e c:/st/stm32cubeide_1.0.2/stm32cubeide/plugins/com.st.stm32cube.ide.mcu.externaltools.gnu-tools-for-stm32.7-2018-q2-update.win32_1.0.0.201904181610/tools/bin/../lib/gcc/arm-none-eabi/7.3.1/../../../../arm-none-eabi/lib/thumb/v7e-m/fpv4-sp/hard\libc_nano.a(lib_a-mprec.o)
                0x000000000800a246                _Bfree
 .text.__multadd
                0x000000000800a274       0x76 c:/st/stm32cubeide_1.0.2/stm32cubeide/plugins/com.st.stm32cube.ide.mcu.externaltools.gnu-tools-for-stm32.7-2018-q2-update.win32_1.0.0.201904181610/tools/bin/../lib/gcc/arm-none-eabi/7.3.1/../../../../arm-none-eabi/lib/thumb/v7e-m/fpv4-sp/hard\libc_nano.a(lib_a-mprec.o)
                0x000000000800a274                __multadd
 .text.__hi0bits
                0x000000000800a2ea       0x3e c:/st/stm32cubeide_1.0.2/stm32cubeide/plugins/com.st.stm32cube.ide.mcu.externaltools.gnu-tools-for-stm32.7-2018-q2-update.win32_1.0.0.201904181610/tools/bin/../lib/gcc/arm-none-eabi/7.3.1/../../../../arm-none-eabi/lib/thumb/v7e-m/fpv4-sp/hard\libc_nano.a(lib_a-mprec.o)
                0x000000000800a2ea                __hi0bits
 .text.__lo0bits
                0x000000000800a328       0x5e c:/st/stm32cubeide_1.0.2/stm32cubeide/plugins/com.st.stm32cube.ide.mcu.externaltools.gnu-tools-for-stm32.7-2018-q2-update.win32_1.0.0.201904181610/tools/bin/../lib/gcc/arm-none-eabi/7.3.1/../../../../arm-none-eabi/lib/thumb/v7e-m/fpv4-sp/hard\libc_nano.a(lib_a-mprec.o)
                0x000000000800a328                __lo0bits
 .text.__i2b    0x000000000800a386       0x12 c:/st/stm32cubeide_1.0.2/stm32cubeide/plugins/com.st.stm32cube.ide.mcu.externaltools.gnu-tools-for-stm32.7-2018-q2-update.win32_1.0.0.201904181610/tools/bin/../lib/gcc/arm-none-eabi/7.3.1/../../../../arm-none-eabi/lib/thumb/v7e-m/fpv4-sp/hard\libc_nano.a(lib_a-mprec.o)
                0x000000000800a386                __i2b
 .text.__multiply
                0x000000000800a398      0x12c c:/st/stm32cubeide_1.0.2/stm32cubeide/plugins/com.st.stm32cube.ide.mcu.externaltools.gnu-tools-for-stm32.7-2018-q2-update.win32_1.0.0.201904181610/tools/bin/../lib/gcc/arm-none-eabi/7.3.1/../../../../arm-none-eabi/lib/thumb/v7e-m/fpv4-sp/hard\libc_nano.a(lib_a-mprec.o)
                0x000000000800a398                __multiply
 .text.__pow5mult
                0x000000000800a4c4       0x9c c:/st/stm32cubeide_1.0.2/stm32cubeide/plugins/com.st.stm32cube.ide.mcu.externaltools.gnu-tools-for-stm32.7-2018-q2-update.win32_1.0.0.201904181610/tools/bin/../lib/gcc/arm-none-eabi/7.3.1/../../../../arm-none-eabi/lib/thumb/v7e-m/fpv4-sp/hard\libc_nano.a(lib_a-mprec.o)
                0x000000000800a4c4                __pow5mult
 .text.__lshift
                0x000000000800a560       0xa8 c:/st/stm32cubeide_1.0.2/stm32cubeide/plugins/com.st.stm32cube.ide.mcu.externaltools.gnu-tools-for-stm32.7-2018-q2-update.win32_1.0.0.201904181610/tools/bin/../lib/gcc/arm-none-eabi/7.3.1/../../../../arm-none-eabi/lib/thumb/v7e-m/fpv4-sp/hard\libc_nano.a(lib_a-mprec.o)
                0x000000000800a560                __lshift
 .text.__mcmp   0x000000000800a608       0x34 c:/st/stm32cubeide_1.0.2/stm32cubeide/plugins/com.st.stm32cube.ide.mcu.externaltools.gnu-tools-for-stm32.7-2018-q2-update.win32_1.0.0.201904181610/tools/bin/../lib/gcc/arm-none-eabi/7.3.1/../../../../arm-none-eabi/lib/thumb/v7e-m/fpv4-sp/hard\libc_nano.a(lib_a-mprec.o)
                0x000000000800a608                __mcmp
 .text.__mdiff  0x000000000800a63c       0xba c:/st/stm32cubeide_1.0.2/stm32cubeide/plugins/com.st.stm32cube.ide.mcu.externaltools.gnu-tools-for-stm32.7-2018-q2-update.win32_1.0.0.201904181610/tools/bin/../lib/gcc/arm-none-eabi/7.3.1/../../../../arm-none-eabi/lib/thumb/v7e-m/fpv4-sp/hard\libc_nano.a(lib_a-mprec.o)
                0x000000000800a63c                __mdiff
 .text.__d2b    0x000000000800a6f6       0x9e c:/st/stm32cubeide_1.0.2/stm32cubeide/plugins/com.st.stm32cube.ide.mcu.externaltools.gnu-tools-for-stm32.7-2018-q2-update.win32_1.0.0.201904181610/tools/bin/../lib/gcc/arm-none-eabi/7.3.1/../../../../arm-none-eabi/lib/thumb/v7e-m/fpv4-sp/hard\libc_nano.a(lib_a-mprec.o)
                0x000000000800a6f6                __d2b
 .text._calloc_r
                0x000000000800a794       0x1c c:/st/stm32cubeide_1.0.2/stm32cubeide/plugins/com.st.stm32cube.ide.mcu.externaltools.gnu-tools-for-stm32.7-2018-q2-update.win32_1.0.0.201904181610/tools/bin/../lib/gcc/arm-none-eabi/7.3.1/../../../../arm-none-eabi/lib/thumb/v7e-m/fpv4-sp/hard\libc_nano.a(lib_a-nano-callocr.o)
                0x000000000800a794                _calloc_r
 .text._free_r  0x000000000800a7b0       0x9c c:/st/stm32cubeide_1.0.2/stm32cubeide/plugins/com.st.stm32cube.ide.mcu.externaltools.gnu-tools-for-stm32.7-2018-q2-update.win32_1.0.0.201904181610/tools/bin/../lib/gcc/arm-none-eabi/7.3.1/../../../../arm-none-eabi/lib/thumb/v7e-m/fpv4-sp/hard\libc_nano.a(lib_a-nano-freer.o)
                0x000000000800a7b0                _free_r
 .text._malloc_r
                0x000000000800a84c       0xb4 c:/st/stm32cubeide_1.0.2/stm32cubeide/plugins/com.st.stm32cube.ide.mcu.externaltools.gnu-tools-for-stm32.7-2018-q2-update.win32_1.0.0.201904181610/tools/bin/../lib/gcc/arm-none-eabi/7.3.1/../../../../arm-none-eabi/lib/thumb/v7e-m/fpv4-sp/hard\libc_nano.a(lib_a-nano-mallocr.o)
                0x000000000800a84c                _malloc_r
 .text.__sfputc_r
                0x000000000800a900       0x2e c:/st/stm32cubeide_1.0.2/stm32cubeide/plugins/com.st.stm32cube.ide.mcu.externaltools.gnu-tools-for-stm32.7-2018-q2-update.win32_1.0.0.201904181610/tools/bin/../lib/gcc/arm-none-eabi/7.3.1/../../../../arm-none-eabi/lib/thumb/v7e-m/fpv4-sp/hard\libc_nano.a(lib_a-nano-vfprintf.o)
 .text.__sfputs_r
                0x000000000800a92e       0x24 c:/st/stm32cubeide_1.0.2/stm32cubeide/plugins/com.st.stm32cube.ide.mcu.externaltools.gnu-tools-for-stm32.7-2018-q2-update.win32_1.0.0.201904181610/tools/bin/../lib/gcc/arm-none-eabi/7.3.1/../../../../arm-none-eabi/lib/thumb/v7e-m/fpv4-sp/hard\libc_nano.a(lib_a-nano-vfprintf.o)
                0x000000000800a92e                __sfputs_r
 *fill*         0x000000000800a952        0x2 
 .text._vfprintf_r
                0x000000000800a954      0x22c c:/st/stm32cubeide_1.0.2/stm32cubeide/plugins/com.st.stm32cube.ide.mcu.externaltools.gnu-tools-for-stm32.7-2018-q2-update.win32_1.0.0.201904181610/tools/bin/../lib/gcc/arm-none-eabi/7.3.1/../../../../arm-none-eabi/lib/thumb/v7e-m/fpv4-sp/hard\libc_nano.a(lib_a-nano-vfprintf.o)
                0x000000000800a954                _vfprintf_r
                0x000000000800a954                _vfiprintf_r
 .text._sbrk_r  0x000000000800ab80       0x20 c:/st/stm32cubeide_1.0.2/stm32cubeide/plugins/com.st.stm32cube.ide.mcu.externaltools.gnu-tools-for-stm32.7-2018-q2-update.win32_1.0.0.201904181610/tools/bin/../lib/gcc/arm-none-eabi/7.3.1/../../../../arm-none-eabi/lib/thumb/v7e-m/fpv4-sp/hard\libc_nano.a(lib_a-sbrkr.o)
                0x000000000800ab80                _sbrk_r
 .text.__sread  0x000000000800aba0       0x22 c:/st/stm32cubeide_1.0.2/stm32cubeide/plugins/com.st.stm32cube.ide.mcu.externaltools.gnu-tools-for-stm32.7-2018-q2-update.win32_1.0.0.201904181610/tools/bin/../lib/gcc/arm-none-eabi/7.3.1/../../../../arm-none-eabi/lib/thumb/v7e-m/fpv4-sp/hard\libc_nano.a(lib_a-stdio.o)
                0x000000000800aba0                __sread
 .text.__swrite
                0x000000000800abc2       0x38 c:/st/stm32cubeide_1.0.2/stm32cubeide/plugins/com.st.stm32cube.ide.mcu.externaltools.gnu-tools-for-stm32.7-2018-q2-update.win32_1.0.0.201904181610/tools/bin/../lib/gcc/arm-none-eabi/7.3.1/../../../../arm-none-eabi/lib/thumb/v7e-m/fpv4-sp/hard\libc_nano.a(lib_a-stdio.o)
                0x000000000800abc2                __swrite
 .text.__sseek  0x000000000800abfa       0x24 c:/st/stm32cubeide_1.0.2/stm32cubeide/plugins/com.st.stm32cube.ide.mcu.externaltools.gnu-tools-for-stm32.7-2018-q2-update.win32_1.0.0.201904181610/tools/bin/../lib/gcc/arm-none-eabi/7.3.1/../../../../arm-none-eabi/lib/thumb/v7e-m/fpv4-sp/hard\libc_nano.a(lib_a-stdio.o)
                0x000000000800abfa                __sseek
 .text.__sclose
                0x000000000800ac1e        0x8 c:/st/stm32cubeide_1.0.2/stm32cubeide/plugins/com.st.stm32cube.ide.mcu.externaltools.gnu-tools-for-stm32.7-2018-q2-update.win32_1.0.0.201904181610/tools/bin/../lib/gcc/arm-none-eabi/7.3.1/../../../../arm-none-eabi/lib/thumb/v7e-m/fpv4-sp/hard\libc_nano.a(lib_a-stdio.o)
                0x000000000800ac1e                __sclose
 *fill*         0x000000000800ac26        0x2 
 .text.__swbuf_r
                0x000000000800ac28       0xa4 c:/st/stm32cubeide_1.0.2/stm32cubeide/plugins/com.st.stm32cube.ide.mcu.externaltools.gnu-tools-for-stm32.7-2018-q2-update.win32_1.0.0.201904181610/tools/bin/../lib/gcc/arm-none-eabi/7.3.1/../../../../arm-none-eabi/lib/thumb/v7e-m/fpv4-sp/hard\libc_nano.a(lib_a-wbuf.o)
                0x000000000800ac28                __swbuf_r
 .text._write_r
                0x000000000800accc       0x24 c:/st/stm32cubeide_1.0.2/stm32cubeide/plugins/com.st.stm32cube.ide.mcu.externaltools.gnu-tools-for-stm32.7-2018-q2-update.win32_1.0.0.201904181610/tools/bin/../lib/gcc/arm-none-eabi/7.3.1/../../../../arm-none-eabi/lib/thumb/v7e-m/fpv4-sp/hard\libc_nano.a(lib_a-writer.o)
                0x000000000800accc                _write_r
 .text.__swsetup_r
                0x000000000800acf0       0xdc c:/st/stm32cubeide_1.0.2/stm32cubeide/plugins/com.st.stm32cube.ide.mcu.externaltools.gnu-tools-for-stm32.7-2018-q2-update.win32_1.0.0.201904181610/tools/bin/../lib/gcc/arm-none-eabi/7.3.1/../../../../arm-none-eabi/lib/thumb/v7e-m/fpv4-sp/hard\libc_nano.a(lib_a-wsetup.o)
                0x000000000800acf0                __swsetup_r
 .text._close_r
                0x000000000800adcc       0x20 c:/st/stm32cubeide_1.0.2/stm32cubeide/plugins/com.st.stm32cube.ide.mcu.externaltools.gnu-tools-for-stm32.7-2018-q2-update.win32_1.0.0.201904181610/tools/bin/../lib/gcc/arm-none-eabi/7.3.1/../../../../arm-none-eabi/lib/thumb/v7e-m/fpv4-sp/hard\libc_nano.a(lib_a-closer.o)
                0x000000000800adcc                _close_r
 .text.__sflush_r
                0x000000000800adec      0x10c c:/st/stm32cubeide_1.0.2/stm32cubeide/plugins/com.st.stm32cube.ide.mcu.externaltools.gnu-tools-for-stm32.7-2018-q2-update.win32_1.0.0.201904181610/tools/bin/../lib/gcc/arm-none-eabi/7.3.1/../../../../arm-none-eabi/lib/thumb/v7e-m/fpv4-sp/hard\libc_nano.a(lib_a-fflush.o)
                0x000000000800adec                __sflush_r
 .text._fflush_r
                0x000000000800aef8       0x54 c:/st/stm32cubeide_1.0.2/stm32cubeide/plugins/com.st.stm32cube.ide.mcu.externaltools.gnu-tools-for-stm32.7-2018-q2-update.win32_1.0.0.201904181610/tools/bin/../lib/gcc/arm-none-eabi/7.3.1/../../../../arm-none-eabi/lib/thumb/v7e-m/fpv4-sp/hard\libc_nano.a(lib_a-fflush.o)
                0x000000000800aef8                _fflush_r
 .text._lseek_r
                0x000000000800af4c       0x24 c:/st/stm32cubeide_1.0.2/stm32cubeide/plugins/com.st.stm32cube.ide.mcu.externaltools.gnu-tools-for-stm32.7-2018-q2-update.win32_1.0.0.201904181610/tools/bin/../lib/gcc/arm-none-eabi/7.3.1/../../../../arm-none-eabi/lib/thumb/v7e-m/fpv4-sp/hard\libc_nano.a(lib_a-lseekr.o)
                0x000000000800af4c                _lseek_r
 .text.__swhatbuf_r
                0x000000000800af70       0x48 c:/st/stm32cubeide_1.0.2/stm32cubeide/plugins/com.st.stm32cube.ide.mcu.externaltools.gnu-tools-for-stm32.7-2018-q2-update.win32_1.0.0.201904181610/tools/bin/../lib/gcc/arm-none-eabi/7.3.1/../../../../arm-none-eabi/lib/thumb/v7e-m/fpv4-sp/hard\libc_nano.a(lib_a-makebuf.o)
                0x000000000800af70                __swhatbuf_r
 .text.__smakebuf_r
                0x000000000800afb8       0x80 c:/st/stm32cubeide_1.0.2/stm32cubeide/plugins/com.st.stm32cube.ide.mcu.externaltools.gnu-tools-for-stm32.7-2018-q2-update.win32_1.0.0.201904181610/tools/bin/../lib/gcc/arm-none-eabi/7.3.1/../../../../arm-none-eabi/lib/thumb/v7e-m/fpv4-sp/hard\libc_nano.a(lib_a-makebuf.o)
                0x000000000800afb8                __smakebuf_r
 .text.__ascii_mbtowc
                0x000000000800b038       0x24 c:/st/stm32cubeide_1.0.2/stm32cubeide/plugins/com.st.stm32cube.ide.mcu.externaltools.gnu-tools-for-stm32.7-2018-q2-update.win32_1.0.0.201904181610/tools/bin/../lib/gcc/arm-none-eabi/7.3.1/../../../../arm-none-eabi/lib/thumb/v7e-m/fpv4-sp/hard\libc_nano.a(lib_a-mbtowc_r.o)
                0x000000000800b038                __ascii_mbtowc
 .text.__malloc_lock
                0x000000000800b05c        0x2 c:/st/stm32cubeide_1.0.2/stm32cubeide/plugins/com.st.stm32cube.ide.mcu.externaltools.gnu-tools-for-stm32.7-2018-q2-update.win32_1.0.0.201904181610/tools/bin/../lib/gcc/arm-none-eabi/7.3.1/../../../../arm-none-eabi/lib/thumb/v7e-m/fpv4-sp/hard\libc_nano.a(lib_a-mlock.o)
                0x000000000800b05c                __malloc_lock
 .text.__malloc_unlock
                0x000000000800b05e        0x2 c:/st/stm32cubeide_1.0.2/stm32cubeide/plugins/com.st.stm32cube.ide.mcu.externaltools.gnu-tools-for-stm32.7-2018-q2-update.win32_1.0.0.201904181610/tools/bin/../lib/gcc/arm-none-eabi/7.3.1/../../../../arm-none-eabi/lib/thumb/v7e-m/fpv4-sp/hard\libc_nano.a(lib_a-mlock.o)
                0x000000000800b05e                __malloc_unlock
 .text._read_r  0x000000000800b060       0x24 c:/st/stm32cubeide_1.0.2/stm32cubeide/plugins/com.st.stm32cube.ide.mcu.externaltools.gnu-tools-for-stm32.7-2018-q2-update.win32_1.0.0.201904181610/tools/bin/../lib/gcc/arm-none-eabi/7.3.1/../../../../arm-none-eabi/lib/thumb/v7e-m/fpv4-sp/hard\libc_nano.a(lib_a-readr.o)
                0x000000000800b060                _read_r
 .text.__ascii_wctomb
                0x000000000800b084       0x1a c:/st/stm32cubeide_1.0.2/stm32cubeide/plugins/com.st.stm32cube.ide.mcu.externaltools.gnu-tools-for-stm32.7-2018-q2-update.win32_1.0.0.201904181610/tools/bin/../lib/gcc/arm-none-eabi/7.3.1/../../../../arm-none-eabi/lib/thumb/v7e-m/fpv4-sp/hard\libc_nano.a(lib_a-wctomb_r.o)
                0x000000000800b084                __ascii_wctomb
 *fill*         0x000000000800b09e        0x2 
 .text._fstat_r
                0x000000000800b0a0       0x24 c:/st/stm32cubeide_1.0.2/stm32cubeide/plugins/com.st.stm32cube.ide.mcu.externaltools.gnu-tools-for-stm32.7-2018-q2-update.win32_1.0.0.201904181610/tools/bin/../lib/gcc/arm-none-eabi/7.3.1/../../../../arm-none-eabi/lib/thumb/v7e-m/fpv4-sp/hard\libc_nano.a(lib_a-fstatr.o)
                0x000000000800b0a0                _fstat_r
 .text._isatty_r
                0x000000000800b0c4       0x20 c:/st/stm32cubeide_1.0.2/stm32cubeide/plugins/com.st.stm32cube.ide.mcu.externaltools.gnu-tools-for-stm32.7-2018-q2-update.win32_1.0.0.201904181610/tools/bin/../lib/gcc/arm-none-eabi/7.3.1/../../../../arm-none-eabi/lib/thumb/v7e-m/fpv4-sp/hard\libc_nano.a(lib_a-isattyr.o)
                0x000000000800b0c4                _isatty_r
 *fill*         0x000000000800b0e4        0x4 
 .text.sin      0x000000000800b0e8       0x90 c:/st/stm32cubeide_1.0.2/stm32cubeide/plugins/com.st.stm32cube.ide.mcu.externaltools.gnu-tools-for-stm32.7-2018-q2-update.win32_1.0.0.201904181610/tools/bin/../lib/gcc/arm-none-eabi/7.3.1/../../../../arm-none-eabi/lib/thumb/v7e-m/fpv4-sp/hard\libm.a(lib_a-s_sin.o)
                0x000000000800b0e8                sin
 .text.acos     0x000000000800b178       0xb0 c:/st/stm32cubeide_1.0.2/stm32cubeide/plugins/com.st.stm32cube.ide.mcu.externaltools.gnu-tools-for-stm32.7-2018-q2-update.win32_1.0.0.201904181610/tools/bin/../lib/gcc/arm-none-eabi/7.3.1/../../../../arm-none-eabi/lib/thumb/v7e-m/fpv4-sp/hard\libm.a(lib_a-w_acos.o)
                0x000000000800b178                acos
 .text.pow      0x000000000800b228      0x2e0 c:/st/stm32cubeide_1.0.2/stm32cubeide/plugins/com.st.stm32cube.ide.mcu.externaltools.gnu-tools-for-stm32.7-2018-q2-update.win32_1.0.0.201904181610/tools/bin/../lib/gcc/arm-none-eabi/7.3.1/../../../../arm-none-eabi/lib/thumb/v7e-m/fpv4-sp/hard\libm.a(lib_a-w_pow.o)
                0x000000000800b228                pow
 .text.sqrt     0x000000000800b508       0xb4 c:/st/stm32cubeide_1.0.2/stm32cubeide/plugins/com.st.stm32cube.ide.mcu.externaltools.gnu-tools-for-stm32.7-2018-q2-update.win32_1.0.0.201904181610/tools/bin/../lib/gcc/arm-none-eabi/7.3.1/../../../../arm-none-eabi/lib/thumb/v7e-m/fpv4-sp/hard\libm.a(lib_a-w_sqrt.o)
                0x000000000800b508                sqrt
 *fill*         0x000000000800b5bc        0x4 
 .text.__ieee754_acos
                0x000000000800b5c0      0x4b8 c:/st/stm32cubeide_1.0.2/stm32cubeide/plugins/com.st.stm32cube.ide.mcu.externaltools.gnu-tools-for-stm32.7-2018-q2-update.win32_1.0.0.201904181610/tools/bin/../lib/gcc/arm-none-eabi/7.3.1/../../../../arm-none-eabi/lib/thumb/v7e-m/fpv4-sp/hard\libm.a(lib_a-e_acos.o)
                0x000000000800b5c0                __ieee754_acos
 .text.__ieee754_pow
                0x000000000800ba78      0xa1c c:/st/stm32cubeide_1.0.2/stm32cubeide/plugins/com.st.stm32cube.ide.mcu.externaltools.gnu-tools-for-stm32.7-2018-q2-update.win32_1.0.0.201904181610/tools/bin/../lib/gcc/arm-none-eabi/7.3.1/../../../../arm-none-eabi/lib/thumb/v7e-m/fpv4-sp/hard\libm.a(lib_a-e_pow.o)
                0x000000000800ba78                __ieee754_pow
 *fill*         0x000000000800c494        0x4 
 .text.__ieee754_rem_pio2
                0x000000000800c498      0x3e4 c:/st/stm32cubeide_1.0.2/stm32cubeide/plugins/com.st.stm32cube.ide.mcu.externaltools.gnu-tools-for-stm32.7-2018-q2-update.win32_1.0.0.201904181610/tools/bin/../lib/gcc/arm-none-eabi/7.3.1/../../../../arm-none-eabi/lib/thumb/v7e-m/fpv4-sp/hard\libm.a(lib_a-e_rem_pio2.o)
                0x000000000800c498                __ieee754_rem_pio2
 .text.__ieee754_sqrt
                0x000000000800c87c      0x160 c:/st/stm32cubeide_1.0.2/stm32cubeide/plugins/com.st.stm32cube.ide.mcu.externaltools.gnu-tools-for-stm32.7-2018-q2-update.win32_1.0.0.201904181610/tools/bin/../lib/gcc/arm-none-eabi/7.3.1/../../../../arm-none-eabi/lib/thumb/v7e-m/fpv4-sp/hard\libm.a(lib_a-e_sqrt.o)
                0x000000000800c87c                __ieee754_sqrt
 *fill*         0x000000000800c9dc        0x4 
 .text.__kernel_cos
                0x000000000800c9e0      0x18c c:/st/stm32cubeide_1.0.2/stm32cubeide/plugins/com.st.stm32cube.ide.mcu.externaltools.gnu-tools-for-stm32.7-2018-q2-update.win32_1.0.0.201904181610/tools/bin/../lib/gcc/arm-none-eabi/7.3.1/../../../../arm-none-eabi/lib/thumb/v7e-m/fpv4-sp/hard\libm.a(lib_a-k_cos.o)
                0x000000000800c9e0                __kernel_cos
 *fill*         0x000000000800cb6c        0x4 
 .text.__kernel_rem_pio2
                0x000000000800cb70      0x680 c:/st/stm32cubeide_1.0.2/stm32cubeide/plugins/com.st.stm32cube.ide.mcu.externaltools.gnu-tools-for-stm32.7-2018-q2-update.win32_1.0.0.201904181610/tools/bin/../lib/gcc/arm-none-eabi/7.3.1/../../../../arm-none-eabi/lib/thumb/v7e-m/fpv4-sp/hard\libm.a(lib_a-k_rem_pio2.o)
                0x000000000800cb70                __kernel_rem_pio2
 .text.__kernel_sin
                0x000000000800d1f0      0x174 c:/st/stm32cubeide_1.0.2/stm32cubeide/plugins/com.st.stm32cube.ide.mcu.externaltools.gnu-tools-for-stm32.7-2018-q2-update.win32_1.0.0.201904181610/tools/bin/../lib/gcc/arm-none-eabi/7.3.1/../../../../arm-none-eabi/lib/thumb/v7e-m/fpv4-sp/hard\libm.a(lib_a-k_sin.o)
                0x000000000800d1f0                __kernel_sin
 .text.fabs     0x000000000800d364       0x12 c:/st/stm32cubeide_1.0.2/stm32cubeide/plugins/com.st.stm32cube.ide.mcu.externaltools.gnu-tools-for-stm32.7-2018-q2-update.win32_1.0.0.201904181610/tools/bin/../lib/gcc/arm-none-eabi/7.3.1/../../../../arm-none-eabi/lib/thumb/v7e-m/fpv4-sp/hard\libm.a(lib_a-s_fabs.o)
                0x000000000800d364                fabs
 .text.finite   0x000000000800d376       0x10 c:/st/stm32cubeide_1.0.2/stm32cubeide/plugins/com.st.stm32cube.ide.mcu.externaltools.gnu-tools-for-stm32.7-2018-q2-update.win32_1.0.0.201904181610/tools/bin/../lib/gcc/arm-none-eabi/7.3.1/../../../../arm-none-eabi/lib/thumb/v7e-m/fpv4-sp/hard\libm.a(lib_a-s_finite.o)
                0x000000000800d376                finite
 *fill*         0x000000000800d386        0x2 
 .text.floor    0x000000000800d388      0x108 c:/st/stm32cubeide_1.0.2/stm32cubeide/plugins/com.st.stm32cube.ide.mcu.externaltools.gnu-tools-for-stm32.7-2018-q2-update.win32_1.0.0.201904181610/tools/bin/../lib/gcc/arm-none-eabi/7.3.1/../../../../arm-none-eabi/lib/thumb/v7e-m/fpv4-sp/hard\libm.a(lib_a-s_floor.o)
                0x000000000800d388                floor
 .text.matherr  0x000000000800d490        0x4 c:/st/stm32cubeide_1.0.2/stm32cubeide/plugins/com.st.stm32cube.ide.mcu.externaltools.gnu-tools-for-stm32.7-2018-q2-update.win32_1.0.0.201904181610/tools/bin/../lib/gcc/arm-none-eabi/7.3.1/../../../../arm-none-eabi/lib/thumb/v7e-m/fpv4-sp/hard\libm.a(lib_a-s_matherr.o)
                0x000000000800d490                matherr
 *fill*         0x000000000800d494        0x4 
 .text.nan      0x000000000800d498       0x10 c:/st/stm32cubeide_1.0.2/stm32cubeide/plugins/com.st.stm32cube.ide.mcu.externaltools.gnu-tools-for-stm32.7-2018-q2-update.win32_1.0.0.201904181610/tools/bin/../lib/gcc/arm-none-eabi/7.3.1/../../../../arm-none-eabi/lib/thumb/v7e-m/fpv4-sp/hard\libm.a(lib_a-s_nan.o)
                0x000000000800d498                nan
 .text.rint     0x000000000800d4a8      0x108 c:/st/stm32cubeide_1.0.2/stm32cubeide/plugins/com.st.stm32cube.ide.mcu.externaltools.gnu-tools-for-stm32.7-2018-q2-update.win32_1.0.0.201904181610/tools/bin/../lib/gcc/arm-none-eabi/7.3.1/../../../../arm-none-eabi/lib/thumb/v7e-m/fpv4-sp/hard\libm.a(lib_a-s_rint.o)
                0x000000000800d4a8                rint
 .text.scalbn   0x000000000800d5b0       0xec c:/st/stm32cubeide_1.0.2/stm32cubeide/plugins/com.st.stm32cube.ide.mcu.externaltools.gnu-tools-for-stm32.7-2018-q2-update.win32_1.0.0.201904181610/tools/bin/../lib/gcc/arm-none-eabi/7.3.1/../../../../arm-none-eabi/lib/thumb/v7e-m/fpv4-sp/hard\libm.a(lib_a-s_scalbn.o)
                0x000000000800d5b0                scalbn
 .text.copysign
                0x000000000800d69c       0x1e c:/st/stm32cubeide_1.0.2/stm32cubeide/plugins/com.st.stm32cube.ide.mcu.externaltools.gnu-tools-for-stm32.7-2018-q2-update.win32_1.0.0.201904181610/tools/bin/../lib/gcc/arm-none-eabi/7.3.1/../../../../arm-none-eabi/lib/thumb/v7e-m/fpv4-sp/hard\libm.a(lib_a-s_copysign.o)
                0x000000000800d69c                copysign
 *(.glue_7)
 .glue_7        0x000000000800d6ba        0x0 linker stubs
 *(.glue_7t)
 .glue_7t       0x000000000800d6ba        0x0 linker stubs
 *(.eh_frame)
 *fill*         0x000000000800d6ba        0x2 
 .eh_frame      0x000000000800d6bc        0x0 c:/st/stm32cubeide_1.0.2/stm32cubeide/plugins/com.st.stm32cube.ide.mcu.externaltools.gnu-tools-for-stm32.7-2018-q2-update.win32_1.0.0.201904181610/tools/bin/../lib/gcc/arm-none-eabi/7.3.1/thumb/v7e-m/fpv4-sp/hard/crtbegin.o
 *(.init)
 .init          0x000000000800d6bc        0x4 c:/st/stm32cubeide_1.0.2/stm32cubeide/plugins/com.st.stm32cube.ide.mcu.externaltools.gnu-tools-for-stm32.7-2018-q2-update.win32_1.0.0.201904181610/tools/bin/../lib/gcc/arm-none-eabi/7.3.1/thumb/v7e-m/fpv4-sp/hard/crti.o
                0x000000000800d6bc                _init
 .init          0x000000000800d6c0        0x8 c:/st/stm32cubeide_1.0.2/stm32cubeide/plugins/com.st.stm32cube.ide.mcu.externaltools.gnu-tools-for-stm32.7-2018-q2-update.win32_1.0.0.201904181610/tools/bin/../lib/gcc/arm-none-eabi/7.3.1/thumb/v7e-m/fpv4-sp/hard/crtn.o
 *(.fini)