Archive member included to satisfy reference by file (symbol)

c:/st/stm32cubeide_1.0.2/stm32cubeide/plugins/com.st.stm32cube.ide.mcu.externaltools.gnu-tools-for-stm32.7-2018-q2-update.win32_1.0.0.201904181610/tools/bin/../lib/gcc/arm-none-eabi/7.3.1/../../../../arm-none-eabi/lib/thumb/v7e-m/fpv4-sp/hard\libc_nano.a(lib_a-errno.o)
                              Src/syscalls.o (__errno)
c:/st/stm32cubeide_1.0.2/stm32cubeide/plugins/com.st.stm32cube.ide.mcu.externaltools.gnu-tools-for-stm32.7-2018-q2-update.win32_1.0.0.201904181610/tools/bin/../lib/gcc/arm-none-eabi/7.3.1/../../../../arm-none-eabi/lib/thumb/v7e-m/fpv4-sp/hard\libc_nano.a(lib_a-exit.o)
                              c:/st/stm32cubeide_1.0.2/stm32cubeide/plugins/com.st.stm32cube.ide.mcu.externaltools.gnu-tools-for-stm32.7-2018-q2-update.win32_1.0.0.201904181610/tools/bin/../lib/gcc/arm-none-eabi/7.3.1/../../../../arm-none-eabi/lib/thumb/v7e-m/fpv4-sp/hard/crt0.o (exit)
c:/st/stm32cubeide_1.0.2/stm32cubeide/plugins/com.st.stm32cube.ide.mcu.externaltools.gnu-tools-for-stm32.7-2018-q2-update.win32_1.0.0.201904181610/tools/bin/../lib/gcc/arm-none-eabi/7.3.1/../../../../arm-none-eabi/lib/thumb/v7e-m/fpv4-sp/hard\libc_nano.a(lib_a-impure.o)
                              c:/st/stm32cubeide_1.0.2/stm32cubeide/plugins/com.st.stm32cube.ide.mcu.externaltools.gnu-tools-for-stm32.7-2018-q2-update.win32_1.0.0.201904181610/tools/bin/../lib/gcc/arm-none-eabi/7.3.1/../../../../arm-none-eabi/lib/thumb/v7e-m/fpv4-sp/hard\libc_nano.a(lib_a-exit.o) (_global_impure_ptr)
c:/st/stm32cubeide_1.0.2/stm32cubeide/plugins/com.st.stm32cube.ide.mcu.externaltools.gnu-tools-for-stm32.7-2018-q2-update.win32_1.0.0.201904181610/tools/bin/../lib/gcc/arm-none-eabi/7.3.1/../../../../arm-none-eabi/lib/thumb/v7e-m/fpv4-sp/hard\libc_nano.a(lib_a-init.o)
                              c:/st/stm32cubeide_1.0.2/stm32cubeide/plugins/com.st.stm32cube.ide.mcu.externaltools.gnu-tools-for-stm32.7-2018-q2-update.win32_1.0.0.201904181610/tools/bin/../lib/gcc/arm-none-eabi/7.3.1/../../../../arm-none-eabi/lib/thumb/v7e-m/fpv4-sp/hard/crt0.o (__libc_init_array)
c:/st/stm32cubeide_1.0.2/stm32cubeide/plugins/com.st.stm32cube.ide.mcu.externaltools.gnu-tools-for-stm32.7-2018-q2-update.win32_1.0.0.201904181610/tools/bin/../lib/gcc/arm-none-eabi/7.3.1/../../../../arm-none-eabi/lib/thumb/v7e-m/fpv4-sp/hard\libc_nano.a(lib_a-memset.o)
                              c:/st/stm32cubeide_1.0.2/stm32cubeide/plugins/com.st.stm32cube.ide.mcu.externaltools.gnu-tools-for-stm32.7-2018-q2-update.win32_1.0.0.201904181610/tools/bin/../lib/gcc/arm-none-eabi/7.3.1/../../../../arm-none-eabi/lib/thumb/v7e-m/fpv4-sp/hard/crt0.o (memset)
c:/st/stm32cubeide_1.0.2/stm32cubeide/plugins/com.st.stm32cube.ide.mcu.externaltools.gnu-tools-for-stm32.7-2018-q2-update.win32_1.0.0.201904181610/tools/bin/../lib/gcc/arm-none-eabi/7.3.1/../../../../arm-none-eabi/lib/thumb/v7e-m/fpv4-sp/hard\libc_nano.a(lib_a-printf.o)
                              Src/BNO055.o (printf)
c:/st/stm32cubeide_1.0.2/stm32cubeide/plugins/com.st.stm32cube.ide.mcu.externaltools.gnu-tools-for-stm32.7-2018-q2-update.win32_1.0.0.201904181610/tools/bin/../lib/gcc/arm-none-eabi/7.3.1/../../../../arm-none-eabi/lib/thumb/v7e-m/fpv4-sp/hard\libc_nano.a(lib_a-findfp.o)
                              c:/st/stm32cubeide_1.0.2/stm32cubeide/plugins/com.st.stm32cube.ide.mcu.externaltools.gnu-tools-for-stm32.7-2018-q2-update.win32_1.0.0.201904181610/tools/bin/../lib/gcc/arm-none-eabi/7.3.1/../../../../arm-none-eabi/lib/thumb/v7e-m/fpv4-sp/hard\libc_nano.a(lib_a-printf.o) (__sinit)
c:/st/stm32cubeide_1.0.2/stm32cubeide/plugins/com.st.stm32cube.ide.mcu.externaltools.gnu-tools-for-stm32.7-2018-q2-update.win32_1.0.0.201904181610/tools/bin/../lib/gcc/arm-none-eabi/7.3.1/../../../../arm-none-eabi/lib/thumb/v7e-m/fpv4-sp/hard\libc_nano.a(lib_a-fwalk.o)
                              c:/st/stm32cubeide_1.0.2/stm32cubeide/plugins/com.st.stm32cube.ide.mcu.externaltools.gnu-tools-for-stm32.7-2018-q2-update.win32_1.0.0.201904181610/tools/bin/../lib/gcc/arm-none-eabi/7.3.1/../../../../arm-none-eabi/lib/thumb/v7e-m/fpv4-sp/hard\libc_nano.a(lib_a-findfp.o) (_fwalk)
c:/st/stm32cubeide_1.0.2/stm32cubeide/plugins/com.st.stm32cube.ide.mcu.externaltools.gnu-tools-for-stm32.7-2018-q2-update.win32_1.0.0.201904181610/tools/bin/../lib/gcc/arm-none-eabi/7.3.1/../../../../arm-none-eabi/lib/thumb/v7e-m/fpv4-sp/hard\libc_nano.a(lib_a-nano-mallocr.o)
                              c:/st/stm32cubeide_1.0.2/stm32cubeide/plugins/com.st.stm32cube.ide.mcu.externaltools.gnu-tools-for-stm32.7-2018-q2-update.win32_1.0.0.201904181610/tools/bin/../lib/gcc/arm-none-eabi/7.3.1/../../../../arm-none-eabi/lib/thumb/v7e-m/fpv4-sp/hard\libc_nano.a(lib_a-findfp.o) (_malloc_r)
[...]
Memory Configuration

Name             Origin             Length             Attributes
CCMRAM           0x0000000010000000 0x0000000000010000 xrw
RAM              0x0000000020000000 0x0000000000020000 xrw
FLASH            0x0000000008000000 0x0000000000100000 xr
*default*        0x0000000000000000 0xffffffffffffffff

Linker script and memory map

LOAD c:/st/stm32cubeide_1.0.2/stm32cubeide/plugins/com.st.stm32cube.ide.mcu.externaltools.gnu-tools-for-stm32.7-2018-q2-update.win32_1.0.0.201904181610/tools/bin/../lib/gcc/arm-none-eabi/7.3.1/thumb/v7e-m/fpv4-sp/hard/crti.o
LOAD c:/st/stm32cubeide_1.0.2/stm32cubeide/plugins/com.st.stm32cube.ide.mcu.externaltools.gnu-tools-for-stm32.7-2018-q2-update.win32_1.0.0.201904181610/tools/bin/../lib/gcc/arm-none-eabi/7.3.1/thumb/v7e-m/fpv4-sp/hard/crtbegin.o
LOAD c:/st/stm32cubeide_1.0.2/stm32cubeide/plugins/com.st.stm32cube.ide.mcu.externaltools.gnu-tools-for-stm32.7-2018-q2-update.win32_1.0.0.201904181610/tools/bin/../lib/gcc/arm-none-eabi/7.3.1/../../../../arm-none-eabi/lib/thumb/v7e-m/fpv4-sp/hard/crt0.o
LOAD Drivers/STM32F4xx_HAL_Driver/Src/stm32f4xx_hal.o
LOAD Drivers/STM32F4xx_HAL_Driver/Src/stm32f4xx_hal_adc.o
LOAD Drivers/STM32F4xx_HAL_Driver/Src/stm32f4xx_hal_adc_ex.o
LOAD Drivers/STM32F4xx_HAL_Driver/Src/stm32f4xx_hal_cortex.o
LOAD Drivers/STM32F4xx_HAL_Driver/Src/stm32f4xx_hal_dma.o
LOAD Drivers/STM32F4xx_HAL_Driver/Src/stm32f4xx_hal_dma_ex.o
LOAD Drivers/STM32F4xx_HAL_Driver/Src/stm32f4xx_hal_exti.o
LOAD Drivers/STM32F4xx_HAL_Driver/Src/stm32f4xx_hal_flash.o
LOAD Drivers/STM32F4xx_HAL_Driver/Src/stm32f4xx_hal_flash_ex.o
LOAD Drivers/STM32F4xx_HAL_Driver/Src/stm32f4xx_hal_flash_ramfunc.o
LOAD Drivers/STM32F4xx_HAL_Driver/Src/stm32f4xx_hal_gpio.o
LOAD Drivers/STM32F4xx_HAL_Driver/Src/stm32f4xx_hal_i2c.o
LOAD Drivers/STM32F4xx_HAL_Driver/Src/stm32f4xx_hal_i2c_ex.o
LOAD Drivers/STM32F4xx_HAL_Driver/Src/stm32f4xx_hal_pwr.o
LOAD Drivers/STM32F4xx_HAL_Driver/Src/stm32f4xx_hal_pwr_ex.o
LOAD Drivers/STM32F4xx_HAL_Driver/Src/stm32f4xx_hal_rcc.o
LOAD Drivers/STM32F4xx_HAL_Driver/Src/stm32f4xx_hal_rcc_ex.o
LOAD Drivers/STM32F4xx_HAL_Driver/Src/stm32f4xx_hal_sd.o
LOAD Drivers/STM32F4xx_HAL_Driver/Src/stm32f4xx_hal_tim.o
LOAD Drivers/STM32F4xx_HAL_Driver/Src/stm32f4xx_hal_tim_ex.o
LOAD Drivers/STM32F4xx_HAL_Driver/Src/stm32f4xx_hal_uart.o
LOAD Drivers/STM32F4xx_HAL_Driver/Src/stm32f4xx_ll_sdmmc.o
LOAD Middlewares/Third_Party/FatFs/src/diskio.o
LOAD Middlewares/Third_Party/FatFs/src/ff.o
LOAD Middlewares/Third_Party/FatFs/src/ff_gen_drv.o
LOAD Middlewares/Third_Party/FatFs/src/option/syscall.o
LOAD Src/BNO055.o
LOAD Src/MY_FLASH.o
LOAD Src/actuator.o
LOAD Src/adc.o
LOAD Src/bsp_driver_sd.o
LOAD Src/command.o
LOAD Src/dma.o
LOAD Src/fatfs.o
LOAD Src/fatfs_platform.o
LOAD Src/gpio.o
LOAD Src/i2c.o
LOAD Src/instructions.o
LOAD Src/main.o
LOAD Src/maze.o
LOAD Src/motionSystem.o
LOAD Src/motor.o
LOAD Src/sd_diskio.o
LOAD Src/sdio.o
LOAD Src/sensors.o
LOAD Src/stm32f4xx_hal_msp.o
LOAD Src/stm32f4xx_it.o
LOAD Src/syscalls.o
LOAD Src/sysmem.o
LOAD Src/system_stm32f4xx.o
LOAD Src/tim.o
LOAD Src/usart.o
LOAD Startup/startup_stm32f405rgtx.o
START GROUP
LOAD c:/st/stm32cubeide_1.0.2/stm32cubeide/plugins/com.st.stm32cube.ide.mcu.externaltools.gnu-tools-for-stm32.7-2018-q2-update.win32_1.0.0.201904181610/tools/bin/../lib/gcc/arm-none-eabi/7.3.1/../../../../arm-none-eabi/lib/thumb/v7e-m/fpv4-sp/hard\libc_nano.a
LOAD c:/st/stm32cubeide_1.0.2/stm32cubeide/plugins/com.st.stm32cube.ide.mcu.externaltools.gnu-tools-for-stm32.7-2018-q2-update.win32_1.0.0.201904181610/tools/bin/../lib/gcc/arm-none-eabi/7.3.1/../../../../arm-none-eabi/lib/thumb/v7e-m/fpv4-sp/hard\libm.a
END GROUP
START GROUP
LOAD c:/st/stm32cubeide_1.0.2/stm32cubeide/plugins/com.st.stm32cube.ide.mcu.externaltools.gnu-tools-for-stm32.7-2018-q2-update.win32_1.0.0.201904181610/tools/bin/../lib/gcc/arm-none-eabi/7.3.1/thumb/v7e-m/fpv4-sp/hard\libgcc.a
LOAD c:/st/stm32cubeide_1.0.2/stm32cubeide/plugins/com.st.stm32cube.ide.mcu.externaltools.gnu-tools-for-stm32.7-2018-q2-update.win32_1.0.0.201904181610/tools/bin/../lib/gcc/arm-none-eabi/7.3.1/../../../../arm-none-eabi/lib/thumb/v7e-m/fpv4-sp/hard\libc_nano.a
END GROUP
START GROUP
LOAD c:/st/stm32cubeide_1.0.2/stm32cubeide/plugins/com.st.stm32cube.ide.mcu.externaltools.gnu-tools-for-stm32.7-2018-q2-update.win32_1.0.0.201904181610/tools/bin/../lib/gcc/arm-none-eabi/7.3.1/thumb/v7e-m/fpv4-sp/hard\libgcc.a
LOAD c:/st/stm32cubeide_1.0.2/stm32cubeide/plugins/com.st.stm32cube.ide.mcu.externaltools.gnu-tools-for-stm32.7-2018-q2-update.win32_1.0.0.201904181610/tools/bin/../lib/gcc/arm-none-eabi/7.3.1/../../../../arm-none-eabi/lib/thumb/v7e-m/fpv4-sp/hard\libc_nano.a
LOAD c:/st/stm32cubeide_1.0.2/stm32cubeide/plugins/com.st.stm32cube.ide.mcu.externaltools.gnu-tools-for-stm32.7-2018-q2-update.win32_1.0.0.201904181610/tools/bin/../lib/gcc/arm-none-eabi/7.3.1/../../../../arm-none-eabi/lib/thumb/v7e-m/fpv4-sp/hard\libnosys.a
END GROUP
START GROUP
LOAD c:/st/stm32cubeide_1.0.2/stm32cubeide/plugins/com.st.stm32cube.ide.mcu.externaltools.gnu-tools-for-stm32.7-2018-q2-update.win32_1.0.0.201904181610/tools/bin/../lib/gcc/arm-none-eabi/7.3.1/thumb/v7e-m/fpv4-sp/hard\libgcc.a
LOAD c:/st/stm32cubeide_1.0.2/stm32cubeide/plugins/com.st.stm32cube.ide.mcu.externaltools.gnu-tools-for-stm32.7-2018-q2-update.win32_1.0.0.201904181610/tools/bin/../lib/gcc/arm-none-eabi/7.3.1/../../../../arm-none-eabi/lib/thumb/v7e-m/fpv4-sp/hard\libc_nano.a
LOAD c:/st/stm32cubeide_1.0.2/stm32cubeide/plugins/com.st.stm32cube.ide.mcu.externaltools.gnu-tools-for-stm32.7-2018-q2-update.win32_1.0.0.201904181610/tools/bin/../lib/gcc/arm-none-eabi/7.3.1/../../../../arm-none-eabi/lib/thumb/v7e-m/fpv4-sp/hard\libnosys.a
END GROUP
LOAD c:/st/stm32cubeide_1.0.2/stm32cubeide/plugins/com.st.stm32cube.ide.mcu.externaltools.gnu-tools-for-stm32.7-2018-q2-update.win32_1.0.0.201904181610/tools/bin/../lib/gcc/arm-none-eabi/7.3.1/thumb/v7e-m/fpv4-sp/hard/crtend.o
LOAD c:/st/stm32cubeide_1.0.2/stm32cubeide/plugins/com.st.stm32cube.ide.mcu.externaltools.gnu-tools-for-stm32.7-2018-q2-update.win32_1.0.0.201904181610/tools/bin/../lib/gcc/arm-none-eabi/7.3.1/thumb/v7e-m/fpv4-sp/hard/crtn.o
                0x0000000020020000                _estack = 0x20020000
                0x0000000000004000                _Min_Heap_Size = 0x4000
                0x0000000000008000                _Min_Stack_Size = 0x8000

.isr_vector     0x0000000008000000      0x188
                0x0000000008000000                . = ALIGN (0x4)
 *(.isr_vector)
 .isr_vector    0x0000000008000000      0x188 Startup/startup_stm32f405rgtx.o
                0x0000000008000000                g_pfnVectors
                0x0000000008000188                . = ALIGN (0x4)

.text           0x0000000008000190     0xa76c
                0x0000000008000190                . = ALIGN (0x4)
 *(.text)
 .text          0x0000000008000190       0x40 c:/st/stm32cubeide_1.0.2/stm32cubeide/plugins/com.st.stm32cube.ide.mcu.externaltools.gnu-tools-for-stm32.7-2018-q2-update.win32_1.0.0.201904181610/tools/bin/../lib/gcc/arm-none-eabi/7.3.1/thumb/v7e-m/fpv4-sp/hard/crtbegin.o
 .text          0x00000000080001d0       0xa0 c:/st/stm32cubeide_1.0.2/stm32cubeide/plugins/com.st.stm32cube.ide.mcu.externaltools.gnu-tools-for-stm32.7-2018-q2-update.win32_1.0.0.201904181610/tools/bin/../lib/gcc/arm-none-eabi/7.3.1/../../../../arm-none-eabi/lib/thumb/v7e-m/fpv4-sp/hard\libc_nano.a(lib_a-memchr.o)
                0x00000000080001d0                memchr
 .text          0x0000000008000270      0x378 c:/st/stm32cubeide_1.0.2/stm32cubeide/plugins/com.st.stm32cube.ide.mcu.externaltools.gnu-tools-for-stm32.7-2018-q2-update.win32_1.0.0.201904181610/tools/bin/../lib/gcc/arm-none-eabi/7.3.1/thumb/v7e-m/fpv4-sp/hard\libgcc.a(_arm_addsubdf3.o)
                0x0000000008000270                __aeabi_drsub
                0x0000000008000278                __aeabi_dsub
                0x0000000008000278                __subdf3
                0x000000000800027c                __aeabi_dadd
                0x000000000800027c                __adddf3
                0x00000000080004f4                __floatunsidf
                0x00000000080004f4                __aeabi_ui2d
                0x0000000008000514                __floatsidf
                0x0000000008000514                __aeabi_i2d
                0x0000000008000538                __aeabi_f2d
                0x0000000008000538                __extendsfdf2
                0x000000000800057c                __floatundidf
                0x000000000800057c                __aeabi_ul2d
                0x000000000800058c                __floatdidf
                0x000000000800058c                __aeabi_l2d
 .text          0x00000000080005e8      0x424 c:/st/stm32cubeide_1.0.2/stm32cubeide/plugins/com.st.stm32cube.ide.mcu.externaltools.gnu-tools-for-stm32.7-2018-q2-update.win32_1.0.0.201904181610/tools/bin/../lib/gcc/arm-none-eabi/7.3.1/thumb/v7e-m/fpv4-sp/hard\libgcc.a(_arm_muldivdf3.o)
                0x00000000080005e8                __aeabi_dmul
                0x00000000080005e8                __muldf3
                0x000000000800083c                __divdf3
                0x000000000800083c                __aeabi_ddiv
 .text          0x0000000008000a0c      0x110 c:/st/stm32cubeide_1.0.2/stm32cubeide/plugins/com.st.stm32cube.ide.mcu.externaltools.gnu-tools-for-stm32.7-2018-q2-update.win32_1.0.0.201904181610/tools/bin/../lib/gcc/arm-none-eabi/7.3.1/thumb/v7e-m/fpv4-sp/hard\libgcc.a(_arm_cmpdf2.o)
                0x0000000008000a0c                __gtdf2
                0x0000000008000a0c                __gedf2
                0x0000000008000a14                __ltdf2
                0x0000000008000a14                __ledf2
                0x0000000008000a1c                __nedf2
                0x0000000008000a1c                __eqdf2
                0x0000000008000a1c                __cmpdf2
                0x0000000008000a98                __aeabi_cdrcmple
                0x0000000008000aa8                __aeabi_cdcmpeq
                0x0000000008000aa8                __aeabi_cdcmple
                0x0000000008000ab8                __aeabi_dcmpeq
                0x0000000008000acc                __aeabi_dcmplt
                0x0000000008000ae0                __aeabi_dcmple
                0x0000000008000af4                __aeabi_dcmpge
                0x0000000008000b08                __aeabi_dcmpgt
 .text          0x0000000008000b1c       0x2c c:/st/stm32cubeide_1.0.2/stm32cubeide/plugins/com.st.stm32cube.ide.mcu.externaltools.gnu-tools-for-stm32.7-2018-q2-update.win32_1.0.0.201904181610/tools/bin/../lib/gcc/arm-none-eabi/7.3.1/thumb/v7e-m/fpv4-sp/hard\libgcc.a(_arm_unorddf2.o)
                0x0000000008000b1c                __unorddf2
                0x0000000008000b1c                __aeabi_dcmpun
 .text          0x0000000008000b48       0x50 c:/st/stm32cubeide_1.0.2/stm32cubeide/plugins/com.st.stm32cube.ide.mcu.externaltools.gnu-tools-for-stm32.7-2018-q2-update.win32_1.0.0.201904181610/tools/bin/../lib/gcc/arm-none-eabi/7.3.1/thumb/v7e-m/fpv4-sp/hard\libgcc.a(_arm_fixdfsi.o)
                0x0000000008000b48                __aeabi_d2iz
                0x0000000008000b48                __fixdfsi
 .text          0x0000000008000b98       0x40 c:/st/stm32cubeide_1.0.2/stm32cubeide/plugins/com.st.stm32cube.ide.mcu.externaltools.gnu-tools-for-stm32.7-2018-q2-update.win32_1.0.0.201904181610/tools/bin/../lib/gcc/arm-none-eabi/7.3.1/thumb/v7e-m/fpv4-sp/hard\libgcc.a(_arm_fixunsdfsi.o)
                0x0000000008000b98                __aeabi_d2uiz
                0x0000000008000b98                __fixunsdfsi
 .text          0x0000000008000bd8       0xa0 c:/st/stm32cubeide_1.0.2/stm32cubeide/plugins/com.st.stm32cube.ide.mcu.externaltools.gnu-tools-for-stm32.7-2018-q2-update.win32_1.0.0.201904181610/tools/bin/../lib/gcc/arm-none-eabi/7.3.1/thumb/v7e-m/fpv4-sp/hard\libgcc.a(_arm_truncdfsf2.o)
                0x0000000008000bd8                __truncdfsf2
                0x0000000008000bd8                __aeabi_d2f
 .text          0x0000000008000c78      0x21c c:/st/stm32cubeide_1.0.2/stm32cubeide/plugins/com.st.stm32cube.ide.mcu.externaltools.gnu-tools-for-stm32.7-2018-q2-update.win32_1.0.0.201904181610/tools/bin/../lib/gcc/arm-none-eabi/7.3.1/thumb/v7e-m/fpv4-sp/hard\libgcc.a(_arm_addsubsf3.o)
                0x0000000008000c78                __aeabi_frsub
                0x0000000008000c80                __subsf3
                0x0000000008000c80                __aeabi_fsub
                0x0000000008000c84                __aeabi_fadd
                0x0000000008000c84                __addsf3
                0x0000000008000de4                __aeabi_ui2f
                0x0000000008000de4                __floatunsisf
                0x0000000008000dec                __aeabi_i2f
                0x0000000008000dec                __floatsisf
                0x0000000008000e08                __aeabi_ul2f
                0x0000000008000e08                __floatundisf
                0x0000000008000e18                __aeabi_l2f
                0x0000000008000e18                __floatdisf
 .text          0x0000000008000e94       0x30 c:/st/stm32cubeide_1.0.2/stm32cubeide/plugins/com.st.stm32cube.ide.mcu.externaltools.gnu-tools-for-stm32.7-2018-q2-update.win32_1.0.0.201904181610/tools/bin/../lib/gcc/arm-none-eabi/7.3.1/thumb/v7e-m/fpv4-sp/hard\libgcc.a(_aeabi_uldivmod.o)
                0x0000000008000e94                __aeabi_uldivmod
 .text          0x0000000008000ec4      0x2cc c:/st/stm32cubeide_1.0.2/stm32cubeide/plugins/com.st.stm32cube.ide.mcu.externaltools.gnu-tools-for-stm32.7-2018-q2-update.win32_1.0.0.201904181610/tools/bin/../lib/gcc/arm-none-eabi/7.3.1/thumb/v7e-m/fpv4-sp/hard\libgcc.a(_udivmoddi4.o)
                0x0000000008000ec4                __udivmoddi4
 .text          0x0000000008001190        0x4 c:/st/stm32cubeide_1.0.2/stm32cubeide/plugins/com.st.stm32cube.ide.mcu.externaltools.gnu-tools-for-stm32.7-2018-q2-update.win32_1.0.0.201904181610/tools/bin/../lib/gcc/arm-none-eabi/7.3.1/thumb/v7e-m/fpv4-sp/hard\libgcc.a(_dvmd_tls.o)
                0x0000000008001190                __aeabi_idiv0
                0x0000000008001190                __aeabi_ldiv0
 *(.text*)
 .text.HAL_InitTick
                0x0000000008001194       0x48 Drivers/STM32F4xx_HAL_Driver/Src/stm32f4xx_hal.o
                0x0000000008001194                HAL_InitTick
 .text.HAL_Init
                0x00000000080011dc       0x34 Drivers/STM32F4xx_HAL_Driver/Src/stm32f4xx_hal.o
                0x00000000080011dc                HAL_Init
 .text.HAL_IncTick
                0x0000000008001210       0x18 Drivers/STM32F4xx_HAL_Driver/Src/stm32f4xx_hal.o
                0x0000000008001210                HAL_IncTick
 .text.HAL_GetTick
                0x0000000008001228        0xc Drivers/STM32F4xx_HAL_Driver/Src/stm32f4xx_hal.o
                0x0000000008001228                HAL_GetTick
 .text.HAL_Delay
                0x0000000008001234       0x24 Drivers/STM32F4xx_HAL_Driver/Src/stm32f4xx_hal.o
                0x0000000008001234                HAL_Delay
 .text.HAL_ADC_Init
                0x0000000008001258      0x164 Drivers/STM32F4xx_HAL_Driver/Src/stm32f4xx_hal_adc.o
                0x0000000008001258                HAL_ADC_Init
 .text.HAL_ADC_Start_DMA
                0x00000000080013bc      0x144 Drivers/STM32F4xx_HAL_Driver/Src/stm32f4xx_hal_adc.o
                0x00000000080013bc                HAL_ADC_Start_DMA
 .text.HAL_ADC_ConvHalfCpltCallback
                0x0000000008001500        0x4 Drivers/STM32F4xx_HAL_Driver/Src/stm32f4xx_hal_adc.o
                0x0000000008001500                HAL_ADC_ConvHalfCpltCallback
 .text.ADC_DMAHalfConvCplt
                0x0000000008001504        0xc Drivers/STM32F4xx_HAL_Driver/Src/stm32f4xx_hal_adc.o
 .text.HAL_ADC_LevelOutOfWindowCallback
                0x0000000008001510        0x4 Drivers/STM32F4xx_HAL_Driver/Src/stm32f4xx_hal_adc.o
                0x0000000008001510                HAL_ADC_LevelOutOfWindowCallback
 .text.HAL_ADC_ErrorCallback
                0x0000000008001514        0x4 Drivers/STM32F4xx_HAL_Driver/Src/stm32f4xx_hal_adc.o
                0x0000000008001514                HAL_ADC_ErrorCallback
 .text.HAL_ADC_IRQHandler
                0x0000000008001518      0x12c Drivers/STM32F4xx_HAL_Driver/Src/stm32f4xx_hal_adc.o
                0x0000000008001518                HAL_ADC_IRQHandler
 .text.ADC_DMAError
                0x0000000008001644       0x18 Drivers/STM32F4xx_HAL_Driver/Src/stm32f4xx_hal_adc.o
 .text.ADC_DMAConvCplt
                0x000000000800165c       0x6c Drivers/STM32F4xx_HAL_Driver/Src/stm32f4xx_hal_adc.o
 .text.HAL_ADC_ConfigChannel
                0x00000000080016c8      0x150 Drivers/STM32F4xx_HAL_Driver/Src/stm32f4xx_hal_adc.o
                0x00000000080016c8                HAL_ADC_ConfigChannel
 .text.HAL_ADCEx_InjectedConvCpltCallback
                0x0000000008001818        0x4 Drivers/STM32F4xx_HAL_Driver/Src/stm32f4xx_hal_adc_ex.o
                0x0000000008001818                HAL_ADCEx_InjectedConvCpltCallback
 .text.HAL_NVIC_SetPriorityGrouping
                0x000000000800181c       0x24 Drivers/STM32F4xx_HAL_Driver/Src/stm32f4xx_hal_cortex.o
                0x000000000800181c                HAL_NVIC_SetPriorityGrouping
 .text.HAL_NVIC_SetPriority
                0x0000000008001840       0x6c Drivers/STM32F4xx_HAL_Driver/Src/stm32f4xx_hal_cortex.o
                0x0000000008001840                HAL_NVIC_SetPriority
 .text.HAL_NVIC_EnableIRQ
                0x00000000080018ac       0x1c Drivers/STM32F4xx_HAL_Driver/Src/stm32f4xx_hal_cortex.o
                0x00000000080018ac                HAL_NVIC_EnableIRQ
 .text.HAL_SYSTICK_Config
                0x00000000080018c8       0x34 Drivers/STM32F4xx_HAL_Driver/Src/stm32f4xx_hal_cortex.o
                0x00000000080018c8                HAL_SYSTICK_Config
 .text.HAL_DMA_Init
                0x00000000080018fc      0x134 Drivers/STM32F4xx_HAL_Driver/Src/stm32f4xx_hal_dma.o
                0x00000000080018fc                HAL_DMA_Init
 .text.HAL_DMA_Start_IT
                0x0000000008001a30       0x7c Drivers/STM32F4xx_HAL_Driver/Src/stm32f4xx_hal_dma.o
                0x0000000008001a30                HAL_DMA_Start_IT
 .text.HAL_DMA_IRQHandler
                0x0000000008001aac      0x1ac Drivers/STM32F4xx_HAL_Driver/Src/stm32f4xx_hal_dma.o
                0x0000000008001aac                HAL_DMA_IRQHandler
 .text.HAL_GPIO_Init
                0x0000000008001c58      0x208 Drivers/STM32F4xx_HAL_Driver/Src/stm32f4xx_hal_gpio.o
                0x0000000008001c58                HAL_GPIO_Init
 .text.HAL_GPIO_ReadPin
                0x0000000008001e60        0xc Drivers/STM32F4xx_HAL_Driver/Src/stm32f4xx_hal_gpio.o
                0x0000000008001e60                HAL_GPIO_ReadPin
 .text.HAL_GPIO_WritePin
                0x0000000008001e6c        0x8 Drivers/STM32F4xx_HAL_Driver/Src/stm32f4xx_hal_gpio.o
                0x0000000008001e6c                HAL_GPIO_WritePin
 .text.HAL_I2C_Init
                0x0000000008001e74      0x180 Drivers/STM32F4xx_HAL_Driver/Src/stm32f4xx_hal_i2c.o
                0x0000000008001e74                HAL_I2C_Init
 .text.HAL_I2C_Master_Transmit
                0x0000000008001ff4      0x300 Drivers/STM32F4xx_HAL_Driver/Src/stm32f4xx_hal_i2c.o
                0x0000000008001ff4                HAL_I2C_Master_Transmit
 .text.HAL_I2C_Master_Receive
                0x00000000080022f4      0x4cc Drivers/STM32F4xx_HAL_Driver/Src/stm32f4xx_hal_i2c.o
                0x00000000080022f4                HAL_I2C_Master_Receive
 .text.HAL_RCC_OscConfig
                0x00000000080027c0      0x3bc Drivers/STM32F4xx_HAL_Driver/Src/stm32f4xx_hal_rcc.o
                0x00000000080027c0                HAL_RCC_OscConfig
 .text.HAL_RCC_GetSysClockFreq
                0x0000000008002b7c       0x6c Drivers/STM32F4xx_HAL_Driver/Src/stm32f4xx_hal_rcc.o
                0x0000000008002b7c                HAL_RCC_GetSysClockFreq
 .text.HAL_RCC_ClockConfig
                0x0000000008002be8      0x13c Drivers/STM32F4xx_HAL_Driver/Src/stm32f4xx_hal_rcc.o
                0x0000000008002be8                HAL_RCC_ClockConfig
 .text.HAL_RCC_GetPCLK1Freq
                0x0000000008002d24       0x20 Drivers/STM32F4xx_HAL_Driver/Src/stm32f4xx_hal_rcc.o
                0x0000000008002d24                HAL_RCC_GetPCLK1Freq
 .text.HAL_RCC_GetPCLK2Freq
                0x0000000008002d44       0x20 Drivers/STM32F4xx_HAL_Driver/Src/stm32f4xx_hal_rcc.o
                0x0000000008002d44                HAL_RCC_GetPCLK2Freq
 .text.SD_FindSCR
                0x0000000008002d64       0xe0 Drivers/STM32F4xx_HAL_Driver/Src/stm32f4xx_hal_sd.o
 .text.HAL_SD_ReadBlocks
                0x0000000008002e44      0x248 Drivers/STM32F4xx_HAL_Driver/Src/stm32f4xx_hal_sd.o
                0x0000000008002e44                HAL_SD_ReadBlocks
 .text.HAL_SD_WriteBlocks
                0x000000000800308c      0x1d8 Drivers/STM32F4xx_HAL_Driver/Src/stm32f4xx_hal_sd.o
                0x000000000800308c                HAL_SD_WriteBlocks
 .text.HAL_SD_GetCardCSD
                0x0000000008003264      0x174 Drivers/STM32F4xx_HAL_Driver/Src/stm32f4xx_hal_sd.o
                0x0000000008003264                HAL_SD_GetCardCSD
 .text.HAL_SD_Init
                0x00000000080033d8      0x234 Drivers/STM32F4xx_HAL_Driver/Src/stm32f4xx_hal_sd.o
                0x00000000080033d8                HAL_SD_Init
 .text.HAL_SD_GetCardInfo
                0x000000000800360c       0x28 Drivers/STM32F4xx_HAL_Driver/Src/stm32f4xx_hal_sd.o
                0x000000000800360c                HAL_SD_GetCardInfo
 .text.HAL_SD_ConfigWideBusOperation
                0x0000000008003634      0x114 Drivers/STM32F4xx_HAL_Driver/Src/stm32f4xx_hal_sd.o
                0x0000000008003634                HAL_SD_ConfigWideBusOperation
 .text.HAL_SD_GetCardState
                0x0000000008003748       0x28 Drivers/STM32F4xx_HAL_Driver/Src/stm32f4xx_hal_sd.o
                0x0000000008003748                HAL_SD_GetCardState
 .text.HAL_TIM_Base_Init
                0x0000000008003770      0x108 Drivers/STM32F4xx_HAL_Driver/Src/stm32f4xx_hal_tim.o
                0x0000000008003770                HAL_TIM_Base_Init
 .text.HAL_TIM_Base_Start_IT
                0x0000000008003878       0x20 Drivers/STM32F4xx_HAL_Driver/Src/stm32f4xx_hal_tim.o
                0x0000000008003878                HAL_TIM_Base_Start_IT
 .text.HAL_TIM_PWM_MspInit
                0x0000000008003898        0x4 Drivers/STM32F4xx_HAL_Driver/Src/stm32f4xx_hal_tim.o
                0x0000000008003898                HAL_TIM_PWM_MspInit
 .text.HAL_TIM_PWM_Init
                0x000000000800389c      0x108 Drivers/STM32F4xx_HAL_Driver/Src/stm32f4xx_hal_tim.o
                0x000000000800389c                HAL_TIM_PWM_Init
 .text.HAL_TIM_PWM_Start
                0x00000000080039a4       0x54 Drivers/STM32F4xx_HAL_Driver/Src/stm32f4xx_hal_tim.o
                0x00000000080039a4                HAL_TIM_PWM_Start
 .text.HAL_TIM_Encoder_Init
                0x00000000080039f8      0x180 Drivers/STM32F4xx_HAL_Driver/Src/stm32f4xx_hal_tim.o
                0x00000000080039f8                HAL_TIM_Encoder_Init
 .text.HAL_TIM_Encoder_Start
                0x0000000008003b78       0x48 Drivers/STM32F4xx_HAL_Driver/Src/stm32f4xx_hal_tim.o
                0x0000000008003b78                HAL_TIM_Encoder_Start
 .text.HAL_TIM_PWM_ConfigChannel
                0x0000000008003bc0      0x214 Drivers/STM32F4xx_HAL_Driver/Src/stm32f4xx_hal_tim.o
                0x0000000008003bc0                HAL_TIM_PWM_ConfigChannel
 .text.HAL_TIM_ConfigClockSource
                0x0000000008003dd4      0x14c Drivers/STM32F4xx_HAL_Driver/Src/stm32f4xx_hal_tim.o
                0x0000000008003dd4                HAL_TIM_ConfigClockSource
 .text.HAL_TIM_OC_DelayElapsedCallback
                0x0000000008003f20        0x4 Drivers/STM32F4xx_HAL_Driver/Src/stm32f4xx_hal_tim.o
                0x0000000008003f20                HAL_TIM_OC_DelayElapsedCallback
 .text.HAL_TIM_IC_CaptureCallback
                0x0000000008003f24        0x4 Drivers/STM32F4xx_HAL_Driver/Src/stm32f4xx_hal_tim.o
                0x0000000008003f24                HAL_TIM_IC_CaptureCallback
 .text.HAL_TIM_PWM_PulseFinishedCallback
                0x0000000008003f28        0x4 Drivers/STM32F4xx_HAL_Driver/Src/stm32f4xx_hal_tim.o
                0x0000000008003f28                HAL_TIM_PWM_PulseFinishedCallback
 .text.HAL_TIM_TriggerCallback
                0x0000000008003f2c        0x4 Drivers/STM32F4xx_HAL_Driver/Src/stm32f4xx_hal_tim.o
                0x0000000008003f2c                HAL_TIM_TriggerCallback
 .text.HAL_TIM_IRQHandler
                0x0000000008003f30      0x154 Drivers/STM32F4xx_HAL_Driver/Src/stm32f4xx_hal_tim.o
                0x0000000008003f30                HAL_TIM_IRQHandler
 .text.HAL_TIMEx_MasterConfigSynchronization
                0x0000000008004084       0x8c Drivers/STM32F4xx_HAL_Driver/Src/stm32f4xx_hal_tim_ex.o
                0x0000000008004084                HAL_TIMEx_MasterConfigSynchronization
 .text.HAL_TIMEx_ConfigBreakDeadTime
                0x0000000008004110       0x54 Drivers/STM32F4xx_HAL_Driver/Src/stm32f4xx_hal_tim_ex.o
                0x0000000008004110                HAL_TIMEx_ConfigBreakDeadTime
 .text.HAL_TIMEx_CommutCallback
                0x0000000008004164        0x4 Drivers/STM32F4xx_HAL_Driver/Src/stm32f4xx_hal_tim_ex.o
                0x0000000008004164                HAL_TIMEx_CommutCallback
 .text.HAL_TIMEx_BreakCallback
                0x0000000008004168        0x4 Drivers/STM32F4xx_HAL_Driver/Src/stm32f4xx_hal_tim_ex.o
                0x0000000008004168                HAL_TIMEx_BreakCallback
 .text.HAL_UART_Init
                0x000000000800416c      0x144 Drivers/STM32F4xx_HAL_Driver/Src/stm32f4xx_hal_uart.o
                0x000000000800416c                HAL_UART_Init
 .text.HAL_UART_Transmit
                0x00000000080042b0      0x11c Drivers/STM32F4xx_HAL_Driver/Src/stm32f4xx_hal_uart.o
                0x00000000080042b0                HAL_UART_Transmit
 .text.SDMMC_GetCmdResp1.part.2
                0x00000000080043cc       0xc8 Drivers/STM32F4xx_HAL_Driver/Src/stm32f4xx_ll_sdmmc.o
 .text.SDIO_Init
                0x0000000008004494       0x38 Drivers/STM32F4xx_HAL_Driver/Src/stm32f4xx_ll_sdmmc.o
                0x0000000008004494                SDIO_Init
 .text.SDIO_ReadFIFO
                0x00000000080044cc        0x8 Drivers/STM32F4xx_HAL_Driver/Src/stm32f4xx_ll_sdmmc.o
                0x00000000080044cc                SDIO_ReadFIFO
 .text.SDIO_WriteFIFO
                0x00000000080044d4        0xc Drivers/STM32F4xx_HAL_Driver/Src/stm32f4xx_ll_sdmmc.o
                0x00000000080044d4                SDIO_WriteFIFO
 .text.SDIO_PowerState_ON
                0x00000000080044e0       0x10 Drivers/STM32F4xx_HAL_Driver/Src/stm32f4xx_ll_sdmmc.o
                0x00000000080044e0                SDIO_PowerState_ON
 .text.SDIO_GetPowerState
                0x00000000080044f0        0x8 Drivers/STM32F4xx_HAL_Driver/Src/stm32f4xx_ll_sdmmc.o
                0x00000000080044f0                SDIO_GetPowerState
 .text.SDIO_GetResponse
                0x00000000080044f8        0x8 Drivers/STM32F4xx_HAL_Driver/Src/stm32f4xx_ll_sdmmc.o
                0x00000000080044f8                SDIO_GetResponse
 .text.SDIO_ConfigData
                0x0000000008004500       0x28 Drivers/STM32F4xx_HAL_Driver/Src/stm32f4xx_ll_sdmmc.o
                0x0000000008004500                SDIO_ConfigData
 .text.SDMMC_CmdBlockLength
                0x0000000008004528       0x78 Drivers/STM32F4xx_HAL_Driver/Src/stm32f4xx_ll_sdmmc.o
                0x0000000008004528                SDMMC_CmdBlockLength
 .text.SDMMC_CmdReadSingleBlock
                0x00000000080045a0       0x7c Drivers/STM32F4xx_HAL_Driver/Src/stm32f4xx_ll_sdmmc.o
                0x00000000080045a0                SDMMC_CmdReadSingleBlock
 .text.SDMMC_CmdReadMultiBlock
                0x000000000800461c       0x7c Drivers/STM32F4xx_HAL_Driver/Src/stm32f4xx_ll_sdmmc.o
                0x000000000800461c                SDMMC_CmdReadMultiBlock
 .text.SDMMC_CmdWriteSingleBlock
                0x0000000008004698       0x78 Drivers/STM32F4xx_HAL_Driver/Src/stm32f4xx_ll_sdmmc.o
                0x0000000008004698                SDMMC_CmdWriteSingleBlock
 .text.SDMMC_CmdWriteMultiBlock
                0x0000000008004710       0x7c Drivers/STM32F4xx_HAL_Driver/Src/stm32f4xx_ll_sdmmc.o
                0x0000000008004710                SDMMC_CmdWriteMultiBlock
 .text.SDMMC_CmdStopTransfer
                0x000000000800478c       0x90 Drivers/STM32F4xx_HAL_Driver/Src/stm32f4xx_ll_sdmmc.o
                0x000000000800478c                SDMMC_CmdStopTransfer
 .text.SDMMC_CmdSelDesel
                0x000000000800481c       0x7c Drivers/STM32F4xx_HAL_Driver/Src/stm32f4xx_ll_sdmmc.o
                0x000000000800481c                SDMMC_CmdSelDesel
 .text.SDMMC_CmdGoIdleState
                0x0000000008004898       0x4c Drivers/STM32F4xx_HAL_Driver/Src/stm32f4xx_ll_sdmmc.o
                0x0000000008004898                SDMMC_CmdGoIdleState
 .text.SDMMC_CmdOperCond
                0x00000000080048e4       0x78 Drivers/STM32F4xx_HAL_Driver/Src/stm32f4xx_ll_sdmmc.o
                0x00000000080048e4                SDMMC_CmdOperCond
 .text.SDMMC_CmdAppCommand
                0x000000000800495c       0x7c Drivers/STM32F4xx_HAL_Driver/Src/stm32f4xx_ll_sdmmc.o
                0x000000000800495c                SDMMC_CmdAppCommand
 .text.SDMMC_CmdAppOperCommand
                0x00000000080049d8       0x70 Drivers/STM32F4xx_HAL_Driver/Src/stm32f4xx_ll_sdmmc.o
                0x00000000080049d8                SDMMC_CmdAppOperCommand
 .text.SDMMC_CmdBusWidth
                0x0000000008004a48       0x7c Drivers/STM32F4xx_HAL_Driver/Src/stm32f4xx_ll_sdmmc.o
                0x0000000008004a48                SDMMC_CmdBusWidth
 .text.SDMMC_CmdSendSCR
                0x0000000008004ac4       0x7c Drivers/STM32F4xx_HAL_Driver/Src/stm32f4xx_ll_sdmmc.o
                0x0000000008004ac4                SDMMC_CmdSendSCR
 .text.SDMMC_CmdSendCID
                0x0000000008004b40       0x6c Drivers/STM32F4xx_HAL_Driver/Src/stm32f4xx_ll_sdmmc.o
                0x0000000008004b40                SDMMC_CmdSendCID
 .text.SDMMC_CmdSendCSD
                0x0000000008004bac       0x74 Drivers/STM32F4xx_HAL_Driver/Src/stm32f4xx_ll_sdmmc.o
                0x0000000008004bac                SDMMC_CmdSendCSD
 .text.SDMMC_CmdSetRelAdd
                0x0000000008004c20       0xac Drivers/STM32F4xx_HAL_Driver/Src/stm32f4xx_ll_sdmmc.o
                0x0000000008004c20                SDMMC_CmdSetRelAdd
 .text.SDMMC_CmdSendStatus
                0x0000000008004ccc       0x7c Drivers/STM32F4xx_HAL_Driver/Src/stm32f4xx_ll_sdmmc.o
                0x0000000008004ccc                SDMMC_CmdSendStatus
 .text.FATFS_LinkDriver
                0x0000000008004d48       0x48 Middlewares/Third_Party/FatFs/src/ff_gen_drv.o
                0x0000000008004d48                FATFS_LinkDriver
 .text.bno055_init
                0x0000000008004d90      0x138 Src/BNO055.o
                0x0000000008004d90                bno055_init
 .text.ACTUATOR_Init
                0x0000000008004ec8       0x80 Src/actuator.o
                0x0000000008004ec8                ACTUATOR_Init
 .text.ACTUATOR_LED
                0x0000000008004f48       0x64 Src/actuator.o
                0x0000000008004f48                ACTUATOR_LED
 .text.ACTUATOR_MotorSetPWM
                0x0000000008004fac       0x30 Src/actuator.o
                0x0000000008004fac                ACTUATOR_MotorSetPWM
 .text.MX_ADC1_Init
                0x0000000008004fdc       0xb8 Src/adc.o
                0x0000000008004fdc                MX_ADC1_Init
 .text.MX_ADC2_Init
                0x0000000008005094       0xbc Src/adc.o
                0x0000000008005094                MX_ADC2_Init
 .text.MX_ADC3_Init
                0x0000000008005150       0x88 Src/adc.o
                0x0000000008005150                MX_ADC3_Init
 .text.HAL_ADC_MspInit
                0x00000000080051d8      0x240 Src/adc.o
                0x00000000080051d8                HAL_ADC_MspInit
 .text.BSP_SD_ReadBlocks
                0x0000000008005418       0x24 Src/bsp_driver_sd.o
                0x0000000008005418                BSP_SD_ReadBlocks
 .text.BSP_SD_WriteBlocks
                0x000000000800543c       0x24 Src/bsp_driver_sd.o
                0x000000000800543c                BSP_SD_WriteBlocks
 .text.BSP_SD_GetCardState
                0x0000000008005460       0x14 Src/bsp_driver_sd.o
                0x0000000008005460                BSP_SD_GetCardState
 .text.BSP_SD_GetCardInfo
                0x0000000008005474        0xc Src/bsp_driver_sd.o
                0x0000000008005474                BSP_SD_GetCardInfo
 .text.BSP_SD_IsDetected
                0x0000000008005480       0x20 Src/bsp_driver_sd.o
                0x0000000008005480                BSP_SD_IsDetected
 .text.BSP_SD_Init
                0x00000000080054a0       0x30 Src/bsp_driver_sd.o
                0x00000000080054a0                BSP_SD_Init
 .text.CMD_AbsolutePathToRelative
                0x00000000080054d0       0x70 Src/command.o
                0x00000000080054d0                CMD_AbsolutePathToRelative
 .text.CMD_PathToCommand
                0x0000000008005540      0x454 Src/command.o
                0x0000000008005540                CMD_PathToCommand
 .text.MX_DMA_Init
                0x0000000008005994       0x58 Src/dma.o
                0x0000000008005994                MX_DMA_Init
 .text.MX_FATFS_Init
                0x00000000080059ec       0x1c Src/fatfs.o
                0x00000000080059ec                MX_FATFS_Init
 .text.BSP_PlatformIsDetected
                0x0000000008005a08       0x18 Src/fatfs_platform.o
                0x0000000008005a08                BSP_PlatformIsDetected
 .text.MX_GPIO_Init
                0x0000000008005a20       0xf0 Src/gpio.o
                0x0000000008005a20                MX_GPIO_Init
 .text.MX_I2C1_Init
                0x0000000008005b10       0x40 Src/i2c.o
                0x0000000008005b10                MX_I2C1_Init
 .text.HAL_I2C_MspInit
                0x0000000008005b50       0x74 Src/i2c.o
                0x0000000008005b50                HAL_I2C_MspInit
 .text.MAIN_SetPIDs
                0x0000000008005bc4       0xcc Src/main.o
                0x0000000008005bc4                MAIN_SetPIDs
 .text._write   0x0000000008005c90       0x20 Src/main.o
                0x0000000008005c90                _write
 .text.SystemClock_Config
                0x0000000008005cb0       0x94 Src/main.o
                0x0000000008005cb0                SystemClock_Config
 .text.startup.main
                0x0000000008005d44      0x178 Src/main.o
                0x0000000008005d44                main
 .text.MAIN_GetMicros
                0x0000000008005ebc       0x1c Src/main.o
                0x0000000008005ebc                MAIN_GetMicros
 .text.HAL_TIM_PeriodElapsedCallback
                0x0000000008005ed8       0x58 Src/main.o
                0x0000000008005ed8                HAL_TIM_PeriodElapsedCallback
 .text.HAL_ADC_ConvCpltCallback
                0x0000000008005f30        0x4 Src/main.o
                0x0000000008005f30                HAL_ADC_ConvCpltCallback
 .text.Error_Handler
                0x0000000008005f34        0x4 Src/main.o
                0x0000000008005f34                Error_Handler
 .text.MAZE_writeCell
                0x0000000008005f38       0x2c Src/maze.o
                0x0000000008005f38                MAZE_writeCell
 .text.MAZE_findCheapestNeighbor
                0x0000000008005f64       0x8c Src/maze.o
                0x0000000008005f64                MAZE_findCheapestNeighbor
 .text.MAZE_floodfill
                0x0000000008005ff0      0x184 Src/maze.o
                0x0000000008005ff0                MAZE_floodfill
 .text.MAZE_updatePath
                0x0000000008006174       0x14 Src/maze.o
                0x0000000008006174                MAZE_updatePath
 .text.MAZE_ClearMaze
                0x0000000008006188       0xb8 Src/maze.o
                0x0000000008006188                MAZE_ClearMaze
 .text.MOTION_Init
                0x0000000008006240       0xb8 Src/motionSystem.o
                0x0000000008006240                MOTION_Init
 .text.MOTION_Update
                0x00000000080062f8      0x3c0 Src/motionSystem.o
                0x00000000080062f8                MOTION_Update
 .text.MOTOR_INIT
                0x00000000080066b8       0x44 Src/motor.o
                0x00000000080066b8                MOTOR_INIT
 .text.MOTOR_ControllerSet
                0x00000000080066fc       0x14 Src/motor.o
                0x00000000080066fc                MOTOR_ControllerSet
 .text.MOTOR_SetVoltage
                0x0000000008006710       0x5c Src/motor.o
                0x0000000008006710                MOTOR_SetVoltage
 .text.MOTOR_SetVelocity
                0x000000000800676c      0x25c Src/motor.o
                0x000000000800676c                MOTOR_SetVelocity
 .text.SD_initialize
                0x00000000080069c8       0x30 Src/sd_diskio.o
                0x00000000080069c8                SD_initialize
 .text.SD_status
                0x00000000080069f8       0x20 Src/sd_diskio.o
                0x00000000080069f8                SD_status
 .text.SD_read  0x0000000008006a18       0x20 Src/sd_diskio.o
                0x0000000008006a18                SD_read
 .text.SD_ioctl
                0x0000000008006a38       0x60 Src/sd_diskio.o
                0x0000000008006a38                SD_ioctl
 .text.SD_write
                0x0000000008006a98       0x20 Src/sd_diskio.o
                0x0000000008006a98                SD_write
 .text.MX_SDIO_SD_Init
                0x0000000008006ab8       0x20 Src/sdio.o
                0x0000000008006ab8                MX_SDIO_SD_Init
 .text.HAL_SD_MspInit
                0x0000000008006ad8       0xbc Src/sdio.o
                0x0000000008006ad8                HAL_SD_MspInit
 .text.SENSORS_Init
                0x0000000008006b94       0xa4 Src/sensors.o
                0x0000000008006b94                SENSORS_Init
 .text.SENSORS_vectorsCalc
                0x0000000008006c38      0x2b0 Src/sensors.o
                0x0000000008006c38                SENSORS_vectorsCalc
 .text.SENSORS_AdcUpdateValues
                0x0000000008006ee8      0x6a0 Src/sensors.o
                0x0000000008006ee8                SENSORS_AdcUpdateValues
 .text.SENSORS_Update
                0x0000000008007588      0x110 Src/sensors.o
                0x0000000008007588                SENSORS_Update
 .text.SENSORS_AdcCallback
                0x0000000008007698       0x50 Src/sensors.o
                0x0000000008007698                SENSORS_AdcCallback
 .text.SENSORS_EncoderTimCallback
                0x00000000080076e8       0x38 Src/sensors.o
                0x00000000080076e8                SENSORS_EncoderTimCallback
 .text.HAL_MspInit
                0x0000000008007720       0x38 Src/stm32f4xx_hal_msp.o
                0x0000000008007720                HAL_MspInit
 .text.NMI_Handler
                0x0000000008007758        0x4 Src/stm32f4xx_it.o
                0x0000000008007758                NMI_Handler
 .text.HardFault_Handler
                0x000000000800775c        0x4 Src/stm32f4xx_it.o
                0x000000000800775c                HardFault_Handler
 .text.MemManage_Handler
                0x0000000008007760        0x4 Src/stm32f4xx_it.o
                0x0000000008007760                MemManage_Handler
 .text.BusFault_Handler
                0x0000000008007764        0x4 Src/stm32f4xx_it.o
                0x0000000008007764                BusFault_Handler
 .text.UsageFault_Handler
                0x0000000008007768        0x4 Src/stm32f4xx_it.o
                0x0000000008007768                UsageFault_Handler
 .text.SVC_Handler
                0x000000000800776c        0x4 Src/stm32f4xx_it.o
                0x000000000800776c                SVC_Handler
 .text.DebugMon_Handler
                0x0000000008007770        0x4 Src/stm32f4xx_it.o
                0x0000000008007770                DebugMon_Handler
 .text.PendSV_Handler
                0x0000000008007774        0x4 Src/stm32f4xx_it.o
                0x0000000008007774                PendSV_Handler
 .text.SysTick_Handler
                0x0000000008007778        0x4 Src/stm32f4xx_it.o
                0x0000000008007778                SysTick_Handler
 .text.ADC_IRQHandler
                0x000000000800777c       0x24 Src/stm32f4xx_it.o
                0x000000000800777c                ADC_IRQHandler
 .text.TIM1_UP_TIM10_IRQHandler
                0x00000000080077a0        0xc Src/stm32f4xx_it.o
                0x00000000080077a0                TIM1_UP_TIM10_IRQHandler
 .text.TIM2_IRQHandler
                0x00000000080077ac        0xc Src/stm32f4xx_it.o
                0x00000000080077ac                TIM2_IRQHandler
 .text.TIM3_IRQHandler
                0x00000000080077b8        0xc Src/stm32f4xx_it.o
                0x00000000080077b8                TIM3_IRQHandler
 .text.TIM8_BRK_TIM12_IRQHandler
                0x00000000080077c4        0xc Src/stm32f4xx_it.o
                0x00000000080077c4                TIM8_BRK_TIM12_IRQHandler
 .text.TIM5_IRQHandler
                0x00000000080077d0        0xc Src/stm32f4xx_it.o
                0x00000000080077d0                TIM5_IRQHandler
 .text.DMA2_Stream0_IRQHandler
                0x00000000080077dc        0xc Src/stm32f4xx_it.o
                0x00000000080077dc                DMA2_Stream0_IRQHandler
 .text.DMA2_Stream1_IRQHandler
                0x00000000080077e8        0xc Src/stm32f4xx_it.o
                0x00000000080077e8                DMA2_Stream1_IRQHandler
 .text.DMA2_Stream2_IRQHandler
                0x00000000080077f4        0xc Src/stm32f4xx_it.o
                0x00000000080077f4                DMA2_Stream2_IRQHandler
 .text._read    0x0000000008007800       0x1c Src/syscalls.o
                0x0000000008007800                _read
 .text._close   0x000000000800781c        0x8 Src/syscalls.o
                0x000000000800781c                _close
 .text._fstat   0x0000000008007824        0xc Src/syscalls.o
                0x0000000008007824                _fstat
 .text._isatty  0x0000000008007830        0x4 Src/syscalls.o
                0x0000000008007830                _isatty
 .text._lseek   0x0000000008007834        0x4 Src/syscalls.o
                0x0000000008007834                _lseek
 .text._sbrk    0x0000000008007838       0x3c Src/sysmem.o
                0x0000000008007838                _sbrk
 .text.SystemInit
                0x0000000008007874       0x1c Src/system_stm32f4xx.o
                0x0000000008007874                SystemInit
 .text.MX_TIM1_Init
                0x0000000008007890      0x210 Src/tim.o
                0x0000000008007890                MX_TIM1_Init
 .text.MX_TIM2_Init
                0x0000000008007aa0       0x70 Src/tim.o
                0x0000000008007aa0                MX_TIM2_Init
 .text.MX_TIM3_Init
                0x0000000008007b10       0x68 Src/tim.o
                0x0000000008007b10                MX_TIM3_Init
 .text.MX_TIM4_Init
                0x0000000008007b78      0x1a4 Src/tim.o
                0x0000000008007b78                MX_TIM4_Init
 .text.MX_TIM5_Init
                0x0000000008007d1c       0x68 Src/tim.o
                0x0000000008007d1c                MX_TIM5_Init
 .text.MX_TIM9_Init
                0x0000000008007d84      0x184 Src/tim.o
                0x0000000008007d84                MX_TIM9_Init
 .text.MX_TIM12_Init
                0x0000000008007f08       0x54 Src/tim.o
                0x0000000008007f08                MX_TIM12_Init
 .text.MX_TIM14_Init
                0x0000000008007f5c      0x164 Src/tim.o
                0x0000000008007f5c                MX_TIM14_Init
 .text.HAL_TIM_Base_MspInit
                0x00000000080080c0      0x11c Src/tim.o
                0x00000000080080c0                HAL_TIM_Base_MspInit
 .text.HAL_TIM_Encoder_MspInit
                0x00000000080081dc       0xd8 Src/tim.o
                0x00000000080081dc                HAL_TIM_Encoder_MspInit
 .text.MX_USART3_UART_Init
                0x00000000080082b4       0x38 Src/usart.o
                0x00000000080082b4                MX_USART3_UART_Init
 .text.HAL_UART_MspInit
                0x00000000080082ec       0x70 Src/usart.o
                0x00000000080082ec                HAL_UART_MspInit
 .text.Reset_Handler
                0x000000000800835c       0x50 Startup/startup_stm32f405rgtx.o
                0x000000000800835c                Reset_Handler
 .text.Default_Handler
                0x00000000080083ac        0x2 Startup/startup_stm32f405rgtx.o
                0x00000000080083ac                RTC_Alarm_IRQHandler
                0x00000000080083ac                HASH_RNG_IRQHandler
                0x00000000080083ac                EXTI2_IRQHandler
                0x00000000080083ac                TIM8_CC_IRQHandler
                0x00000000080083ac                TIM1_CC_IRQHandler
                0x00000000080083ac                DMA2_Stream5_IRQHandler
                0x00000000080083ac                DMA1_Stream5_IRQHandler
                0x00000000080083ac                PVD_IRQHandler
                0x00000000080083ac                SDIO_IRQHandler
                0x00000000080083ac                TAMP_STAMP_IRQHandler
                0x00000000080083ac                CAN2_RX1_IRQHandler
                0x00000000080083ac                EXTI3_IRQHandler
                0x00000000080083ac                TIM8_TRG_COM_TIM14_IRQHandler
                0x00000000080083ac                TIM8_UP_TIM13_IRQHandler
                0x00000000080083ac                I2C3_ER_IRQHandler
                0x00000000080083ac                EXTI0_IRQHandler
                0x00000000080083ac                I2C2_EV_IRQHandler
                0x00000000080083ac                DMA1_Stream2_IRQHandler
                0x00000000080083ac                CAN1_RX0_IRQHandler
                0x00000000080083ac                FPU_IRQHandler
                0x00000000080083ac                OTG_HS_WKUP_IRQHandler
                0x00000000080083ac                CAN2_SCE_IRQHandler
                0x00000000080083ac                SPI1_IRQHandler
                0x00000000080083ac                TIM6_DAC_IRQHandler
                0x00000000080083ac                TIM1_BRK_TIM9_IRQHandler
                0x00000000080083ac                CAN2_RX0_IRQHandler
                0x00000000080083ac                DMA2_Stream3_IRQHandler
                0x00000000080083ac                USART6_IRQHandler
                0x00000000080083ac                USART3_IRQHandler
                0x00000000080083ac                CAN1_RX1_IRQHandler
                0x00000000080083ac                UART5_IRQHandler
                0x00000000080083ac                TIM4_IRQHandler
                0x00000000080083ac                I2C1_EV_IRQHandler
                0x00000000080083ac                DMA1_Stream6_IRQHandler
                0x00000000080083ac                DMA1_Stream1_IRQHandler
                0x00000000080083ac                UART4_IRQHandler
                0x00000000080083ac                RCC_IRQHandler
                0x00000000080083ac                Default_Handler
                0x00000000080083ac                EXTI15_10_IRQHandler
                0x00000000080083ac                DMA1_Stream7_IRQHandler
                0x00000000080083ac                TIM7_IRQHandler
                0x00000000080083ac                CAN2_TX_IRQHandler
                0x00000000080083ac                DMA2_Stream7_IRQHandler
                0x00000000080083ac                I2C3_EV_IRQHandler
                0x00000000080083ac                EXTI9_5_IRQHandler
                0x00000000080083ac                RTC_WKUP_IRQHandler
                0x00000000080083ac                SPI2_IRQHandler
                0x00000000080083ac                OTG_HS_EP1_IN_IRQHandler
                0x00000000080083ac                DMA1_Stream0_IRQHandler
                0x00000000080083ac                CAN1_TX_IRQHandler
                0x00000000080083ac                EXTI4_IRQHandler
                0x00000000080083ac                FSMC_IRQHandler
                0x00000000080083ac                OTG_HS_EP1_OUT_IRQHandler
                0x00000000080083ac                WWDG_IRQHandler
                0x00000000080083ac                OTG_FS_WKUP_IRQHandler
                0x00000000080083ac                TIM1_TRG_COM_TIM11_IRQHandler
                0x00000000080083ac                OTG_HS_IRQHandler
                0x00000000080083ac                EXTI1_IRQHandler
                0x00000000080083ac                USART2_IRQHandler
                0x00000000080083ac                I2C2_ER_IRQHandler
                0x00000000080083ac                CAN1_SCE_IRQHandler
                0x00000000080083ac                FLASH_IRQHandler
                0x00000000080083ac                DMA2_Stream4_IRQHandler
                0x00000000080083ac                USART1_IRQHandler
                0x00000000080083ac                OTG_FS_IRQHandler
                0x00000000080083ac                SPI3_IRQHandler
                0x00000000080083ac                DMA1_Stream4_IRQHandler
                0x00000000080083ac                I2C1_ER_IRQHandler
                0x00000000080083ac                DMA2_Stream6_IRQHandler
                0x00000000080083ac                DMA1_Stream3_IRQHandler
 *fill*         0x00000000080083ae        0x2 
 .text.__errno  0x00000000080083b0        0xc c:/st/stm32cubeide_1.0.2/stm32cubeide/plugins/com.st.stm32cube.ide.mcu.externaltools.gnu-tools-for-stm32.7-2018-q2-update.win32_1.0.0.201904181610/tools/bin/../lib/gcc/arm-none-eabi/7.3.1/../../../../arm-none-eabi/lib/thumb/v7e-m/fpv4-sp/hard\libc_nano.a(lib_a-errno.o)
                0x00000000080083b0                __errno
 .text.__libc_init_array
                0x00000000080083bc       0x48 c:/st/stm32cubeide_1.0.2/stm32cubeide/plugins/com.st.stm32cube.ide.mcu.externaltools.gnu-tools-for-stm32.7-2018-q2-update.win32_1.0.0.201904181610/tools/bin/../lib/gcc/arm-none-eabi/7.3.1/../../../../arm-none-eabi/lib/thumb/v7e-m/fpv4-sp/hard\libc_nano.a(lib_a-init.o)
                0x00000000080083bc                __libc_init_array
 .text.memset   0x0000000008008404       0x10 c:/st/stm32cubeide_1.0.2/stm32cubeide/plugins/com.st.stm32cube.ide.mcu.externaltools.gnu-tools-for-stm32.7-2018-q2-update.win32_1.0.0.201904181610/tools/bin/../lib/gcc/arm-none-eabi/7.3.1/../../../../arm-none-eabi/lib/thumb/v7e-m/fpv4-sp/hard\libc_nano.a(lib_a-memset.o)
                0x0000000008008404                memset
 .text.printf   0x0000000008008414       0x30 c:/st/stm32cubeide_1.0.2/stm32cubeide/plugins/com.st.stm32cube.ide.mcu.externaltools.gnu-tools-for-stm32.7-2018-q2-update.win32_1.0.0.201904181610/tools/bin/../lib/gcc/arm-none-eabi/7.3.1/../../../../arm-none-eabi/lib/thumb/v7e-m/fpv4-sp/hard\libc_nano.a(lib_a-printf.o)
                0x0000000008008414                iprintf
                0x0000000008008414                printf
 .text.std      0x0000000008008444       0x48 c:/st/stm32cubeide_1.0.2/stm32cubeide/plugins/com.st.stm32cube.ide.mcu.externaltools.gnu-tools-for-stm32.7-2018-q2-update.win32_1.0.0.201904181610/tools/bin/../lib/gcc/arm-none-eabi/7.3.1/../../../../arm-none-eabi/lib/thumb/v7e-m/fpv4-sp/hard\libc_nano.a(lib_a-findfp.o)
 .text._cleanup_r
                0x000000000800848c        0xc c:/st/stm32cubeide_1.0.2/stm32cubeide/plugins/com.st.stm32cube.ide.mcu.externaltools.gnu-tools-for-stm32.7-2018-q2-update.win32_1.0.0.201904181610/tools/bin/../lib/gcc/arm-none-eabi/7.3.1/../../../../arm-none-eabi/lib/thumb/v7e-m/fpv4-sp/hard\libc_nano.a(lib_a-findfp.o)
                0x000000000800848c                _cleanup_r
 .text.__sfmoreglue
                0x0000000008008498       0x2c c:/st/stm32cubeide_1.0.2/stm32cubeide/plugins/com.st.stm32cube.ide.mcu.externaltools.gnu-tools-for-stm32.7-2018-q2-update.win32_1.0.0.201904181610/tools/bin/../lib/gcc/arm-none-eabi/7.3.1/../../../../arm-none-eabi/lib/thumb/v7e-m/fpv4-sp/hard\libc_nano.a(lib_a-findfp.o)
                0x0000000008008498                __sfmoreglue
 .text.__sinit  0x00000000080084c4       0x60 c:/st/stm32cubeide_1.0.2/stm32cubeide/plugins/com.st.stm32cube.ide.mcu.externaltools.gnu-tools-for-stm32.7-2018-q2-update.win32_1.0.0.201904181610/tools/bin/../lib/gcc/arm-none-eabi/7.3.1/../../../../arm-none-eabi/lib/thumb/v7e-m/fpv4-sp/hard\libc_nano.a(lib_a-findfp.o)
                0x00000000080084c4                __sinit
 .text.__sfp    0x0000000008008524       0x78 c:/st/stm32cubeide_1.0.2/stm32cubeide/plugins/com.st.stm32cube.ide.mcu.externaltools.gnu-tools-for-stm32.7-2018-q2-update.win32_1.0.0.201904181610/tools/bin/../lib/gcc/arm-none-eabi/7.3.1/../../../../arm-none-eabi/lib/thumb/v7e-m/fpv4-sp/hard\libc_nano.a(lib_a-findfp.o)
                0x0000000008008524                __sfp
 .text._fwalk_reent
                0x000000000800859c       0x3c c:/st/stm32cubeide_1.0.2/stm32cubeide/plugins/com.st.stm32cube.ide.mcu.externaltools.gnu-tools-for-stm32.7-2018-q2-update.win32_1.0.0.201904181610/tools/bin/../lib/gcc/arm-none-eabi/7.3.1/../../../../arm-none-eabi/lib/thumb/v7e-m/fpv4-sp/hard\libc_nano.a(lib_a-fwalk.o)
                0x000000000800859c                _fwalk_reent
 .text._malloc_r
                0x00000000080085d8       0xb4 c:/st/stm32cubeide_1.0.2/stm32cubeide/plugins/com.st.stm32cube.ide.mcu.externaltools.gnu-tools-for-stm32.7-2018-q2-update.win32_1.0.0.201904181610/tools/bin/../lib/gcc/arm-none-eabi/7.3.1/../../../../arm-none-eabi/lib/thumb/v7e-m/fpv4-sp/hard\libc_nano.a(lib_a-nano-mallocr.o)
                0x00000000080085d8                _malloc_r
 .text.__sfputc_r
                0x000000000800868c       0x2e c:/st/stm32cubeide_1.0.2/stm32cubeide/plugins/com.st.stm32cube.ide.mcu.externaltools.gnu-tools-for-stm32.7-2018-q2-update.win32_1.0.0.201904181610/tools/bin/../lib/gcc/arm-none-eabi/7.3.1/../../../../arm-none-eabi/lib/thumb/v7e-m/fpv4-sp/hard\libc_nano.a(lib_a-nano-vfprintf.o)
 .text.__sfputs_r
                0x00000000080086ba       0x24 c:/st/stm32cubeide_1.0.2/stm32cubeide/plugins/com.st.stm32cube.ide.mcu.externaltools.gnu-tools-for-stm32.7-2018-q2-update.win32_1.0.0.201904181610/tools/bin/../lib/gcc/arm-none-eabi/7.3.1/../../../../arm-none-eabi/lib/thumb/v7e-m/fpv4-sp/hard\libc_nano.a(lib_a-nano-vfprintf.o)
                0x00000000080086ba                __sfputs_r
 *fill*         0x00000000080086de        0x2 
 .text._vfprintf_r
                0x00000000080086e0      0x22c c:/st/stm32cubeide_1.0.2/stm32cubeide/plugins/com.st.stm32cube.ide.mcu.externaltools.gnu-tools-for-stm32.7-2018-q2-update.win32_1.0.0.201904181610/tools/bin/../lib/gcc/arm-none-eabi/7.3.1/../../../../arm-none-eabi/lib/thumb/v7e-m/fpv4-sp/hard\libc_nano.a(lib_a-nano-vfprintf.o)
                0x00000000080086e0                _vfprintf_r
                0x00000000080086e0                _vfiprintf_r
 .text._printf_common
                0x000000000800890c       0xea c:/st/stm32cubeide_1.0.2/stm32cubeide/plugins/com.st.stm32cube.ide.mcu.externaltools.gnu-tools-for-stm32.7-2018-q2-update.win32_1.0.0.201904181610/tools/bin/../lib/gcc/arm-none-eabi/7.3.1/../../../../arm-none-eabi/lib/thumb/v7e-m/fpv4-sp/hard\libc_nano.a(lib_a-nano-vfprintf_i.o)
                0x000000000800890c                _printf_common
 *fill*         0x00000000080089f6        0x2 
 .text._printf_i
                0x00000000080089f8      0x224 c:/st/stm32cubeide_1.0.2/stm32cubeide/plugins/com.st.stm32cube.ide.mcu.externaltools.gnu-tools-for-stm32.7-2018-q2-update.win32_1.0.0.201904181610/tools/bin/../lib/gcc/arm-none-eabi/7.3.1/../../../../arm-none-eabi/lib/thumb/v7e-m/fpv4-sp/hard\libc_nano.a(lib_a-nano-vfprintf_i.o)
                0x00000000080089f8                _printf_i
 .text._sbrk_r  0x0000000008008c1c       0x20 c:/st/stm32cubeide_1.0.2/stm32cubeide/plugins/com.st.stm32cube.ide.mcu.externaltools.gnu-tools-for-stm32.7-2018-q2-update.win32_1.0.0.201904181610/tools/bin/../lib/gcc/arm-none-eabi/7.3.1/../../../../arm-none-eabi/lib/thumb/v7e-m/fpv4-sp/hard\libc_nano.a(lib_a-sbrkr.o)
                0x0000000008008c1c                _sbrk_r
 .text.__sread  0x0000000008008c3c       0x22 c:/st/stm32cubeide_1.0.2/stm32cubeide/plugins/com.st.stm32cube.ide.mcu.externaltools.gnu-tools-for-stm32.7-2018-q2-update.win32_1.0.0.201904181610/tools/bin/../lib/gcc/arm-none-eabi/7.3.1/../../../../arm-none-eabi/lib/thumb/v7e-m/fpv4-sp/hard\libc_nano.a(lib_a-stdio.o)
                0x0000000008008c3c                __sread
 .text.__swrite
                0x0000000008008c5e       0x38 c:/st/stm32cubeide_1.0.2/stm32cubeide/plugins/com.st.stm32cube.ide.mcu.externaltools.gnu-tools-for-stm32.7-2018-q2-update.win32_1.0.0.201904181610/tools/bin/../lib/gcc/arm-none-eabi/7.3.1/../../../../arm-none-eabi/lib/thumb/v7e-m/fpv4-sp/hard\libc_nano.a(lib_a-stdio.o)
                0x0000000008008c5e                __swrite
 .text.__sseek  0x0000000008008c96       0x24 c:/st/stm32cubeide_1.0.2/stm32cubeide/plugins/com.st.stm32cube.ide.mcu.externaltools.gnu-tools-for-stm32.7-2018-q2-update.win32_1.0.0.201904181610/tools/bin/../lib/gcc/arm-none-eabi/7.3.1/../../../../arm-none-eabi/lib/thumb/v7e-m/fpv4-sp/hard\libc_nano.a(lib_a-stdio.o)
                0x0000000008008c96                __sseek
 .text.__sclose
                0x0000000008008cba        0x8 c:/st/stm32cubeide_1.0.2/stm32cubeide/plugins/com.st.stm32cube.ide.mcu.externaltools.gnu-tools-for-stm32.7-2018-q2-update.win32_1.0.0.201904181610/tools/bin/../lib/gcc/arm-none-eabi/7.3.1/../../../../arm-none-eabi/lib/thumb/v7e-m/fpv4-sp/hard\libc_nano.a(lib_a-stdio.o)
                0x0000000008008cba                __sclose
 *fill*         0x0000000008008cc2        0x2 
 .text.__swbuf_r
                0x0000000008008cc4       0xa4 c:/st/stm32cubeide_1.0.2/stm32cubeide/plugins/com.st.stm32cube.ide.mcu.externaltools.gnu-tools-for-stm32.7-2018-q2-update.win32_1.0.0.201904181610/tools/bin/../lib/gcc/arm-none-eabi/7.3.1/../../../../arm-none-eabi/lib/thumb/v7e-m/fpv4-sp/hard\libc_nano.a(lib_a-wbuf.o)
                0x0000000008008cc4                __swbuf_r
 .text._write_r
                0x0000000008008d68       0x24 c:/st/stm32cubeide_1.0.2/stm32cubeide/plugins/com.st.stm32cube.ide.mcu.externaltools.gnu-tools-for-stm32.7-2018-q2-update.win32_1.0.0.201904181610/tools/bin/../lib/gcc/arm-none-eabi/7.3.1/../../../../arm-none-eabi/lib/thumb/v7e-m/fpv4-sp/hard\libc_nano.a(lib_a-writer.o)
                0x0000000008008d68                _write_r
 .text.__swsetup_r
                0x0000000008008d8c       0xdc c:/st/stm32cubeide_1.0.2/stm32cubeide/plugins/com.st.stm32cube.ide.mcu.externaltools.gnu-tools-for-stm32.7-2018-q2-update.win32_1.0.0.201904181610/tools/bin/../lib/gcc/arm-none-eabi/7.3.1/../../../../arm-none-eabi/lib/thumb/v7e-m/fpv4-sp/hard\libc_nano.a(lib_a-wsetup.o)
                0x0000000008008d8c                __swsetup_r
 .text._close_r
                0x0000000008008e68       0x20 c:/st/stm32cubeide_1.0.2/stm32cubeide/plugins/com.st.stm32cube.ide.mcu.externaltools.gnu-tools-for-stm32.7-2018-q2-update.win32_1.0.0.201904181610/tools/bin/../lib/gcc/arm-none-eabi/7.3.1/../../../../arm-none-eabi/lib/thumb/v7e-m/fpv4-sp/hard\libc_nano.a(lib_a-closer.o)
                0x0000000008008e68                _close_r
 .text.__sflush_r
                0x0000000008008e88      0x10c c:/st/stm32cubeide_1.0.2/stm32cubeide/plugins/com.st.stm32cube.ide.mcu.externaltools.gnu-tools-for-stm32.7-2018-q2-update.win32_1.0.0.201904181610/tools/bin/../lib/gcc/arm-none-eabi/7.3.1/../../../../arm-none-eabi/lib/thumb/v7e-m/fpv4-sp/hard\libc_nano.a(lib_a-fflush.o)
                0x0000000008008e88                __sflush_r
 .text._fflush_r
                0x0000000008008f94       0x54 c:/st/stm32cubeide_1.0.2/stm32cubeide/plugins/com.st.stm32cube.ide.mcu.externaltools.gnu-tools-for-stm32.7-2018-q2-update.win32_1.0.0.201904181610/tools/bin/../lib/gcc/arm-none-eabi/7.3.1/../../../../arm-none-eabi/lib/thumb/v7e-m/fpv4-sp/hard\libc_nano.a(lib_a-fflush.o)
                0x0000000008008f94                _fflush_r
 .text._lseek_r
                0x0000000008008fe8       0x24 c:/st/stm32cubeide_1.0.2/stm32cubeide/plugins/com.st.stm32cube.ide.mcu.externaltools.gnu-tools-for-stm32.7-2018-q2-update.win32_1.0.0.201904181610/tools/bin/../lib/gcc/arm-none-eabi/7.3.1/../../../../arm-none-eabi/lib/thumb/v7e-m/fpv4-sp/hard\libc_nano.a(lib_a-lseekr.o)
                0x0000000008008fe8                _lseek_r
 .text.__swhatbuf_r
                0x000000000800900c       0x48 c:/st/stm32cubeide_1.0.2/stm32cubeide/plugins/com.st.stm32cube.ide.mcu.externaltools.gnu-tools-for-stm32.7-2018-q2-update.win32_1.0.0.201904181610/tools/bin/../lib/gcc/arm-none-eabi/7.3.1/../../../../arm-none-eabi/lib/thumb/v7e-m/fpv4-sp/hard\libc_nano.a(lib_a-makebuf.o)
                0x000000000800900c                __swhatbuf_r
 .text.__smakebuf_r
                0x0000000008009054       0x80 c:/st/stm32cubeide_1.0.2/stm32cubeide/plugins/com.st.stm32cube.ide.mcu.externaltools.gnu-tools-for-stm32.7-2018-q2-update.win32_1.0.0.201904181610/tools/bin/../lib/gcc/arm-none-eabi/7.3.1/../../../../arm-none-eabi/lib/thumb/v7e-m/fpv4-sp/hard\libc_nano.a(lib_a-makebuf.o)
                0x0000000008009054                __smakebuf_r
 .text.__malloc_lock
                0x00000000080090d4        0x2 c:/st/stm32cubeide_1.0.2/stm32cubeide/plugins/com.st.stm32cube.ide.mcu.externaltools.gnu-tools-for-stm32.7-2018-q2-update.win32_1.0.0.201904181610/tools/bin/../lib/gcc/arm-none-eabi/7.3.1/../../../../arm-none-eabi/lib/thumb/v7e-m/fpv4-sp/hard\libc_nano.a(lib_a-mlock.o)
                0x00000000080090d4                __malloc_lock
 .text.__malloc_unlock
                0x00000000080090d6        0x2 c:/st/stm32cubeide_1.0.2/stm32cubeide/plugins/com.st.stm32cube.ide.mcu.externaltools.gnu-tools-for-stm32.7-2018-q2-update.win32_1.0.0.201904181610/tools/bin/../lib/gcc/arm-none-eabi/7.3.1/../../../../arm-none-eabi/lib/thumb/v7e-m/fpv4-sp/hard\libc_nano.a(lib_a-mlock.o)
                0x00000000080090d6                __malloc_unlock
 .text._free_r  0x00000000080090d8       0x9c c:/st/stm32cubeide_1.0.2/stm32cubeide/plugins/com.st.stm32cube.ide.mcu.externaltools.gnu-tools-for-stm32.7-2018-q2-update.win32_1.0.0.201904181610/tools/bin/../lib/gcc/arm-none-eabi/7.3.1/../../../../arm-none-eabi/lib/thumb/v7e-m/fpv4-sp/hard\libc_nano.a(lib_a-nano-freer.o)
                0x00000000080090d8                _free_r
 .text._read_r  0x0000000008009174       0x24 c:/st/stm32cubeide_1.0.2/stm32cubeide/plugins/com.st.stm32cube.ide.mcu.externaltools.gnu-tools-for-stm32.7-2018-q2-update.win32_1.0.0.201904181610/tools/bin/../lib/gcc/arm-none-eabi/7.3.1/../../../../arm-none-eabi/lib/thumb/v7e-m/fpv4-sp/hard\libc_nano.a(lib_a-readr.o)
                0x0000000008009174                _read_r
 .text._fstat_r
                0x0000000008009198       0x24 c:/st/stm32cubeide_1.0.2/stm32cubeide/plugins/com.st.stm32cube.ide.mcu.externaltools.gnu-tools-for-stm32.7-2018-q2-update.win32_1.0.0.201904181610/tools/bin/../lib/gcc/arm-none-eabi/7.3.1/../../../../arm-none-eabi/lib/thumb/v7e-m/fpv4-sp/hard\libc_nano.a(lib_a-fstatr.o)
                0x0000000008009198                _fstat_r
 .text._isatty_r
                0x00000000080091bc       0x20 c:/st/stm32cubeide_1.0.2/stm32cubeide/plugins/com.st.stm32cube.ide.mcu.externaltools.gnu-tools-for-stm32.7-2018-q2-update.win32_1.0.0.201904181610/tools/bin/../lib/gcc/arm-none-eabi/7.3.1/../../../../arm-none-eabi/lib/thumb/v7e-m/fpv4-sp/hard\libc_nano.a(lib_a-isattyr.o)
                0x00000000080091bc                _isatty_r
 *fill*         0x00000000080091dc        0x4 
 .text.sin      0x00000000080091e0       0x90 c:/st/stm32cubeide_1.0.2/stm32cubeide/plugins/com.st.stm32cube.ide.mcu.externaltools.gnu-tools-for-stm32.7-2018-q2-update.win32_1.0.0.201904181610/tools/bin/../lib/gcc/arm-none-eabi/7.3.1/../../../../arm-none-eabi/lib/thumb/v7e-m/fpv4-sp/hard\libm.a(lib_a-s_sin.o)
                0x00000000080091e0                sin
 .text.acos     0x0000000008009270       0xb0 c:/st/stm32cubeide_1.0.2/stm32cubeide/plugins/com.st.stm32cube.ide.mcu.externaltools.gnu-tools-for-stm32.7-2018-q2-update.win32_1.0.0.201904181610/tools/bin/../lib/gcc/arm-none-eabi/7.3.1/../../../../arm-none-eabi/lib/thumb/v7e-m/fpv4-sp/hard\libm.a(lib_a-w_acos.o)
                0x0000000008009270                acos
 .text.__ieee754_acos
                0x0000000008009320      0x4b8 c:/st/stm32cubeide_1.0.2/stm32cubeide/plugins/com.st.stm32cube.ide.mcu.externaltools.gnu-tools-for-stm32.7-2018-q2-update.win32_1.0.0.201904181610/tools/bin/../lib/gcc/arm-none-eabi/7.3.1/../../../../arm-none-eabi/lib/thumb/v7e-m/fpv4-sp/hard\libm.a(lib_a-e_acos.o)
                0x0000000008009320                __ieee754_acos
 .text.__ieee754_rem_pio2
                0x00000000080097d8      0x3e4 c:/st/stm32cubeide_1.0.2/stm32cubeide/plugins/com.st.stm32cube.ide.mcu.externaltools.gnu-tools-for-stm32.7-2018-q2-update.win32_1.0.0.201904181610/tools/bin/../lib/gcc/arm-none-eabi/7.3.1/../../../../arm-none-eabi/lib/thumb/v7e-m/fpv4-sp/hard\libm.a(lib_a-e_rem_pio2.o)
                0x00000000080097d8                __ieee754_rem_pio2
 .text.__ieee754_sqrt
                0x0000000008009bbc      0x160 c:/st/stm32cubeide_1.0.2/stm32cubeide/plugins/com.st.stm32cube.ide.mcu.externaltools.gnu-tools-for-stm32.7-2018-q2-update.win32_1.0.0.201904181610/tools/bin/../lib/gcc/arm-none-eabi/7.3.1/../../../../arm-none-eabi/lib/thumb/v7e-m/fpv4-sp/hard\libm.a(lib_a-e_sqrt.o)
                0x0000000008009bbc                __ieee754_sqrt
 *fill*         0x0000000008009d1c        0x4 
 .text.__kernel_cos
                0x0000000008009d20      0x18c c:/st/stm32cubeide_1.0.2/stm32cubeide/plugins/com.st.stm32cube.ide.mcu.externaltools.gnu-tools-for-stm32.7-2018-q2-update.win32_1.0.0.201904181610/tools/bin/../lib/gcc/arm-none-eabi/7.3.1/../../../../arm-none-eabi/lib/thumb/v7e-m/fpv4-sp/hard\libm.a(lib_a-k_cos.o)
                0x0000000008009d20                __kernel_cos
 *fill*         0x0000000008009eac        0x4 
 .text.__kernel_rem_pio2
                0x0000000008009eb0      0x680 c:/st/stm32cubeide_1.0.2/stm32cubeide/plugins/com.st.stm32cube.ide.mcu.externaltools.gnu-tools-for-stm32.7-2018-q2-update.win32_1.0.0.201904181610/tools/bin/../lib/gcc/arm-none-eabi/7.3.1/../../../../arm-none-eabi/lib/thumb/v7e-m/fpv4-sp/hard\libm.a(lib_a-k_rem_pio2.o)
                0x0000000008009eb0                __kernel_rem_pio2
 .text.__kernel_sin
                0x000000000800a530      0x174 c:/st/stm32cubeide_1.0.2/stm32cubeide/plugins/com.st.stm32cube.ide.mcu.externaltools.gnu-tools-for-stm32.7-2018-q2-update.win32_1.0.0.201904181610/tools/bin/../lib/gcc/arm-none-eabi/7.3.1/../../../../arm-none-eabi/lib/thumb/v7e-m/fpv4-sp/hard\libm.a(lib_a-k_sin.o)
                0x000000000800a530                __kernel_sin
 .text.fabs     0x000000000800a6a4       0x12 c:/st/stm32cubeide_1.0.2/stm32cubeide/plugins/com.st.stm32cube.ide.mcu.externaltools.gnu-tools-for-stm32.7-2018-q2-update.win32_1.0.0.201904181610/tools/bin/../lib/gcc/arm-none-eabi/7.3.1/../../../../arm-none-eabi/lib/thumb/v7e-m/fpv4-sp/hard\libm.a(lib_a-s_fabs.o)
                0x000000000800a6a4                fabs
 *fill*         0x000000000800a6b6        0x2 
 .text.floor    0x000000000800a6b8      0x108 c:/st/stm32cubeide_1.0.2/stm32cubeide/plugins/com.st.stm32cube.ide.mcu.externaltools.gnu-tools-for-stm32.7-2018-q2-update.win32_1.0.0.201904181610/tools/bin/../lib/gcc/arm-none-eabi/7.3.1/../../../../arm-none-eabi/lib/thumb/v7e-m/fpv4-sp/hard\libm.a(lib_a-s_floor.o)
                0x000000000800a6b8                floor
 .text.matherr  0x000000000800a7c0        0x4 c:/st/stm32cubeide_1.0.2/stm32cubeide/plugins/com.st.stm32cube.ide.mcu.externaltools.gnu-tools-for-stm32.7-2018-q2-update.win32_1.0.0.201904181610/tools/bin/../lib/gcc/arm-none-eabi/7.3.1/../../../../arm-none-eabi/lib/thumb/v7e-m/fpv4-sp/hard\libm.a(lib_a-s_matherr.o)
                0x000000000800a7c0                matherr
 *fill*         0x000000000800a7c4        0x4 
 .text.nan      0x000000000800a7c8       0x10 c:/st/stm32cubeide_1.0.2/stm32cubeide/plugins/com.st.stm32cube.ide.mcu.externaltools.gnu-tools-for-stm32.7-2018-q2-update.win32_1.0.0.201904181610/tools/bin/../lib/gcc/arm-none-eabi/7.3.1/../../../../arm-none-eabi/lib/thumb/v7e-m/fpv4-sp/hard\libm.a(lib_a-s_nan.o)
                0x000000000800a7c8                nan
 .text.scalbn   0x000000000800a7d8       0xec c:/st/stm32cubeide_1.0.2/stm32cubeide/plugins/com.st.stm32cube.ide.mcu.externaltools.gnu-tools-for-stm32.7-2018-q2-update.win32_1.0.0.201904181610/tools/bin/../lib/gcc/arm-none-eabi/7.3.1/../../../../arm-none-eabi/lib/thumb/v7e-m/fpv4-sp/hard\libm.a(lib_a-s_scalbn.o)
                0x000000000800a7d8                scalbn
 .text.copysign
                0x000000000800a8c4       0x1e c:/st/stm32cubeide_1.0.2/stm32cubeide/plugins/com.st.stm32cube.ide.mcu.externaltools.gnu-tools-for-stm32.7-2018-q2-update.win32_1.0.0.201904181610/tools/bin/../lib/gcc/arm-none-eabi/7.3.1/../../../../arm-none-eabi/lib/thumb/v7e-m/fpv4-sp/hard\libm.a(lib_a-s_copysign.o)
                0x000000000800a8c4                copysign
 *(.glue_7)
 .glue_7        0x000000000800a8e2        0x0 linker stubs
 *(.glue_7t)
 .glue_7t       0x000000000800a8e2        0x0 linker stubs
 *(.eh_frame)
 *fill*         0x000000000800a8e2        0x2 
 .eh_frame      0x000000000800a8e4        0x0 c:/st/stm32cubeide_1.0.2/stm32cubeide/plugins/com.st.stm32cube.ide.mcu.externaltools.gnu-tools-for-stm32.7-2018-q2-update.win32_1.0.0.201904181610/tools/bin/../lib/gcc/arm-none-eabi/7.3.1/thumb/v7e-m/fpv4-sp/hard/crtbegin.o
 *(.init)
 .init          0x000000000800a8e4        0x4 c:/st/stm32cubeide_1.0.2/stm32cubeide/plugins/com.st.stm32cube.ide.mcu.externaltools.gnu-tools-for-stm32.7-2018-q2-update.win32_1.0.0.201904181610/tools/bin/../lib/gcc/arm-none-eabi/7.3.1/thumb/v7e-m/fpv4-sp/hard/crti.o
                0x000000000800a8e4                _init
 .init          0x000000000800a8e8        0x8 c:/st/stm32cubeide_1.0.2/stm32cubeide/plugins/com.st.stm32cube.ide.mcu.externaltools.gnu-tools-for-stm32.7-2018-q2-update.win32_1.0.0.201904181610/tools/bin/../lib/gcc/arm-none-eabi/7.3.1/thumb/v7e-m/fpv4-sp/hard/crtn.o
 *(.fini)
 .fini          0x000000000800a8f0        0x4 c:/st/stm32cubeide_1.0.2/stm32cubeide/plugins/com.st.stm32cube.ide.mcu.externaltools.gnu-tools-for-stm32.7-2018-q2-update.win32_1.0.0.201904181610/tools/bin/../lib/gcc/arm-none-eabi/7.3.1/thumb/v7e-m/fpv4-sp/hard/crti.o
                0x000000000800a8f0                _fini
 .fini          0x000000000800a8f4        0x8 c:/st/stm32cubeide_1.0.2/stm32cubeide/plugins/com.st.stm32cube.ide.mcu.externaltools.gnu-tools-for-stm32.7-2018-q2-update.win32_1.0.0.201904181610/tools/bin/../lib/gcc/arm-none-eabi/7.3.1/thumb/v7e-m/fpv4-sp/hard/crtn.o
                0x000000000800a8fc                . = ALIGN (0x4)
                0x000000000800a8fc                _etext = .

.vfp11_veneer   0x000000000800a8fc        0x0
 .vfp11_veneer  0x000000000800a8fc        0x0 linker stubs

.v4_bx          0x000000000800a8fc        0x0
 .v4_bx         0x000000000800a8fc        0x0 linker stubs

.iplt           0x000000000800a8fc        0x0
 .iplt          0x000000000800a8fc        0x0 c:/st/stm32cubeide_1.0.2/stm32cubeide/plugins/com.st.stm32cube.ide.mcu.externaltools.gnu-tools-for-stm32.7-2018-q2-update.win32_1.0.0.201904181610/tools/bin/../lib/gcc/arm-none-eabi/7.3.1/thumb/v7e-m/fpv4-sp/hard/crtbegin.o

.rodata         0x000000000800a900      0x300
                0x000000000800a900                . = ALIGN (0x4)
 *(.rodata)
 .rodata        0x000000000800a900       0x48 Src/sensors.o
 *(.rodata*)
 .rodata.flagBitshiftOffset.8722
                0x000000000800a948        0x8 Drivers/STM32F4xx_HAL_Driver/Src/stm32f4xx_hal_dma.o
 .rodata.bno055_write8.str1.4
                0x000000000800a950       0x10 Src/BNO055.o
                                          0xd (size before relaxing)
 .rodata.SD_Driver
                0x000000000800a960       0x14 Src/sd_diskio.o
                0x000000000800a960                SD_Driver
 .rodata.AHBPrescTable
                0x000000000800a974       0x10 Src/system_stm32f4xx.o
                0x000000000800a974                AHBPrescTable
 .rodata.APBPrescTable
                0x000000000800a984        0x8 Src/system_stm32f4xx.o
                0x000000000800a984                APBPrescTable
 .rodata._global_impure_ptr
                0x000000000800a98c        0x4 c:/st/stm32cubeide_1.0.2/stm32cubeide/plugins/com.st.stm32cube.ide.mcu.externaltools.gnu-tools-for-stm32.7-2018-q2-update.win32_1.0.0.201904181610/tools/bin/../lib/gcc/arm-none-eabi/7.3.1/../../../../arm-none-eabi/lib/thumb/v7e-m/fpv4-sp/hard\libc_nano.a(lib_a-impure.o)
                0x000000000800a98c                _global_impure_ptr
 .rodata.__sf_fake_stderr
                0x000000000800a990       0x20 c:/st/stm32cubeide_1.0.2/stm32cubeide/plugins/com.st.stm32cube.ide.mcu.externaltools.gnu-tools-for-stm32.7-2018-q2-update.win32_1.0.0.201904181610/tools/bin/../lib/gcc/arm-none-eabi/7.3.1/../../../../arm-none-eabi/lib/thumb/v7e-m/fpv4-sp/hard\libc_nano.a(lib_a-findfp.o)
                0x000000000800a990                __sf_fake_stderr
 .rodata.__sf_fake_stdin
                0x000000000800a9b0       0x20 c:/st/stm32cubeide_1.0.2/stm32cubeide/plugins/com.st.stm32cube.ide.mcu.externaltools.gnu-tools-for-stm32.7-2018-q2-update.win32_1.0.0.201904181610/tools/bin/../lib/gcc/arm-none-eabi/7.3.1/../../../../arm-none-eabi/lib/thumb/v7e-m/fpv4-sp/hard\libc_nano.a(lib_a-findfp.o)
                0x000000000800a9b0                __sf_fake_stdin
 .rodata.__sf_fake_stdout
                0x000000000800a9d0       0x20 c:/st/stm32cubeide_1.0.2/stm32cubeide/plugins/com.st.stm32cube.ide.mcu.externaltools.gnu-tools-for-stm32.7-2018-q2-update.win32_1.0.0.201904181610/tools/bin/../lib/gcc/arm-none-eabi/7.3.1/../../../../arm-none-eabi/lib/thumb/v7e-m/fpv4-sp/hard\libc_nano.a(lib_a-findfp.o)
                0x000000000800a9d0                __sf_fake_stdout
 .rodata._vfprintf_r.str1.1
                0x000000000800a9f0       0x11 c:/st/stm32cubeide_1.0.2/stm32cubeide/plugins/com.st.stm32cube.ide.mcu.externaltools.gnu-tools-for-stm32.7-2018-q2-update.win32_1.0.0.201904181610/tools/bin/../lib/gcc/arm-none-eabi/7.3.1/../../../../arm-none-eabi/lib/thumb/v7e-m/fpv4-sp/hard\libc_nano.a(lib_a-nano-vfprintf.o)
 .rodata._printf_i.str1.1
                0x000000000800aa01       0x22 c:/st/stm32cubeide_1.0.2/stm32cubeide/plugins/com.st.stm32cube.ide.mcu.externaltools.gnu-tools-for-stm32.7-2018-q2-update.win32_1.0.0.201904181610/tools/bin/../lib/gcc/arm-none-eabi/7.3.1/../../../../arm-none-eabi/lib/thumb/v7e-m/fpv4-sp/hard\libc_nano.a(lib_a-nano-vfprintf_i.o)
 .rodata.acos.str1.1
                0x000000000800aa23        0x5 c:/st/stm32cubeide_1.0.2/stm32cubeide/plugins/com.st.stm32cube.ide.mcu.externaltools.gnu-tools-for-stm32.7-2018-q2-update.win32_1.0.0.201904181610/tools/bin/../lib/gcc/arm-none-eabi/7.3.1/../../../../arm-none-eabi/lib/thumb/v7e-m/fpv4-sp/hard\libm.a(lib_a-w_acos.o)
                                          0x6 (size before relaxing)
 .rodata.npio2_hw
                0x000000000800aa28       0x80 c:/st/stm32cubeide_1.0.2/stm32cubeide/plugins/com.st.stm32cube.ide.mcu.externaltools.gnu-tools-for-stm32.7-2018-q2-update.win32_1.0.0.201904181610/tools/bin/../lib/gcc/arm-none-eabi/7.3.1/../../../../arm-none-eabi/lib/thumb/v7e-m/fpv4-sp/hard\libm.a(lib_a-e_rem_pio2.o)
 .rodata.two_over_pi
                0x000000000800aaa8      0x108 c:/st/stm32cubeide_1.0.2/stm32cubeide/plugins/com.st.stm32cube.ide.mcu.externaltools.gnu-tools-for-stm32.7-2018-q2-update.win32_1.0.0.201904181610/tools/bin/../lib/gcc/arm-none-eabi/7.3.1/../../../../arm-none-eabi/lib/thumb/v7e-m/fpv4-sp/hard\libm.a(lib_a-e_rem_pio2.o)
 .rodata.PIo2   0x000000000800abb0       0x40 c:/st/stm32cubeide_1.0.2/stm32cubeide/plugins/com.st.stm32cube.ide.mcu.externaltools.gnu-tools-for-stm32.7-2018-q2-update.win32_1.0.0.201904181610/tools/bin/../lib/gcc/arm-none-eabi/7.3.1/../../../../arm-none-eabi/lib/thumb/v7e-m/fpv4-sp/hard\libm.a(lib_a-k_rem_pio2.o)
 .rodata.init_jk
                0x000000000800abf0       0x10 c:/st/stm32cubeide_1.0.2/stm32cubeide/plugins/com.st.stm32cube.ide.mcu.externaltools.gnu-tools-for-stm32.7-2018-q2-update.win32_1.0.0.201904181610/tools/bin/../lib/gcc/arm-none-eabi/7.3.1/../../../../arm-none-eabi/lib/thumb/v7e-m/fpv4-sp/hard\libm.a(lib_a-k_rem_pio2.o)
                0x000000000800ac00                . = ALIGN (0x4)

.ARM.extab      0x000000000800ac00        0x0
                0x000000000800ac00                . = ALIGN (0x4)
 *(.ARM.extab* .gnu.linkonce.armextab.*)
                0x000000000800ac00                . = ALIGN (0x4)

.ARM            0x000000000800ac00        0x8
                0x000000000800ac00                . = ALIGN (0x4)
                0x000000000800ac00                __exidx_start = .
 *(.ARM.exidx*)
 .ARM.exidx     0x000000000800ac00        0x8 c:/st/stm32cubeide_1.0.2/stm32cubeide/plugins/com.st.stm32cube.ide.mcu.externaltools.gnu-tools-for-stm32.7-2018-q2-update.win32_1.0.0.201904181610/tools/bin/../lib/gcc/arm-none-eabi/7.3.1/thumb/v7e-m/fpv4-sp/hard\libgcc.a(_udivmoddi4.o)
                0x000000000800ac08                __exidx_end = .
                0x000000000800ac08                . = ALIGN (0x4)

.rel.dyn        0x000000000800ac08        0x0
 .rel.iplt      0x000000000800ac08        0x0 c:/st/stm32cubeide_1.0.2/stm32cubeide/plugins/com.st.stm32cube.ide.mcu.externaltools.gnu-tools-for-stm32.7-2018-q2-update.win32_1.0.0.201904181610/tools/bin/../lib/gcc/arm-none-eabi/7.3.1/thumb/v7e-m/fpv4-sp/hard/crtbegin.o

.preinit_array  0x000000000800ac08        0x0
                0x000000000800ac08                . = ALIGN (0x4)
                0x000000000800ac08                PROVIDE (__preinit_array_start = .)
 *(.preinit_array*)
                0x000000000800ac08                PROVIDE (__preinit_array_end = .)
                0x000000000800ac08                . = ALIGN (0x4)

.init_array     0x000000000800ac08        0x4
                0x000000000800ac08                . = ALIGN (0x4)
                0x000000000800ac08                PROVIDE (__init_array_start = .)
 *(SORT_BY_NAME(.init_array.*))
 *(.init_array*)
 .init_array    0x000000000800ac08        0x4 c:/st/stm32cubeide_1.0.2/stm32cubeide/plugins/com.st.stm32cube.ide.mcu.externaltools.gnu-tools-for-stm32.7-2018-q2-update.win32_1.0.0.201904181610/tools/bin/../lib/gcc/arm-none-eabi/7.3.1/thumb/v7e-m/fpv4-sp/hard/crtbegin.o
                0x000000000800ac0c                PROVIDE (__init_array_end = .)
                0x000000000800ac0c                . = ALIGN (0x4)

.fini_array     0x000000000800ac0c        0x4
                0x000000000800ac0c                . = ALIGN (0x4)
                [!provide]                        PROVIDE (__fini_array_start = .)
 *(SORT_BY_NAME(.fini_array.*))
 *(.fini_array*)
 .fini_array    0x000000000800ac0c        0x4 c:/st/stm32cubeide_1.0.2/stm32cubeide/plugins/com.st.stm32cube.ide.mcu.externaltools.gnu-tools-for-stm32.7-2018-q2-update.win32_1.0.0.201904181610/tools/bin/../lib/gcc/arm-none-eabi/7.3.1/thumb/v7e-m/fpv4-sp/hard/crtbegin.o
                [!provide]                        PROVIDE (__fini_array_end = .)
                0x000000000800ac10                . = ALIGN (0x4)
                0x000000000800ac10                _sidata = LOADADDR (.data)

.data           0x0000000020000000       0x78 load address 0x000000000800ac10
                0x0000000020000000                . = ALIGN (0x4)
                0x0000000020000000                _sdata = .
 *(.data)
 *(.data*)
 .data.uwTickFreq
                0x0000000020000000        0x1 Drivers/STM32F4xx_HAL_Driver/Src/stm32f4xx_hal.o
                0x0000000020000000                uwTickFreq
 *fill*         0x0000000020000001        0x3 
 .data.uwTickPrio
                0x0000000020000004        0x4 Drivers/STM32F4xx_HAL_Driver/Src/stm32f4xx_hal.o
                0x0000000020000004                uwTickPrio
 .data.deviceAddress
                0x0000000020000008        0x1 Src/BNO055.o
                0x0000000020000008                deviceAddress
 .data.Stat     0x0000000020000009        0x1 Src/sd_diskio.o
 *fill*         0x000000002000000a        0x2 
 .data.SystemCoreClock
                0x000000002000000c        0x4 Src/system_stm32f4xx.o
                0x000000002000000c                SystemCoreClock
 .data._impure_ptr
                0x0000000020000010        0x4 c:/st/stm32cubeide_1.0.2/stm32cubeide/plugins/com.st.stm32cube.ide.mcu.externaltools.gnu-tools-for-stm32.7-2018-q2-update.win32_1.0.0.201904181610/tools/bin/../lib/gcc/arm-none-eabi/7.3.1/../../../../arm-none-eabi/lib/thumb/v7e-m/fpv4-sp/hard\libc_nano.a(lib_a-impure.o)
                0x0000000020000010                _impure_ptr
 .data.impure_data
                0x0000000020000014       0x60 c:/st/stm32cubeide_1.0.2/stm32cubeide/plugins/com.st.stm32cube.ide.mcu.externaltools.gnu-tools-for-stm32.7-2018-q2-update.win32_1.0.0.201904181610/tools/bin/../lib/gcc/arm-none-eabi/7.3.1/../../../../arm-none-eabi/lib/thumb/v7e-m/fpv4-sp/hard\libc_nano.a(lib_a-impure.o)
 .data.__fdlib_version
                0x0000000020000074        0x1 c:/st/stm32cubeide_1.0.2/stm32cubeide/plugins/com.st.stm32cube.ide.mcu.externaltools.gnu-tools-for-stm32.7-2018-q2-update.win32_1.0.0.201904181610/tools/bin/../lib/gcc/arm-none-eabi/7.3.1/../../../../arm-none-eabi/lib/thumb/v7e-m/fpv4-sp/hard\libm.a(lib_a-s_lib_ver.o)
                0x0000000020000074                __fdlib_version
                0x0000000020000078                . = ALIGN (0x4)
 *fill*         0x0000000020000075        0x3 
                0x0000000020000078                _edata = .

.igot.plt       0x0000000020000078        0x0 load address 0x000000000800ac88
 .igot.plt      0x0000000020000078        0x0 c:/st/stm32cubeide_1.0.2/stm32cubeide/plugins/com.st.stm32cube.ide.mcu.externaltools.gnu-tools-for-stm32.7-2018-q2-update.win32_1.0.0.201904181610/tools/bin/../lib/gcc/arm-none-eabi/7.3.1/thumb/v7e-m/fpv4-sp/hard/crtbegin.o
                0x0000000020000078                . = ALIGN (0x4)

.bss            0x0000000020000078     0x22d4 load address 0x000000000800ac88
                0x0000000020000078                _sbss = .
                0x0000000020000078                __bss_start__ = _sbss
 *(.bss)
 .bss           0x0000000020000078       0x1c c:/st/stm32cubeide_1.0.2/stm32cubeide/plugins/com.st.stm32cube.ide.mcu.externaltools.gnu-tools-for-stm32.7-2018-q2-update.win32_1.0.0.201904181610/tools/bin/../lib/gcc/arm-none-eabi/7.3.1/thumb/v7e-m/fpv4-sp/hard/crtbegin.o
 *(.bss*)
 .bss.disk      0x0000000020000094        0xc Middlewares/Third_Party/FatFs/src/ff_gen_drv.o
                0x0000000020000094                disk
 .bss.MAZE_wasChanged
                0x00000000200000a0        0x1 Src/maze.o
                0x00000000200000a0                MAZE_wasChanged
 *fill*         0x00000000200000a1        0x3 
 .bss.prevTime  0x00000000200000a4        0x4 Src/motionSystem.o
 .bss.adcReadComplete
                0x00000000200000a8        0x1 Src/sensors.o
 *fill*         0x00000000200000a9        0x3 
 .bss.currentFilter
                0x00000000200000ac       0x2c Src/sensors.o
 .bss.encoderCarryCnt
                0x00000000200000d8        0x4 Src/sensors.o
 .bss.filterDistanceLeft
                0x00000000200000dc       0x2c Src/sensors.o
 .bss.filterDistanceRight
                0x0000000020000108       0x2c Src/sensors.o
 .bss.htimEnc   0x0000000020000134        0x8 Src/sensors.o
 .bss.prevDistEnc
                0x000000002000013c        0x8 Src/sensors.o
 .bss.prevTime  0x0000000020000144        0x8 Src/sensors.o
 .bss.prevVectorTime
                0x000000002000014c        0x4 Src/sensors.o
 .bss.valAdc1   0x0000000020000150        0x8 Src/sensors.o
 .bss.valAdc2   0x0000000020000158        0x8 Src/sensors.o
 .bss.valAdc3   0x0000000020000160        0x4 Src/sensors.o
 .bss.heap_end.6424
                0x0000000020000164        0x4 Src/sysmem.o
 .bss.__malloc_free_list
                0x0000000020000168        0x4 c:/st/stm32cubeide_1.0.2/stm32cubeide/plugins/com.st.stm32cube.ide.mcu.externaltools.gnu-tools-for-stm32.7-2018-q2-update.win32_1.0.0.201904181610/tools/bin/../lib/gcc/arm-none-eabi/7.3.1/../../../../arm-none-eabi/lib/thumb/v7e-m/fpv4-sp/hard\libc_nano.a(lib_a-nano-mallocr.o)
                0x0000000020000168                __malloc_free_list
 .bss.__malloc_sbrk_start
                0x000000002000016c        0x4 c:/st/stm32cubeide_1.0.2/stm32cubeide/plugins/com.st.stm32cube.ide.mcu.externaltools.gnu-tools-for-stm32.7-2018-q2-update.win32_1.0.0.201904181610/tools/bin/../lib/gcc/arm-none-eabi/7.3.1/../../../../arm-none-eabi/lib/thumb/v7e-m/fpv4-sp/hard\libc_nano.a(lib_a-nano-mallocr.o)
                0x000000002000016c                __malloc_sbrk_start
 *(COMMON)
 COMMON         0x0000000020000170        0x4 Drivers/STM32F4xx_HAL_Driver/Src/stm32f4xx_hal.o
                0x0000000020000170                uwTick
 COMMON         0x0000000020000174        0xc Middlewares/Third_Party/FatFs/src/diskio.o
                0x0000000020000174                MAIN_tPeriod
                0x0000000020000178                MAIN_tStart
                0x000000002000017c                MAIN_seconds
 COMMON         0x0000000020000180      0x1f8 Src/adc.o
                0x0000000020000180                hadc2
                0x00000000200001c8                hdma_adc3
                0x0000000020000228                hadc1
                0x0000000020000270                hadc3
                0x00000000200002b8                hdma_adc1
                0x0000000020000318                hdma_adc2
 COMMON         0x0000000020000378      0xd05 Src/command.o
                0x0000000020000378                CMD_directionList
                0x0000000020000478                MAZE_pathStart
                0x000000002000047c                CMD_commandList
                0x000000002000057c                MAZE_path
                0x0000000020000d7c                MAZE_maze
                0x000000002000107c                MAZE_pathFinish
 *fill*         0x000000002000107d        0x3 
 COMMON         0x0000000020001080      0x468 Src/fatfs.o
                0x0000000020001080                retSD
                0x0000000020001084                SDPath
                0x0000000020001088                SDFile
                0x00000000200012b8                SDFatFS
 COMMON         0x00000000200014e8       0x54 Src/i2c.o
                0x00000000200014e8                hi2c1
 COMMON         0x000000002000153c      0x511 Src/instructions.o
                0x000000002000153c                INSTR_MaxTransAccel
                0x000000002000153e                INSTR_CommandListIndex
                0x0000000020001540                INSTR_InstrListUsedInstr
                0x0000000020001542                INSTR_VelocityPeak
                0x0000000020001544                INSTR_InstrList
                0x0000000020001a44                INSTR_AverageVelocity
                0x0000000020001a48                INSTR_MaxAngVelocity
                0x0000000020001a4c                INSTR_ListAlreadyUpdated
 *fill*         0x0000000020001a4d        0x3 
 COMMON         0x0000000020001a50      0x630 Src/main.o
                0x0000000020001a50                SENSORS_motorI
                0x0000000020001a54                myFile
                0x0000000020001c84                myBytes
                0x0000000020001c88                SENSORS_angleJerk
                0x0000000020001c8c                SENSORS_irVal
                0x0000000020001c98                MOTION_ExternalAngCorrection
                0x0000000020001c9c                SENSORS_dist
                0x0000000020001ca4                MOTION_angularController
                0x0000000020001cdc                SENSORS_batVal
                0x0000000020001ce0                MOTOR_velocityController
                0x0000000020001d50                SENSORS_velocity
                0x0000000020001d54                SENSORS_transVel
                0x0000000020001d58                myFatFS
                0x0000000020001f88                val
                0x0000000020001f8c                MAIN_tmp
                0x0000000020001f90                SENSORS_iSenseVal
                0x0000000020001f94                SENSORS_angleAccel
                0x0000000020001f98                MOTOR_currentController
                0x0000000020002008                MOTION_instrID
                0x000000002000200c                MOTION_uTimePeriod
                0x0000000020002010                MOTION_translationController
                0x0000000020002048                SENSORS_batteryV
                0x000000002000204c                SENSORS_xAngularVelocity
                0x0000000020002050                SENSORS_angleVel
                0x0000000020002054                SENSORS_xAngle
                0x0000000020002058                SENSORS_valEnc
                0x0000000020002068                SENSORS_anglePos
                0x000000002000206c                SENSORS_irDistance
                0x0000000020002074                SENSORS_transPos
                0x0000000020002078                SENSORS_transAccel
                0x000000002000207c                SENSORS_transJerk
 COMMON         0x0000000020002080        0x4 Src/motionSystem.o
                0x0000000020002080                insList
 COMMON         0x0000000020002084       0x84 Src/sdio.o
                0x0000000020002084                hsd
 COMMON         0x0000000020002108      0x200 Src/tim.o
                0x0000000020002108                htim4
                0x0000000020002148                htim5
                0x0000000020002188                htim3
                0x00000000200021c8                htim1
                0x0000000020002208                htim9
                0x0000000020002248                htim2
                0x0000000020002288                htim14
                0x00000000200022c8                htim12
 COMMON         0x0000000020002308       0x40 Src/usart.o
                0x0000000020002308                huart3
 COMMON         0x0000000020002348        0x4 c:/st/stm32cubeide_1.0.2/stm32cubeide/plugins/com.st.stm32cube.ide.mcu.externaltools.gnu-tools-for-stm32.7-2018-q2-update.win32_1.0.0.201904181610/tools/bin/../lib/gcc/arm-none-eabi/7.3.1/../../../../arm-none-eabi/lib/thumb/v7e-m/fpv4-sp/hard\libc_nano.a(lib_a-reent.o)
                0x0000000020002348                errno
                0x000000002000234c                . = ALIGN (0x4)
                0x000000002000234c                _ebss = .
                0x000000002000234c                __bss_end__ = _ebss

._user_heap_stack
                0x000000002000234c     0xc004 load address 0x000000000800ac88
                0x0000000020002350                . = ALIGN (0x8)
 *fill*         0x000000002000234c        0x4 
                0x0000000020002350                PROVIDE (end = .)
                [!provide]                        PROVIDE (_end = .)
                0x0000000020006350                . = (. + _Min_Heap_Size)
 *fill*         0x0000000020002350     0x4000 
                0x000000002000e350                . = (. + _Min_Stack_Size)
 *fill*         0x0000000020006350     0x8000 
                0x000000002000e350                . = ALIGN (0x8)

/DISCARD/
 libc.a(*)
 libm.a(*)
 libgcc.a(*)

.ARM.attributes
                0x0000000000000000       0x30
 *(.ARM.attributes)
 .ARM.attributes
                0x0000000000000000       0x22 c:/st/stm32cubeide_1.0.2/stm32cubeide/plugins/com.st.stm32cube.ide.mcu.externaltools.gnu-tools-for-stm32.7-2018-q2-update.win32_1.0.0.201904181610/tools/bin/../lib/gcc/arm-none-eabi/7.3.1/thumb/v7e-m/fpv4-sp/hard/crti.o
 .ARM.attributes
                0x0000000000000022       0x34 c:/st/stm32cubeide_1.0.2/stm32cubeide/plugins/com.st.stm32cube.ide.mcu.externaltools.gnu-tools-for-stm32.7-2018-q2-update.win32_1.0.0.201904181610/tools/bin/../lib/gcc/arm-none-eabi/7.3.1/thumb/v7e-m/fpv4-sp/hard/crtbegin.o
 .ARM.attributes
                0x0000000000000056       0x39 Drivers/STM32F4xx_HAL_Driver/Src/stm32f4xx_hal.o
 .ARM.attributes
                0x000000000000008f       0x39 Drivers/STM32F4xx_HAL_Driver/Src/stm32f4xx_hal_adc.o
 .ARM.attributes
                0x00000000000000c8       0x39 Drivers/STM32F4xx_HAL_Driver/Src/stm32f4xx_hal_adc_ex.o
 .ARM.attributes
                0x0000000000000101       0x39 Drivers/STM32F4xx_HAL_Driver/Src/stm32f4xx_hal_cortex.o
 .ARM.attributes
                0x000000000000013a       0x39 Drivers/STM32F4xx_HAL_Driver/Src/stm32f4xx_hal_dma.o
 .ARM.attributes
                0x0000000000000173       0x39 Drivers/STM32F4xx_HAL_Driver/Src/stm32f4xx_hal_gpio.o
 .ARM.attributes
                0x00000000000001ac       0x39 Drivers/STM32F4xx_HAL_Driver/Src/stm32f4xx_hal_i2c.o
 .ARM.attributes
                0x00000000000001e5       0x39 Drivers/STM32F4xx_HAL_Driver/Src/stm32f4xx_hal_rcc.o
 .ARM.attributes
                0x000000000000021e       0x39 Drivers/STM32F4xx_HAL_Driver/Src/stm32f4xx_hal_sd.o
 .ARM.attributes
                0x0000000000000257       0x39 Drivers/STM32F4xx_HAL_Driver/Src/stm32f4xx_hal_tim.o
 .ARM.attributes
                0x0000000000000290       0x39 Drivers/STM32F4xx_HAL_Driver/Src/stm32f4xx_hal_tim_ex.o
 .ARM.attributes
                0x00000000000002c9       0x39 Drivers/STM32F4xx_HAL_Driver/Src/stm32f4xx_hal_uart.o
 .ARM.attributes
                0x0000000000000302       0x39 Drivers/STM32F4xx_HAL_Driver/Src/stm32f4xx_ll_sdmmc.o
 .ARM.attributes
                0x000000000000033b       0x39 Middlewares/Third_Party/FatFs/src/diskio.o
 .ARM.attributes
                0x0000000000000374       0x39 Middlewares/Third_Party/FatFs/src/ff_gen_drv.o
 .ARM.attributes
                0x00000000000003ad       0x39 Src/BNO055.o
 .ARM.attributes
                0x00000000000003e6       0x39 Src/actuator.o
 .ARM.attributes