command.c:11:6:CMD_clearList	0	static
command.c:20:9:CMD_AbsoluteRotToDirection	0	static
command.c:34:9:CMD_DirectionRotate	4	static
command.c:65:6:CMD_AbsolutePathToRelative	8	static
command.c:85:20:CMD_AbsoluteWallToRelative	0	static
command.c:123:9:CMD_RelativeWallToAbsolute	4	static
command.c:174:9:CMD_DirectionMazeToCmd	0	static
command.c:189:6:CMD_incrementRotation8	0	static
command.c:220:8:CMD_dirToRot8	0	static
command.c:260:27:CMD_rotToDir8	0	static
command.c:298:27:CMD_directionRotate8	0	static
command.c:361:6:CMD_PathToCommand	64	static
