command.c:11:6:CMD_clearList	0	static
command.c:20:9:CMD_AbsoluteRotToDirection	0	static
command.c:33:6:CMD_AbsolutePathToRelative	8	static
command.c:51:9:CMD_DirectionRotate	4	static
command.c:82:9:CMD_RelativeWallToAbsolute	4	static
command.c:133:9:CMD_DirectionMazeToCmd	0	static
command.c:148:6:CMD_incrementRotation8	0	static
command.c:179:8:CMD_dirToRot8	0	static
command.c:219:27:CMD_rotToDir8	0	static
command.c:257:27:CMD_directionRotate8	0	static
command.c:320:6:CMD_PathToCommand	64	static
