motionSystem.c:15:6:MOTION_Init	40	static
motionSystem.c:56:6:MOTION_Update	64	static
motionSystem.c:80:6:MOTION_UpdateList	0	static
motionSystem.c:120:6:MOTION_ProcessedInstraction	48	static
motionSystem.c:164:6:MOTION_StepVelocity	48	static
motionSystem.c:273:6:MOTION_ChcekForNewInstraction	40	static
motionSystem.c:317:9:MOTION_NewInstraction	16	static
motionSystem.c:337:6:MOTION_resetList	4	static
motionSystem.c:378:6:MOTION_MoveInstrId	8	static
motionSystem.c:405:20:MOTION_GetNextInstruction	0	static
motionSystem.c:410:6:MOTION_SetVelocity	16	static
motionSystem.c:445:6:MOTION_inPlaceRotation	32	static
