motionSystem.c:15:6:MOTION_Init	40	static
motionSystem.c:91:6:MOTION_UpdateList	0	static
motionSystem.c:131:6:MOTION_ProcessedInstraction	152	static
motionSystem.c:172:6:MOTION_StepVelocity	48	static
motionSystem.c:291:6:MOTION_ChcekForNewInstraction	40	static
motionSystem.c:335:9:MOTION_NewInstraction	16	static
motionSystem.c:355:6:MOTION_resetList	4	static
motionSystem.c:396:6:MOTION_MoveInstrId	8	static
motionSystem.c:423:20:MOTION_GetNextInstruction	0	static
motionSystem.c:428:6:MOTION_SetVelocity	136	static
motionSystem.c:64:6:MOTION_Update	56	static
motionSystem.c:480:6:MOTION_inPlaceRotation	32	static
motionSystem.c:510:6:MOTION_CrashDetection	4	static
