sensors.c:39:6:SENSORS_Init	16	static
sensors.c:70:9:SENSORS_test_i2c	24	static
sensors.c:97:6:SENSORS_EncoderUpdateValues	72	static
sensors.c:123:6:SENSORS_vectorsCalc	56	static
sensors.c:181:6:SENSORS_GyroUpdateValues	16	static
sensors.c:196:6:SENSORS_AdcUpdateValues	224	static
sensors.c:78:6:SENSORS_Update	72	static
sensors.c:276:9:SENSORS_irVal2dist	120	static
sensors.c:325:6:SENSORS_irRead	4	static
sensors.c:337:6:SENSORS_AdcCallback	0	static
sensors.c:349:6:SENSORS_EncoderTimCallback	4	static
sensors.c:374:6:SENSOR_FilterAdd	4	static
sensors.c:379:10:SENSOR_FilterGet	8	static
sensors.c:388:6:SENSOR_FilterAddFloat	0	static
sensors.c:393:7:SENSOR_FilterGetFloat	0	static
sensors.c:402:6:SENSOR_FilterResetFloat	0	static
