sensors.c:41:6:SENSORS_Init	16	static
sensors.c:72:9:SENSORS_test_i2c	24	static
sensors.c:99:6:SENSORS_vectorsCalc	64	static
sensors.c:147:6:SENSORS_GyroUpdateValues	16	static
sensors.c:162:6:SENSORS_AdcUpdateValues	224	static
sensors.c:80:6:SENSORS_Update	72	static
sensors.c:242:9:SENSORS_irVal2dist	120	static
sensors.c:291:6:SENSORS_irRead	4	static
sensors.c:303:6:SENSORS_AdcCallback	0	static
sensors.c:315:6:SENSORS_EncoderUpdateValues	72	static
sensors.c:347:6:SENSORS_EncoderTimCallback	4	static
sensors.c:372:6:SENSOR_FilterAdd	4	static
sensors.c:377:10:SENSOR_FilterGet	8	static
sensors.c:386:6:SENSOR_FilterAddFloat	0	static
sensors.c:391:7:SENSOR_FilterGetFloat	0	static
sensors.c:400:6:SENSOR_FilterResetFloat	0	static
