stm32f4xx_it.c:80:6:NMI_Handler	0	static
stm32f4xx_it.c:93:6:HardFault_Handler	0	static
stm32f4xx_it.c:108:6:MemManage_Handler	0	static
stm32f4xx_it.c:123:6:BusFault_Handler	0	static
stm32f4xx_it.c:138:6:UsageFault_Handler	0	static
stm32f4xx_it.c:153:6:SVC_Handler	0	static
stm32f4xx_it.c:166:6:DebugMon_Handler	0	static
stm32f4xx_it.c:179:6:PendSV_Handler	0	static
stm32f4xx_it.c:192:6:SysTick_Handler	0	static
stm32f4xx_it.c:213:6:ADC_IRQHandler	8	static
stm32f4xx_it.c:229:6:TIM1_UP_TIM10_IRQHandler	0	static
stm32f4xx_it.c:243:6:TIM2_IRQHandler	0	static
stm32f4xx_it.c:257:6:TIM3_IRQHandler	0	static
stm32f4xx_it.c:271:6:TIM8_BRK_TIM12_IRQHandler	0	static
stm32f4xx_it.c:285:6:TIM5_IRQHandler	0	static
stm32f4xx_it.c:299:6:DMA2_Stream0_IRQHandler	0	static
stm32f4xx_it.c:313:6:DMA2_Stream1_IRQHandler	0	static
stm32f4xx_it.c:327:6:DMA2_Stream2_IRQHandler	0	static
